Archive member included to satisfy reference by file (symbol)

/Applications/ArmGNUToolchain/12.2.rel1/arm-none-eabi/bin/../lib/gcc/arm-none-eabi/12.2.1/../../../../arm-none-eabi/lib/thumb/v7-m/nofp/libc_nano.a(libc_a-exit.o)
                              /Applications/ArmGNUToolchain/12.2.rel1/arm-none-eabi/bin/../lib/gcc/arm-none-eabi/12.2.1/../../../../arm-none-eabi/lib/thumb/v7-m/nofp/crt0.o (exit)
/Applications/ArmGNUToolchain/12.2.rel1/arm-none-eabi/bin/../lib/gcc/arm-none-eabi/12.2.1/../../../../arm-none-eabi/lib/thumb/v7-m/nofp/libc_nano.a(libc_a-findfp.o)
                              /Applications/ArmGNUToolchain/12.2.rel1/arm-none-eabi/bin/../lib/gcc/arm-none-eabi/12.2.1/../../../../arm-none-eabi/lib/thumb/v7-m/nofp/libc_nano.a(libc_a-exit.o) (__stdio_exit_handler)
/Applications/ArmGNUToolchain/12.2.rel1/arm-none-eabi/bin/../lib/gcc/arm-none-eabi/12.2.1/../../../../arm-none-eabi/lib/thumb/v7-m/nofp/libc_nano.a(libc_a-fwalk.o)
                              /Applications/ArmGNUToolchain/12.2.rel1/arm-none-eabi/bin/../lib/gcc/arm-none-eabi/12.2.1/../../../../arm-none-eabi/lib/thumb/v7-m/nofp/libc_nano.a(libc_a-findfp.o) (_fwalk_sglue)
/Applications/ArmGNUToolchain/12.2.rel1/arm-none-eabi/bin/../lib/gcc/arm-none-eabi/12.2.1/../../../../arm-none-eabi/lib/thumb/v7-m/nofp/libc_nano.a(libc_a-memset.o)
                              /Applications/ArmGNUToolchain/12.2.rel1/arm-none-eabi/bin/../lib/gcc/arm-none-eabi/12.2.1/../../../../arm-none-eabi/lib/thumb/v7-m/nofp/crt0.o (memset)
/Applications/ArmGNUToolchain/12.2.rel1/arm-none-eabi/bin/../lib/gcc/arm-none-eabi/12.2.1/../../../../arm-none-eabi/lib/thumb/v7-m/nofp/libc_nano.a(libc_a-impure.o)
                              /Applications/ArmGNUToolchain/12.2.rel1/arm-none-eabi/bin/../lib/gcc/arm-none-eabi/12.2.1/../../../../arm-none-eabi/lib/thumb/v7-m/nofp/libc_nano.a(libc_a-findfp.o) (_impure_data)
/Applications/ArmGNUToolchain/12.2.rel1/arm-none-eabi/bin/../lib/gcc/arm-none-eabi/12.2.1/../../../../arm-none-eabi/lib/thumb/v7-m/nofp/libc_nano.a(libc_a-init.o)
                              /Applications/ArmGNUToolchain/12.2.rel1/arm-none-eabi/bin/../lib/gcc/arm-none-eabi/12.2.1/../../../../arm-none-eabi/lib/thumb/v7-m/nofp/crt0.o (__libc_init_array)
/Applications/ArmGNUToolchain/12.2.rel1/arm-none-eabi/bin/../lib/gcc/arm-none-eabi/12.2.1/../../../../arm-none-eabi/lib/thumb/v7-m/nofp/libc_nano.a(libc_a-lock.o)
                              /Applications/ArmGNUToolchain/12.2.rel1/arm-none-eabi/bin/../lib/gcc/arm-none-eabi/12.2.1/../../../../arm-none-eabi/lib/thumb/v7-m/nofp/libc_nano.a(libc_a-findfp.o) (__retarget_lock_init_recursive)
/Applications/ArmGNUToolchain/12.2.rel1/arm-none-eabi/bin/../lib/gcc/arm-none-eabi/12.2.1/../../../../arm-none-eabi/lib/thumb/v7-m/nofp/libc_nano.a(libc_a-mallocr.o)
                              /Applications/ArmGNUToolchain/12.2.rel1/arm-none-eabi/bin/../lib/gcc/arm-none-eabi/12.2.1/../../../../arm-none-eabi/lib/thumb/v7-m/nofp/libc_nano.a(libc_a-findfp.o) (_malloc_r)
/Applications/ArmGNUToolchain/12.2.rel1/arm-none-eabi/bin/../lib/gcc/arm-none-eabi/12.2.1/../../../../arm-none-eabi/lib/thumb/v7-m/nofp/libc_nano.a(libc_a-fflush.o)
                              /Applications/ArmGNUToolchain/12.2.rel1/arm-none-eabi/bin/../lib/gcc/arm-none-eabi/12.2.1/../../../../arm-none-eabi/lib/thumb/v7-m/nofp/libc_nano.a(libc_a-findfp.o) (_fflush_r)
/Applications/ArmGNUToolchain/12.2.rel1/arm-none-eabi/bin/../lib/gcc/arm-none-eabi/12.2.1/../../../../arm-none-eabi/lib/thumb/v7-m/nofp/libc_nano.a(libc_a-mlock.o)
                              /Applications/ArmGNUToolchain/12.2.rel1/arm-none-eabi/bin/../lib/gcc/arm-none-eabi/12.2.1/../../../../arm-none-eabi/lib/thumb/v7-m/nofp/libc_nano.a(libc_a-mallocr.o) (__malloc_lock)
/Applications/ArmGNUToolchain/12.2.rel1/arm-none-eabi/bin/../lib/gcc/arm-none-eabi/12.2.1/../../../../arm-none-eabi/lib/thumb/v7-m/nofp/libc_nano.a(libc_a-stdio.o)
                              /Applications/ArmGNUToolchain/12.2.rel1/arm-none-eabi/bin/../lib/gcc/arm-none-eabi/12.2.1/../../../../arm-none-eabi/lib/thumb/v7-m/nofp/libc_nano.a(libc_a-findfp.o) (__sread)
/Applications/ArmGNUToolchain/12.2.rel1/arm-none-eabi/bin/../lib/gcc/arm-none-eabi/12.2.1/../../../../arm-none-eabi/lib/thumb/v7-m/nofp/libc_nano.a(libc_a-closer.o)
                              /Applications/ArmGNUToolchain/12.2.rel1/arm-none-eabi/bin/../lib/gcc/arm-none-eabi/12.2.1/../../../../arm-none-eabi/lib/thumb/v7-m/nofp/libc_nano.a(libc_a-stdio.o) (_close_r)
/Applications/ArmGNUToolchain/12.2.rel1/arm-none-eabi/bin/../lib/gcc/arm-none-eabi/12.2.1/../../../../arm-none-eabi/lib/thumb/v7-m/nofp/libc_nano.a(libc_a-reent.o)
                              /Applications/ArmGNUToolchain/12.2.rel1/arm-none-eabi/bin/../lib/gcc/arm-none-eabi/12.2.1/../../../../arm-none-eabi/lib/thumb/v7-m/nofp/libc_nano.a(libc_a-closer.o) (errno)
[...]
Memory Configuration

Name             Origin             Length             Attributes
RAM              0x0000000020000000 0x0000000000005000 xrw
FLASH            0x0000000008000000 0x0000000000020000 xr
*default*        0x0000000000000000 0xffffffffffffffff

Linker script and memory map

LOAD /Applications/ArmGNUToolchain/12.2.rel1/arm-none-eabi/bin/../lib/gcc/arm-none-eabi/12.2.1/thumb/v7-m/nofp/crti.o
LOAD /Applications/ArmGNUToolchain/12.2.rel1/arm-none-eabi/bin/../lib/gcc/arm-none-eabi/12.2.1/thumb/v7-m/nofp/crtbegin.o
LOAD /Applications/ArmGNUToolchain/12.2.rel1/arm-none-eabi/bin/../lib/gcc/arm-none-eabi/12.2.1/../../../../arm-none-eabi/lib/thumb/v7-m/nofp/crt0.o
LOAD build/main.o
LOAD build/stm32f1xx_it.o
LOAD build/stm32f1xx_hal_msp.o
LOAD build/usb_device.o
LOAD build/usbd_desc.o
LOAD build/usbd_dfu_if.o
LOAD build/usbd_conf.o
LOAD build/stm32f1xx_hal_gpio_ex.o
LOAD build/stm32f1xx_hal_pcd.o
LOAD build/stm32f1xx_hal_pcd_ex.o
LOAD build/stm32f1xx_ll_usb.o
LOAD build/stm32f1xx_hal.o
LOAD build/stm32f1xx_hal_rcc.o
LOAD build/stm32f1xx_hal_rcc_ex.o
LOAD build/stm32f1xx_hal_gpio.o
LOAD build/stm32f1xx_hal_dma.o
LOAD build/stm32f1xx_hal_cortex.o
LOAD build/stm32f1xx_hal_pwr.o
LOAD build/stm32f1xx_hal_flash.o
LOAD build/stm32f1xx_hal_flash_ex.o
LOAD build/stm32f1xx_hal_exti.o
LOAD build/stm32f1xx_hal_tim.o
LOAD build/stm32f1xx_hal_tim_ex.o
LOAD build/stm32f1xx_hal_uart.o
LOAD build/system_stm32f1xx.o
LOAD build/usbd_core.o
LOAD build/usbd_ctlreq.o
LOAD build/usbd_ioreq.o
LOAD build/usbd_dfu.o
LOAD build/gpio.o
LOAD build/usart.o
LOAD build/jumpApp.o
LOAD build/startup_stm32f103xb.o
LOAD /Applications/ArmGNUToolchain/12.2.rel1/arm-none-eabi/bin/../lib/gcc/arm-none-eabi/12.2.1/../../../../arm-none-eabi/lib/thumb/v7-m/nofp/libc_nano.a
LOAD /Applications/ArmGNUToolchain/12.2.rel1/arm-none-eabi/bin/../lib/gcc/arm-none-eabi/12.2.1/../../../../arm-none-eabi/lib/thumb/v7-m/nofp/libm.a
LOAD /Applications/ArmGNUToolchain/12.2.rel1/arm-none-eabi/bin/../lib/gcc/arm-none-eabi/12.2.1/../../../../arm-none-eabi/lib/thumb/v7-m/nofp/libnosys.a
START GROUP
LOAD /Applications/ArmGNUToolchain/12.2.rel1/arm-none-eabi/bin/../lib/gcc/arm-none-eabi/12.2.1/thumb/v7-m/nofp/libgcc.a
LOAD /Applications/ArmGNUToolchain/12.2.rel1/arm-none-eabi/bin/../lib/gcc/arm-none-eabi/12.2.1/../../../../arm-none-eabi/lib/thumb/v7-m/nofp/libc_nano.a
END GROUP
START GROUP
LOAD /Applications/ArmGNUToolchain/12.2.rel1/arm-none-eabi/bin/../lib/gcc/arm-none-eabi/12.2.1/thumb/v7-m/nofp/libgcc.a
LOAD /Applications/ArmGNUToolchain/12.2.rel1/arm-none-eabi/bin/../lib/gcc/arm-none-eabi/12.2.1/../../../../arm-none-eabi/lib/thumb/v7-m/nofp/libc_nano.a
END GROUP
LOAD /Applications/ArmGNUToolchain/12.2.rel1/arm-none-eabi/bin/../lib/gcc/arm-none-eabi/12.2.1/thumb/v7-m/nofp/crtend.o
LOAD /Applications/ArmGNUToolchain/12.2.rel1/arm-none-eabi/bin/../lib/gcc/arm-none-eabi/12.2.1/thumb/v7-m/nofp/crtn.o
                0x0000000020005000                _estack = (ORIGIN (RAM) + LENGTH (RAM))
                0x0000000000000200                _Min_Heap_Size = 0x200
                0x0000000000000400                _Min_Stack_Size = 0x400

.isr_vector     0x0000000008000000      0x10c
                0x0000000008000000                . = ALIGN (0x4)
 *(.isr_vector)
 .isr_vector    0x0000000008000000      0x10c build/startup_stm32f103xb.o
                0x0000000008000000                g_pfnVectors
                0x000000000800010c                . = ALIGN (0x4)

.text           0x000000000800010c     0x4508
                0x000000000800010c                . = ALIGN (0x4)
 *(.text)
 *(.text*)
 .text.deregister_tm_clones
                0x000000000800010c       0x1c /Applications/ArmGNUToolchain/12.2.rel1/arm-none-eabi/bin/../lib/gcc/arm-none-eabi/12.2.1/thumb/v7-m/nofp/crtbegin.o
 .text.register_tm_clones
                0x0000000008000128       0x24 /Applications/ArmGNUToolchain/12.2.rel1/arm-none-eabi/bin/../lib/gcc/arm-none-eabi/12.2.1/thumb/v7-m/nofp/crtbegin.o
 .text.__do_global_dtors_aux
                0x000000000800014c       0x28 /Applications/ArmGNUToolchain/12.2.rel1/arm-none-eabi/bin/../lib/gcc/arm-none-eabi/12.2.1/thumb/v7-m/nofp/crtbegin.o
 .text.frame_dummy
                0x0000000008000174       0x24 /Applications/ArmGNUToolchain/12.2.rel1/arm-none-eabi/bin/../lib/gcc/arm-none-eabi/12.2.1/thumb/v7-m/nofp/crtbegin.o
 .text.Error_Handler
                0x0000000008000198        0x4 build/main.o
                0x0000000008000198                Error_Handler
 .text.SystemClock_Config
                0x000000000800019c       0x82 build/main.o
                0x000000000800019c                SystemClock_Config
 *fill*         0x000000000800021e        0x2 
 .text.main     0x0000000008000220       0x44 build/main.o
                0x0000000008000220                main
 .text.NMI_Handler
                0x0000000008000264        0x2 build/stm32f1xx_it.o
                0x0000000008000264                NMI_Handler
 .text.HardFault_Handler
                0x0000000008000266        0x2 build/stm32f1xx_it.o
                0x0000000008000266                HardFault_Handler
 .text.MemManage_Handler
                0x0000000008000268        0x2 build/stm32f1xx_it.o
                0x0000000008000268                MemManage_Handler
 .text.BusFault_Handler
                0x000000000800026a        0x2 build/stm32f1xx_it.o
                0x000000000800026a                BusFault_Handler
 .text.UsageFault_Handler
                0x000000000800026c        0x2 build/stm32f1xx_it.o
                0x000000000800026c                UsageFault_Handler
 .text.SVC_Handler
                0x000000000800026e        0x2 build/stm32f1xx_it.o
                0x000000000800026e                SVC_Handler
 .text.DebugMon_Handler
                0x0000000008000270        0x2 build/stm32f1xx_it.o
                0x0000000008000270                DebugMon_Handler
 .text.PendSV_Handler
                0x0000000008000272        0x2 build/stm32f1xx_it.o
                0x0000000008000272                PendSV_Handler
 .text.SysTick_Handler
                0x0000000008000274        0x8 build/stm32f1xx_it.o
                0x0000000008000274                SysTick_Handler
 .text.USB_LP_CAN1_RX0_IRQHandler
                0x000000000800027c       0x10 build/stm32f1xx_it.o
                0x000000000800027c                USB_LP_CAN1_RX0_IRQHandler
 .text.HAL_MspInit
                0x000000000800028c       0x44 build/stm32f1xx_hal_msp.o
                0x000000000800028c                HAL_MspInit
 .text.MX_USB_DEVICE_Init
                0x00000000080002d0       0x54 build/usb_device.o
                0x00000000080002d0                MX_USB_DEVICE_Init
 .text.USBD_FS_DeviceDescriptor
                0x0000000008000324        0xc build/usbd_desc.o
                0x0000000008000324                USBD_FS_DeviceDescriptor
 .text.USBD_FS_LangIDStrDescriptor
                0x0000000008000330        0xc build/usbd_desc.o
                0x0000000008000330                USBD_FS_LangIDStrDescriptor
 .text.IntToUnicode
                0x000000000800033c       0x46 build/usbd_desc.o
 *fill*         0x0000000008000382        0x2 
 .text.Get_SerialNum
                0x0000000008000384       0x38 build/usbd_desc.o
 .text.USBD_FS_SerialStrDescriptor
                0x00000000080003bc       0x14 build/usbd_desc.o
                0x00000000080003bc                USBD_FS_SerialStrDescriptor
 .text.USBD_FS_ProductStrDescriptor
                0x00000000080003d0       0x24 build/usbd_desc.o
                0x00000000080003d0                USBD_FS_ProductStrDescriptor
 .text.USBD_FS_ManufacturerStrDescriptor
                0x00000000080003f4       0x1c build/usbd_desc.o
                0x00000000080003f4                USBD_FS_ManufacturerStrDescriptor
 .text.USBD_FS_ConfigStrDescriptor
                0x0000000008000410       0x24 build/usbd_desc.o
                0x0000000008000410                USBD_FS_ConfigStrDescriptor
 .text.USBD_FS_InterfaceStrDescriptor
                0x0000000008000434       0x24 build/usbd_desc.o
                0x0000000008000434                USBD_FS_InterfaceStrDescriptor
 .text.MEM_If_Read_FS
                0x0000000008000458       0x24 build/usbd_dfu_if.o
 .text.MEM_If_GetStatus_FS
                0x000000000800047c       0x1e build/usbd_dfu_if.o
 .text.MEM_If_Write_FS
                0x000000000800049a       0x34 build/usbd_dfu_if.o
 .text.MEM_If_Erase_FS
                0x00000000080004ce       0x22 build/usbd_dfu_if.o
 .text.MEM_If_DeInit_FS
                0x00000000080004f0        0xa build/usbd_dfu_if.o
 .text.MEM_If_Init_FS
                0x00000000080004fa        0xa build/usbd_dfu_if.o
 .text.USBD_Get_USB_Status
                0x0000000008000504       0x14 build/usbd_conf.o
 .text.HAL_PCD_MspInit
                0x0000000008000518       0x40 build/usbd_conf.o
                0x0000000008000518                HAL_PCD_MspInit
 .text.HAL_PCD_SetupStageCallback
                0x0000000008000558       0x10 build/usbd_conf.o
                0x0000000008000558                HAL_PCD_SetupStageCallback
 .text.HAL_PCD_DataOutStageCallback
                0x0000000008000568       0x18 build/usbd_conf.o
                0x0000000008000568                HAL_PCD_DataOutStageCallback
 .text.HAL_PCD_DataInStageCallback
                0x0000000008000580       0x16 build/usbd_conf.o
                0x0000000008000580                HAL_PCD_DataInStageCallback
 .text.HAL_PCD_SOFCallback
                0x0000000008000596        0xc build/usbd_conf.o
                0x0000000008000596                HAL_PCD_SOFCallback
 .text.HAL_PCD_ResetCallback
                0x00000000080005a2       0x24 build/usbd_conf.o
                0x00000000080005a2                HAL_PCD_ResetCallback
 *fill*         0x00000000080005c6        0x2 
 .text.HAL_PCD_SuspendCallback
                0x00000000080005c8       0x20 build/usbd_conf.o
                0x00000000080005c8                HAL_PCD_SuspendCallback
 .text.HAL_PCD_ResumeCallback
                0x00000000080005e8        0xc build/usbd_conf.o
                0x00000000080005e8                HAL_PCD_ResumeCallback
 .text.USBD_LL_Init
                0x00000000080005f4       0x58 build/usbd_conf.o
                0x00000000080005f4                USBD_LL_Init
 .text.USBD_LL_Start
                0x000000000800064c       0x10 build/usbd_conf.o
                0x000000000800064c                USBD_LL_Start
 .text.USBD_LL_Stop
                0x000000000800065c       0x10 build/usbd_conf.o
                0x000000000800065c                USBD_LL_Stop
 .text.USBD_LL_OpenEP
                0x000000000800066c       0x16 build/usbd_conf.o
                0x000000000800066c                USBD_LL_OpenEP
 .text.USBD_LL_StallEP
                0x0000000008000682       0x10 build/usbd_conf.o
                0x0000000008000682                USBD_LL_StallEP
 .text.USBD_LL_ClearStallEP
                0x0000000008000692       0x10 build/usbd_conf.o
                0x0000000008000692                USBD_LL_ClearStallEP
 .text.USBD_LL_IsStallEP
                0x00000000080006a2       0x2e build/usbd_conf.o
                0x00000000080006a2                USBD_LL_IsStallEP
 .text.USBD_LL_SetUSBAddress
                0x00000000080006d0       0x10 build/usbd_conf.o
                0x00000000080006d0                USBD_LL_SetUSBAddress
 .text.USBD_LL_Transmit
                0x00000000080006e0       0x10 build/usbd_conf.o
                0x00000000080006e0                USBD_LL_Transmit
 .text.USBD_LL_PrepareReceive
                0x00000000080006f0       0x10 build/usbd_conf.o
                0x00000000080006f0                USBD_LL_PrepareReceive
 .text.USBD_static_malloc
                0x0000000008000700        0x8 build/usbd_conf.o
                0x0000000008000700                USBD_static_malloc
 .text.USBD_static_free
                0x0000000008000708        0x2 build/usbd_conf.o
                0x0000000008000708                USBD_static_free
 .text.HAL_PCDEx_SetConnectionState
                0x000000000800070a        0x2 build/usbd_conf.o
                0x000000000800070a                HAL_PCDEx_SetConnectionState
 .text.HAL_PCD_EP_DB_Receive
                0x000000000800070c      0x11c build/stm32f1xx_hal_pcd.o
 .text.HAL_PCD_Init
                0x0000000008000828      0x110 build/stm32f1xx_hal_pcd.o
                0x0000000008000828                HAL_PCD_Init
 .text.HAL_PCD_Start
                0x0000000008000938       0x32 build/stm32f1xx_hal_pcd.o
                0x0000000008000938                HAL_PCD_Start
 .text.HAL_PCD_Stop
                0x000000000800096a       0x32 build/stm32f1xx_hal_pcd.o
                0x000000000800096a                HAL_PCD_Stop
 .text.HAL_PCD_EP_DB_Transmit
                0x000000000800099c      0x424 build/stm32f1xx_hal_pcd.o
 .text.PCD_EP_ISR_Handler
                0x0000000008000dc0      0x53e build/stm32f1xx_hal_pcd.o
 .text.HAL_PCD_SetAddress
                0x00000000080012fe       0x28 build/stm32f1xx_hal_pcd.o
                0x00000000080012fe                HAL_PCD_SetAddress
 .text.HAL_PCD_IRQHandler
                0x0000000008001326      0x1b0 build/stm32f1xx_hal_pcd.o
                0x0000000008001326                HAL_PCD_IRQHandler
 .text.HAL_PCD_EP_Open
                0x00000000080014d6       0x7c build/stm32f1xx_hal_pcd.o
                0x00000000080014d6                HAL_PCD_EP_Open
 .text.HAL_PCD_EP_Receive
                0x0000000008001552       0x3a build/stm32f1xx_hal_pcd.o
                0x0000000008001552                HAL_PCD_EP_Receive
 .text.HAL_PCD_EP_Transmit
                0x000000000800158c       0x44 build/stm32f1xx_hal_pcd.o
                0x000000000800158c                HAL_PCD_EP_Transmit
 .text.HAL_PCD_EP_SetStall
                0x00000000080015d0       0x78 build/stm32f1xx_hal_pcd.o
                0x00000000080015d0                HAL_PCD_EP_SetStall
 .text.HAL_PCD_EP_ClrStall
                0x0000000008001648       0x76 build/stm32f1xx_hal_pcd.o
                0x0000000008001648                HAL_PCD_EP_ClrStall
 .text.HAL_PCDEx_PMAConfig
                0x00000000080016be       0x38 build/stm32f1xx_hal_pcd_ex.o
                0x00000000080016be                HAL_PCDEx_PMAConfig
 .text.USB_CoreInit
                0x00000000080016f6        0xe build/stm32f1xx_ll_usb.o
                0x00000000080016f6                USB_CoreInit
 .text.USB_EnableGlobalInt
                0x0000000008001704       0x12 build/stm32f1xx_ll_usb.o
                0x0000000008001704                USB_EnableGlobalInt
 .text.USB_DisableGlobalInt
                0x0000000008001716       0x14 build/stm32f1xx_ll_usb.o
                0x0000000008001716                USB_DisableGlobalInt
 .text.USB_SetCurrentMode
                0x000000000800172a        0x4 build/stm32f1xx_ll_usb.o
                0x000000000800172a                USB_SetCurrentMode
 .text.USB_DevInit
                0x000000000800172e       0x22 build/stm32f1xx_ll_usb.o
                0x000000000800172e                USB_DevInit
 .text.USB_ActivateEndpoint
                0x0000000008001750      0x3ca build/stm32f1xx_ll_usb.o
                0x0000000008001750                USB_ActivateEndpoint
 .text.USB_EPSetStall
                0x0000000008001b1a       0x4a build/stm32f1xx_ll_usb.o
                0x0000000008001b1a                USB_EPSetStall
 .text.USB_EPClearStall
                0x0000000008001b64       0xa2 build/stm32f1xx_ll_usb.o
                0x0000000008001b64                USB_EPClearStall
 .text.USB_SetDevAddress
                0x0000000008001c06        0xc build/stm32f1xx_ll_usb.o
                0x0000000008001c06                USB_SetDevAddress
 .text.USB_DevConnect
                0x0000000008001c12        0x4 build/stm32f1xx_ll_usb.o
                0x0000000008001c12                USB_DevConnect
 .text.USB_DevDisconnect
                0x0000000008001c16        0x4 build/stm32f1xx_ll_usb.o
                0x0000000008001c16                USB_DevDisconnect
 .text.USB_ReadInterrupts
                0x0000000008001c1a        0x8 build/stm32f1xx_ll_usb.o
                0x0000000008001c1a                USB_ReadInterrupts
 .text.USB_EP0_OutStart
                0x0000000008001c22        0x4 build/stm32f1xx_ll_usb.o
                0x0000000008001c22                USB_EP0_OutStart
 .text.USB_WritePMA
                0x0000000008001c26       0x26 build/stm32f1xx_ll_usb.o
                0x0000000008001c26                USB_WritePMA
 .text.USB_EPStartXfer
                0x0000000008001c4c      0x7ce build/stm32f1xx_ll_usb.o
                0x0000000008001c4c                USB_EPStartXfer
 .text.USB_ReadPMA
                0x000000000800241a       0x30 build/stm32f1xx_ll_usb.o
                0x000000000800241a                USB_ReadPMA
 *fill*         0x000000000800244a        0x2 
 .text.HAL_InitTick
                0x000000000800244c       0x4c build/stm32f1xx_hal.o
                0x000000000800244c                HAL_InitTick
 .text.HAL_Init
                0x0000000008002498       0x24 build/stm32f1xx_hal.o
                0x0000000008002498                HAL_Init
 .text.HAL_IncTick
                0x00000000080024bc       0x18 build/stm32f1xx_hal.o
                0x00000000080024bc                HAL_IncTick
 .text.HAL_GetTick
                0x00000000080024d4        0xc build/stm32f1xx_hal.o
                0x00000000080024d4                HAL_GetTick
 .text.HAL_Delay
                0x00000000080024e0       0x28 build/stm32f1xx_hal.o
                0x00000000080024e0                HAL_Delay
 .text.RCC_Delay
                0x0000000008002508       0x2c build/stm32f1xx_hal_rcc.o
 .text.HAL_RCC_OscConfig
                0x0000000008002534      0x410 build/stm32f1xx_hal_rcc.o
                0x0000000008002534                HAL_RCC_OscConfig
 .text.HAL_RCC_GetSysClockFreq
                0x0000000008002944       0x54 build/stm32f1xx_hal_rcc.o
                0x0000000008002944                HAL_RCC_GetSysClockFreq
 .text.HAL_RCC_ClockConfig
                0x0000000008002998      0x16c build/stm32f1xx_hal_rcc.o
                0x0000000008002998                HAL_RCC_ClockConfig
 .text.HAL_RCC_GetHCLKFreq
                0x0000000008002b04        0xc build/stm32f1xx_hal_rcc.o
                0x0000000008002b04                HAL_RCC_GetHCLKFreq
 .text.HAL_RCC_GetPCLK1Freq
                0x0000000008002b10       0x20 build/stm32f1xx_hal_rcc.o
                0x0000000008002b10                HAL_RCC_GetPCLK1Freq
 .text.HAL_RCC_GetPCLK2Freq
                0x0000000008002b30       0x20 build/stm32f1xx_hal_rcc.o
                0x0000000008002b30                HAL_RCC_GetPCLK2Freq
 .text.HAL_RCCEx_PeriphCLKConfig
                0x0000000008002b50      0x118 build/stm32f1xx_hal_rcc_ex.o
                0x0000000008002b50                HAL_RCCEx_PeriphCLKConfig
 .text.HAL_GPIO_Init
                0x0000000008002c68      0x21c build/stm32f1xx_hal_gpio.o
                0x0000000008002c68                HAL_GPIO_Init
 .text.HAL_GPIO_WritePin
                0x0000000008002e84        0xc build/stm32f1xx_hal_gpio.o
                0x0000000008002e84                HAL_GPIO_WritePin
 .text.__NVIC_SetPriority
                0x0000000008002e90       0x28 build/stm32f1xx_hal_cortex.o
 .text.NVIC_EncodePriority
                0x0000000008002eb8       0x3e build/stm32f1xx_hal_cortex.o
 *fill*         0x0000000008002ef6        0x2 
 .text.HAL_NVIC_SetPriorityGrouping
                0x0000000008002ef8       0x24 build/stm32f1xx_hal_cortex.o
                0x0000000008002ef8                HAL_NVIC_SetPriorityGrouping
 .text.HAL_NVIC_SetPriority
                0x0000000008002f1c       0x20 build/stm32f1xx_hal_cortex.o
                0x0000000008002f1c                HAL_NVIC_SetPriority
 .text.HAL_NVIC_EnableIRQ
                0x0000000008002f3c       0x1c build/stm32f1xx_hal_cortex.o
                0x0000000008002f3c                HAL_NVIC_EnableIRQ
 .text.HAL_SYSTICK_Config
                0x0000000008002f58       0x28 build/stm32f1xx_hal_cortex.o
                0x0000000008002f58                HAL_SYSTICK_Config
 .text.FLASH_Program_HalfWord
                0x0000000008002f80       0x1c build/stm32f1xx_hal_flash.o
 .text.FLASH_SetErrorCode
                0x0000000008002f9c       0x70 build/stm32f1xx_hal_flash.o
 .text.HAL_FLASH_Unlock
                0x000000000800300c       0x34 build/stm32f1xx_hal_flash.o
                0x000000000800300c                HAL_FLASH_Unlock
 .text.HAL_FLASH_Lock
                0x0000000008003040       0x14 build/stm32f1xx_hal_flash.o
                0x0000000008003040                HAL_FLASH_Lock
 .text.FLASH_WaitForLastOperation
                0x0000000008003054       0x68 build/stm32f1xx_hal_flash.o
                0x0000000008003054                FLASH_WaitForLastOperation
 .text.HAL_FLASH_Program
                0x00000000080030bc       0xa0 build/stm32f1xx_hal_flash.o
                0x00000000080030bc                HAL_FLASH_Program
 .text.FLASH_MassErase
                0x000000000800315c       0x24 build/stm32f1xx_hal_flash_ex.o
 .text.FLASH_PageErase
                0x0000000008003180       0x24 build/stm32f1xx_hal_flash_ex.o
                0x0000000008003180                FLASH_PageErase
 .text.HAL_FLASHEx_Erase
                0x00000000080031a4       0xa4 build/stm32f1xx_hal_flash_ex.o
                0x00000000080031a4                HAL_FLASHEx_Erase
 .text.UART_SetConfig
                0x0000000008003248       0x94 build/stm32f1xx_hal_uart.o
 .text.HAL_UART_Init
                0x00000000080032dc       0x60 build/stm32f1xx_hal_uart.o
                0x00000000080032dc                HAL_UART_Init
 .text.SystemInit
                0x000000000800333c        0x2 build/system_stm32f1xx.o
                0x000000000800333c                SystemInit
 .text.USBD_Init
                0x000000000800333e       0x2e build/usbd_core.o
                0x000000000800333e                USBD_Init
 .text.USBD_RegisterClass
                0x000000000800336c        0xe build/usbd_core.o
                0x000000000800336c                USBD_RegisterClass
 .text.USBD_Start
                0x000000000800337a        0xa build/usbd_core.o
                0x000000000800337a                USBD_Start
 .text.USBD_Stop
                0x0000000008003384       0x18 build/usbd_core.o
                0x0000000008003384                USBD_Stop
 .text.USBD_SetClassConfig
                0x000000000800339c       0x18 build/usbd_core.o
                0x000000000800339c                USBD_SetClassConfig
 .text.USBD_ClrClassConfig
                0x00000000080033b4        0xe build/usbd_core.o
                0x00000000080033b4                USBD_ClrClassConfig
 .text.USBD_LL_SetupStage
                0x00000000080033c2       0x5a build/usbd_core.o
                0x00000000080033c2                USBD_LL_SetupStage
 .text.USBD_LL_DataOutStage
                0x000000000800341c       0x8c build/usbd_core.o
                0x000000000800341c                USBD_LL_DataOutStage
 .text.USBD_LL_DataInStage
                0x00000000080034a8       0xd0 build/usbd_core.o
                0x00000000080034a8                USBD_LL_DataInStage
 .text.USBD_LL_Reset
                0x0000000008003578       0x50 build/usbd_core.o
                0x0000000008003578                USBD_LL_Reset
 .text.USBD_LL_SetSpeed
                0x00000000080035c8        0x6 build/usbd_core.o
                0x00000000080035c8                USBD_LL_SetSpeed
 .text.USBD_LL_Suspend
                0x00000000080035ce       0x12 build/usbd_core.o
                0x00000000080035ce                USBD_LL_Suspend
 .text.USBD_LL_Resume
                0x00000000080035e0       0x16 build/usbd_core.o
                0x00000000080035e0                USBD_LL_Resume
 .text.USBD_LL_SOF
                0x00000000080035f6       0x1c build/usbd_core.o
                0x00000000080035f6                USBD_LL_SOF
 .text.USBD_GetLen
                0x0000000008003612       0x14 build/usbd_ctlreq.o
 .text.USBD_SetFeature
                0x0000000008003626       0x14 build/usbd_ctlreq.o
 .text.USBD_ParseSetupRequest
                0x000000000800363a       0x28 build/usbd_ctlreq.o
                0x000000000800363a                USBD_ParseSetupRequest
 .text.USBD_CtlError
                0x0000000008003662       0x14 build/usbd_ctlreq.o
                0x0000000008003662                USBD_CtlError
 .text.USBD_GetDescriptor
                0x0000000008003676      0x196 build/usbd_ctlreq.o
 .text.USBD_SetAddress
                0x000000000800380c       0x4e build/usbd_ctlreq.o
 *fill*         0x000000000800385a        0x2 
 .text.USBD_SetConfig
                0x000000000800385c       0xb0 build/usbd_ctlreq.o
 .text.USBD_GetConfig
                0x000000000800390c       0x3e build/usbd_ctlreq.o
 .text.USBD_GetStatus
                0x000000000800394a       0x38 build/usbd_ctlreq.o
 .text.USBD_ClrFeature
                0x0000000008003982       0x26 build/usbd_ctlreq.o
 .text.USBD_StdDevReq
                0x00000000080039a8       0x68 build/usbd_ctlreq.o
                0x00000000080039a8                USBD_StdDevReq
 .text.USBD_StdItfReq
                0x0000000008003a10       0x60 build/usbd_ctlreq.o
                0x0000000008003a10                USBD_StdItfReq
 .text.USBD_StdEPReq
                0x0000000008003a70      0x1e2 build/usbd_ctlreq.o
                0x0000000008003a70                USBD_StdEPReq
 .text.USBD_GetString
                0x0000000008003c52       0x3a build/usbd_ctlreq.o
                0x0000000008003c52                USBD_GetString
 .text.USBD_CtlSendData
                0x0000000008003c8c       0x1a build/usbd_ioreq.o
                0x0000000008003c8c                USBD_CtlSendData
 .text.USBD_CtlContinueSendData
                0x0000000008003ca6       0x10 build/usbd_ioreq.o
                0x0000000008003ca6                USBD_CtlContinueSendData
 .text.USBD_CtlPrepareRx
                0x0000000008003cb6       0x1e build/usbd_ioreq.o
                0x0000000008003cb6                USBD_CtlPrepareRx
 .text.USBD_CtlContinueRx
                0x0000000008003cd4       0x10 build/usbd_ioreq.o
                0x0000000008003cd4                USBD_CtlContinueRx
 .text.USBD_CtlSendStatus
                0x0000000008003ce4       0x16 build/usbd_ioreq.o
                0x0000000008003ce4                USBD_CtlSendStatus
 .text.USBD_CtlReceiveStatus
                0x0000000008003cfa       0x16 build/usbd_ioreq.o
                0x0000000008003cfa                USBD_CtlReceiveStatus
 .text.__NVIC_SystemReset
                0x0000000008003d10       0x24 build/usbd_dfu.o
 .text.USBD_DFU_GetCfgDesc
                0x0000000008003d34        0xc build/usbd_dfu.o
 .text.USBD_DFU_DataIn
                0x0000000008003d40        0x4 build/usbd_dfu.o
 .text.USBD_DFU_EP0_RxReady
                0x0000000008003d44        0x4 build/usbd_dfu.o
 .text.USBD_DFU_SOF
                0x0000000008003d48        0x4 build/usbd_dfu.o
 .text.USBD_DFU_IsoINIncomplete
                0x0000000008003d4c        0x4 build/usbd_dfu.o
 .text.USBD_DFU_IsoOutIncomplete
                0x0000000008003d50        0x4 build/usbd_dfu.o
 .text.USBD_DFU_DataOut
                0x0000000008003d54        0x4 build/usbd_dfu.o
 .text.USBD_DFU_GetDeviceQualifierDesc
                0x0000000008003d58        0xc build/usbd_dfu.o
 .text.DFU_ClearStatus
                0x0000000008003d64       0x52 build/usbd_dfu.o
 .text.DFU_Abort
                0x0000000008003db6       0x46 build/usbd_dfu.o
 .text.USBD_DFU_GetUsrStringDesc
                0x0000000008003dfc       0x20 build/usbd_dfu.o
 .text.DFU_Leave
                0x0000000008003e1c       0x60 build/usbd_dfu.o
 .text.USBD_DFU_EP0_TxReady
                0x0000000008003e7c      0x108 build/usbd_dfu.o
 .text.DFU_Upload
                0x0000000008003f84       0xe6 build/usbd_dfu.o
 *fill*         0x000000000800406a        0x2 
 .text.DFU_GetStatus
                0x000000000800406c       0xe0 build/usbd_dfu.o
 .text.DFU_GetState
                0x000000000800414c       0x12 build/usbd_dfu.o
 .text.DFU_Download
                0x000000000800415e       0x6c build/usbd_dfu.o
 *fill*         0x00000000080041ca        0x2 
 .text.DFU_Detach
                0x00000000080041cc       0x6c build/usbd_dfu.o
 .text.USBD_DFU_Setup
                0x0000000008004238      0x114 build/usbd_dfu.o
 .text.USBD_DFU_DeInit
                0x000000000800434c       0x44 build/usbd_dfu.o
 .text.USBD_DFU_Init
                0x0000000008004390       0x60 build/usbd_dfu.o
 .text.USBD_DFU_RegisterMedia
                0x00000000080043f0        0xa build/usbd_dfu.o
                0x00000000080043f0                USBD_DFU_RegisterMedia
 *fill*         0x00000000080043fa        0x2 
 .text.MX_GPIO_Init
                0x00000000080043fc       0x98 build/gpio.o
                0x00000000080043fc                MX_GPIO_Init
 .text.MX_USART1_UART_Init
                0x0000000008004494       0x34 build/usart.o
                0x0000000008004494                MX_USART1_UART_Init
 .text.HAL_UART_MspInit
                0x00000000080044c8       0x78 build/usart.o
                0x00000000080044c8                HAL_UART_MspInit
 .text.JumpApp  0x0000000008004540       0x18 build/jumpApp.o
                0x0000000008004540                JumpApp
 .text.Reset_Handler
                0x0000000008004558       0x48 build/startup_stm32f103xb.o
                0x0000000008004558                Reset_Handler
 .text.Default_Handler
                0x00000000080045a0        0x2 build/startup_stm32f103xb.o
                0x00000000080045a0                USBWakeUp_IRQHandler
                0x00000000080045a0                EXTI2_IRQHandler
                0x00000000080045a0                TIM1_CC_IRQHandler
                0x00000000080045a0                PVD_IRQHandler
                0x00000000080045a0                EXTI3_IRQHandler
                0x00000000080045a0                EXTI0_IRQHandler
                0x00000000080045a0                I2C2_EV_IRQHandler
                0x00000000080045a0                ADC1_2_IRQHandler
                0x00000000080045a0                SPI1_IRQHandler
                0x00000000080045a0                TAMPER_IRQHandler
                0x00000000080045a0                DMA1_Channel4_IRQHandler
                0x00000000080045a0                USART3_IRQHandler
                0x00000000080045a0                RTC_IRQHandler
                0x00000000080045a0                DMA1_Channel7_IRQHandler
                0x00000000080045a0                CAN1_RX1_IRQHandler
                0x00000000080045a0                TIM4_IRQHandler
                0x00000000080045a0                I2C1_EV_IRQHandler
                0x00000000080045a0                DMA1_Channel6_IRQHandler
                0x00000000080045a0                TIM3_IRQHandler
                0x00000000080045a0                RCC_IRQHandler
                0x00000000080045a0                TIM1_TRG_COM_IRQHandler
                0x00000000080045a0                DMA1_Channel1_IRQHandler
                0x00000000080045a0                Default_Handler
                0x00000000080045a0                EXTI15_10_IRQHandler
                0x00000000080045a0                EXTI9_5_IRQHandler
                0x00000000080045a0                SPI2_IRQHandler
                0x00000000080045a0                DMA1_Channel5_IRQHandler
                0x00000000080045a0                EXTI4_IRQHandler
                0x00000000080045a0                USB_HP_CAN1_TX_IRQHandler
                0x00000000080045a0                DMA1_Channel3_IRQHandler
                0x00000000080045a0                TIM1_UP_IRQHandler
                0x00000000080045a0                WWDG_IRQHandler
                0x00000000080045a0                TIM2_IRQHandler
                0x00000000080045a0                TIM1_BRK_IRQHandler
                0x00000000080045a0                EXTI1_IRQHandler
                0x00000000080045a0                USART2_IRQHandler
                0x00000000080045a0                I2C2_ER_IRQHandler
                0x00000000080045a0                DMA1_Channel2_IRQHandler
                0x00000000080045a0                CAN1_SCE_IRQHandler
                0x00000000080045a0                FLASH_IRQHandler
                0x00000000080045a0                USART1_IRQHandler
                0x00000000080045a0                I2C1_ER_IRQHandler
                0x00000000080045a0                RTC_Alarm_IRQHandler
 .text.memset   0x00000000080045a2       0x10 /Applications/ArmGNUToolchain/12.2.rel1/arm-none-eabi/bin/../lib/gcc/arm-none-eabi/12.2.1/../../../../arm-none-eabi/lib/thumb/v7-m/nofp/libc_nano.a(libc_a-memset.o)
                0x00000000080045a2                memset
 *fill*         0x00000000080045b2        0x2 
 .text.__libc_init_array
                0x00000000080045b4       0x48 /Applications/ArmGNUToolchain/12.2.rel1/arm-none-eabi/bin/../lib/gcc/arm-none-eabi/12.2.1/../../../../arm-none-eabi/lib/thumb/v7-m/nofp/libc_nano.a(libc_a-init.o)
                0x00000000080045b4                __libc_init_array
 *(.glue_7)
 .glue_7        0x00000000080045fc        0x0 linker stubs
 *(.glue_7t)
 .glue_7t       0x00000000080045fc        0x0 linker stubs
 *(.eh_frame)
 .eh_frame      0x00000000080045fc        0x0 /Applications/ArmGNUToolchain/12.2.rel1/arm-none-eabi/bin/../lib/gcc/arm-none-eabi/12.2.1/thumb/v7-m/nofp/crtbegin.o
 *(.init)
 .init          0x00000000080045fc        0x4 /Applications/ArmGNUToolchain/12.2.rel1/arm-none-eabi/bin/../lib/gcc/arm-none-eabi/12.2.1/thumb/v7-m/nofp/crti.o
                0x00000000080045fc                _init
 .init          0x0000000008004600        0x8 /Applications/ArmGNUToolchain/12.2.rel1/arm-none-eabi/bin/../lib/gcc/arm-none-eabi/12.2.1/thumb/v7-m/nofp/crtn.o
 *(.fini)
 .fini          0x0000000008004608        0x4 /Applications/ArmGNUToolchain/12.2.rel1/arm-none-eabi/bin/../lib/gcc/arm-none-eabi/12.2.1/thumb/v7-m/nofp/crti.o
                0x0000000008004608                _fini
 .fini          0x000000000800460c        0x8 /Applications/ArmGNUToolchain/12.2.rel1/arm-none-eabi/bin/../lib/gcc/arm-none-eabi/12.2.1/thumb/v7-m/nofp/crtn.o
                0x0000000008004614                . = ALIGN (0x4)
                0x0000000008004614                _etext = .

.vfp11_veneer   0x0000000008004614        0x0
 .vfp11_veneer  0x0000000008004614        0x0 linker stubs

.v4_bx          0x0000000008004614        0x0
 .v4_bx         0x0000000008004614        0x0 linker stubs

.iplt           0x0000000008004614        0x0
 .iplt          0x0000000008004614        0x0 /Applications/ArmGNUToolchain/12.2.rel1/arm-none-eabi/bin/../lib/gcc/arm-none-eabi/12.2.1/thumb/v7-m/nofp/crtbegin.o

.rodata         0x0000000008004614       0xdc
                0x0000000008004614                . = ALIGN (0x4)
 *(.rodata)
 *(.rodata*)
 .rodata.USBD_FS_ProductStrDescriptor.str1.4
                0x0000000008004614       0x1f build/usbd_desc.o
 *fill*         0x0000000008004633        0x1 
 .rodata.USBD_FS_ManufacturerStrDescriptor.str1.4
                0x0000000008004634       0x13 build/usbd_desc.o
 *fill*         0x0000000008004647        0x1 
 .rodata.USBD_FS_ConfigStrDescriptor.str1.4
                0x0000000008004648        0xb build/usbd_desc.o
 *fill*         0x0000000008004653        0x1 
 .rodata.USBD_FS_InterfaceStrDescriptor.str1.4
                0x0000000008004654        0xe build/usbd_desc.o
 *fill*         0x0000000008004662        0x2 
 .rodata.str1.4
                0x0000000008004664       0x5d build/usbd_dfu_if.o
 *fill*         0x00000000080046c1        0x3 
 .rodata.aPredivFactorTable.0
                0x00000000080046c4        0x2 build/stm32f1xx_hal_rcc.o
 *fill*         0x00000000080046c6        0x2 
 .rodata.aPLLMULFactorTable.1
                0x00000000080046c8       0x10 build/stm32f1xx_hal_rcc.o
 .rodata.APBPrescTable
                0x00000000080046d8        0x8 build/system_stm32f1xx.o
                0x00000000080046d8                APBPrescTable
 .rodata.AHBPrescTable
                0x00000000080046e0       0x10 build/system_stm32f1xx.o
                0x00000000080046e0                AHBPrescTable
                0x00000000080046f0                . = ALIGN (0x4)

.rel.dyn        0x00000000080046f0        0x0
 .rel.iplt      0x00000000080046f0        0x0 /Applications/ArmGNUToolchain/12.2.rel1/arm-none-eabi/bin/../lib/gcc/arm-none-eabi/12.2.1/thumb/v7-m/nofp/crtbegin.o

.ARM.extab
 *(.ARM.extab* .gnu.linkonce.armextab.*)

.ARM            0x00000000080046f0        0x0
                0x00000000080046f0                __exidx_start = .
 *(.ARM.exidx*)
                0x00000000080046f0                __exidx_end = .

.preinit_array  0x00000000080046f0        0x0
                0x00000000080046f0                PROVIDE (__preinit_array_start = .)
 *(.preinit_array*)
                0x00000000080046f0                PROVIDE (__preinit_array_end = .)

.init_array     0x00000000080046f0        0x4
                0x00000000080046f0                PROVIDE (__init_array_start = .)
 *(SORT_BY_NAME(.init_array.*))
 *(.init_array*)
 .init_array    0x00000000080046f0        0x4 /Applications/ArmGNUToolchain/12.2.rel1/arm-none-eabi/bin/../lib/gcc/arm-none-eabi/12.2.1/thumb/v7-m/nofp/crtbegin.o
                0x00000000080046f4                PROVIDE (__init_array_end = .)

.fini_array     0x00000000080046f4        0x4
                [!provide]                        PROVIDE (__fini_array_start = .)
 *(SORT_BY_NAME(.fini_array.*))
 *(.fini_array*)
 .fini_array    0x00000000080046f4        0x4 /Applications/ArmGNUToolchain/12.2.rel1/arm-none-eabi/bin/../lib/gcc/arm-none-eabi/12.2.1/thumb/v7-m/nofp/crtbegin.o
                [!provide]                        PROVIDE (__fini_array_end = .)
                0x00000000080046f8                _sidata = LOADADDR (.data)

.data           0x0000000020000000       0xdc load address 0x00000000080046f8
                0x0000000020000000                . = ALIGN (0x4)
                0x0000000020000000                _sdata = .
 *(.data)
 *(.data*)
 .data.USBD_StringSerial
                0x0000000020000000       0x1a build/usbd_desc.o
                0x0000000020000000                USBD_StringSerial
 *fill*         0x000000002000001a        0x2 
 .data.USBD_LangIDDesc
                0x000000002000001c        0x4 build/usbd_desc.o
                0x000000002000001c                USBD_LangIDDesc
 .data.USBD_FS_DeviceDesc
                0x0000000020000020       0x12 build/usbd_desc.o
                0x0000000020000020                USBD_FS_DeviceDesc
 *fill*         0x0000000020000032        0x2 
 .data.FS_Desc  0x0000000020000034       0x1c build/usbd_desc.o
                0x0000000020000034                FS_Desc
 .data.USBD_DFU_fops_FS
                0x0000000020000050       0x1c build/usbd_dfu_if.o
                0x0000000020000050                USBD_DFU_fops_FS
 .data.uwTickFreq
                0x000000002000006c        0x1 build/stm32f1xx_hal.o
                0x000000002000006c                uwTickFreq
 *fill*         0x000000002000006d        0x3 
 .data.uwTickPrio
                0x0000000020000070        0x4 build/stm32f1xx_hal.o
                0x0000000020000070                uwTickPrio
 .data.SystemCoreClock
                0x0000000020000074        0x4 build/system_stm32f1xx.o
                0x0000000020000074                SystemCoreClock
 .data.USBD_DFU_DeviceQualifierDesc
                0x0000000020000078        0xa build/usbd_dfu.o
 *fill*         0x0000000020000082        0x2 
 .data.USBD_DFU_CfgDesc
                0x0000000020000084       0x1b build/usbd_dfu.o
 *fill*         0x000000002000009f        0x1 
 .data.USBD_DFU
                0x00000000200000a0       0x3c build/usbd_dfu.o
                0x00000000200000a0                USBD_DFU
                0x00000000200000dc                . = ALIGN (0x4)
                0x00000000200000dc                _edata = .

.tm_clone_table
                0x00000000200000dc        0x0 load address 0x00000000080047d4
 .tm_clone_table
                0x00000000200000dc        0x0 /Applications/ArmGNUToolchain/12.2.rel1/arm-none-eabi/bin/../lib/gcc/arm-none-eabi/12.2.1/thumb/v7-m/nofp/crtbegin.o
 .tm_clone_table
                0x00000000200000dc        0x0 /Applications/ArmGNUToolchain/12.2.rel1/arm-none-eabi/bin/../lib/gcc/arm-none-eabi/12.2.1/thumb/v7-m/nofp/crtend.o

.igot.plt       0x00000000200000dc        0x0 load address 0x00000000080047d4
 .igot.plt      0x00000000200000dc        0x0 /Applications/ArmGNUToolchain/12.2.rel1/arm-none-eabi/bin/../lib/gcc/arm-none-eabi/12.2.1/thumb/v7-m/nofp/crtbegin.o
                0x00000000200000dc                . = ALIGN (0x4)

.bss            0x00000000200000e0      0xd64 load address 0x00000000080047d4
                0x00000000200000e0                _sbss = .
                0x00000000200000e0                __bss_start__ = _sbss
 *(.bss)
 *(.bss*)
 .bss.completed.1
                0x00000000200000e0        0x1 /Applications/ArmGNUToolchain/12.2.rel1/arm-none-eabi/bin/../lib/gcc/arm-none-eabi/12.2.1/thumb/v7-m/nofp/crtbegin.o
 *fill*         0x00000000200000e1        0x3 
 .bss.object.0  0x00000000200000e4       0x18 /Applications/ArmGNUToolchain/12.2.rel1/arm-none-eabi/bin/../lib/gcc/arm-none-eabi/12.2.1/thumb/v7-m/nofp/crtbegin.o
 .bss.hUsbDeviceFS
                0x00000000200000fc      0x2c4 build/usb_device.o
                0x00000000200000fc                hUsbDeviceFS
 .bss.USBD_StrDesc
                0x00000000200003c0      0x200 build/usbd_desc.o
                0x00000000200003c0                USBD_StrDesc
 .bss.mem.0     0x00000000200005c0      0x420 build/usbd_conf.o
 .bss.hpcd_USB_FS
                0x00000000200009e0      0x2f0 build/usbd_conf.o
                0x00000000200009e0                hpcd_USB_FS
 .bss.uwTick    0x0000000020000cd0        0x4 build/stm32f1xx_hal.o
                0x0000000020000cd0                uwTick
 *fill*         0x0000000020000cd4        0x4 
 .bss.pFlash    0x0000000020000cd8       0x20 build/stm32f1xx_hal_flash.o
                0x0000000020000cd8                pFlash
 .bss.cfgidx.0  0x0000000020000cf8        0x1 build/usbd_ctlreq.o
 *fill*         0x0000000020000cf9        0x3 
 .bss.USBD_StrDesc.0
                0x0000000020000cfc       0xff build/usbd_dfu.o
 *fill*         0x0000000020000dfb        0x1 
 .bss.huart1    0x0000000020000dfc       0x48 build/usart.o
                0x0000000020000dfc                huart1
 *(COMMON)
                0x0000000020000e44                . = ALIGN (0x4)
                0x0000000020000e44                _ebss = .
                0x0000000020000e44                __bss_end__ = _ebss

._user_heap_stack
                0x0000000020000e44      0x604 load address 0x00000000080047d4
                0x0000000020000e48                . = ALIGN (0x8)
 *fill*         0x0000000020000e44        0x4 
                0x0000000020000e48                PROVIDE (end = .)
                [!provide]                        PROVIDE (_end = .)
                0x0000000020001048                . = (. + _Min_Heap_Size)
 *fill*         0x0000000020000e48      0x200 
                0x0000000020001448                . = (. + _Min_Stack_Size)
 *fill*         0x0000000020001048      0x400 
                0x0000000020001448                . = ALIGN (0x8)

/DISCARD/
 libc.a(*)
 libm.a(*)
 libgcc.a(*)

.ARM.attributes
                0x0000000000000000       0x29
 *(.ARM.attributes)
 .ARM.attributes
                0x0000000000000000       0x1d /Applications/ArmGNUToolchain/12.2.rel1/arm-none-eabi/bin/../lib/gcc/arm-none-eabi/12.2.1/thumb/v7-m/nofp/crti.o
 .ARM.attributes
                0x000000000000001d       0x2d /Applications/ArmGNUToolchain/12.2.rel1/arm-none-eabi/bin/../lib/gcc/arm-none-eabi/12.2.1/thumb/v7-m/nofp/crtbegin.o
 .ARM.attributes
                0x000000000000004a       0x2d build/main.o
 .ARM.attributes
                0x0000000000000077       0x2d build/stm32f1xx_it.o
 .ARM.attributes
                0x00000000000000a4       0x2d build/stm32f1xx_hal_msp.o
 .ARM.attributes
                0x00000000000000d1       0x2d build/usb_device.o
 .ARM.attributes
                0x00000000000000fe       0x2d build/usbd_desc.o
 .ARM.attributes
                0x000000000000012b       0x2d build/usbd_dfu_if.o
 .ARM.attributes
                0x0000000000000158       0x2d build/usbd_conf.o
 .ARM.attributes
                0x0000000000000185       0x2d build/stm32f1xx_hal_pcd.o
 .ARM.attributes
                0x00000000000001b2       0x2d build/stm32f1xx_hal_pcd_ex.o
 .ARM.attributes
                0x00000000000001df       0x2d build/stm32f1xx_ll_usb.o
 .ARM.attributes
                0x000000000000020c       0x2d build/stm32f1xx_hal.o
 .ARM.attributes
                0x0000000000000239       0x2d build/stm32f1xx_hal_rcc.o
 .ARM.attributes
                0x0000000000000266       0x2d build/stm32f1xx_hal_rcc_ex.o
 .ARM.attributes
                0x0000000000000293       0x2d build/stm32f1xx_hal_gpio.o
 .ARM.attributes
                0x00000000000002c0       0x2d build/stm32f1xx_hal_cortex.o
 .ARM.attributes
                0x00000000000002ed       0x2d build/stm32f1xx_hal_flash.o
 .ARM.attributes
                0x000000000000031a       0x2d build/stm32f1xx_hal_flash_ex.o
 .ARM.attributes
                0x0000000000000347       0x2d build/stm32f1xx_hal_uart.o
 .ARM.attributes
                0x0000000000000374       0x2d build/system_stm32f1xx.o
 .ARM.attributes
                0x00000000000003a1       0x2d build/usbd_core.o
 .ARM.attributes
                0x00000000000003ce       0x2d build/usbd_ctlreq.o
 .ARM.attributes
                0x00000000000003fb       0x2d build/usbd_ioreq.o
 .ARM.attributes
                0x0000000000000428       0x2d build/usbd_dfu.o
 .ARM.attributes
                0x0000000000000455       0x2d build/gpio.o
 .ARM.attributes
                0x0000000000000482       0x2d build/usart.o
 .ARM.attributes
                0x00000000000004af       0x2d build/jumpApp.o
 .ARM.attributes
                0x00000000000004dc       0x21 build/startup_stm32f103xb.o
 .ARM.attributes
                0x00000000000004fd       0x2d /Applications/ArmGNUToolchain/12.2.rel1/arm-none-eabi/bin/../lib/gcc/arm-none-eabi/12.2.1/../../../../arm-none-eabi/lib/thumb/v7-m/nofp/libc_nano.a(libc_a-memset.o)
 .ARM.attributes
                0x000000000000052a       0x2d /Applications/ArmGNUToolchain/12.2.rel1/arm-none-eabi/bin/../lib/gcc/arm-none-eabi/12.2.1/../../../../arm-none-eabi/lib/thumb/v7-m/nofp/libc_nano.a(libc_a-init.o)
 .ARM.attributes
                0x0000000000000557       0x2d /Applications/ArmGNUToolchain/12.2.rel1/arm-none-eabi/bin/../lib/gcc/arm-none-eabi/12.2.1/thumb/v7-m/nofp/crtend.o
 .ARM.attributes
                0x0000000000000584       0x1d /Applications/ArmGNUToolchain/12.2.rel1/arm-none-eabi/bin/../lib/gcc/arm-none-eabi/12.2.1/thumb/v7-m/nofp/crtn.o
OUTPUT(build/Bootloader.elf elf32-littlearm)
LOAD linker stubs
LOAD /Applications/ArmGNUToolchain/12.2.rel1/arm-none-eabi/bin/../lib/gcc/arm-none-eabi/12.2.1/../../../../arm-none-eabi/lib/thumb/v7-m/nofp/libc.a
LOAD /Applications/ArmGNUToolchain/12.2.rel1/arm-none-eabi/bin/../lib/gcc/arm-none-eabi/12.2.1/../../../../arm-none-eabi/lib/thumb/v7-m/nofp/libm.a
LOAD /Applications/ArmGNUToolchain/12.2.rel1/arm-none-eabi/bin/../lib/gcc/arm-none-eabi/12.2.1/thumb/v7-m/nofp/libgcc.a

.debug_info     0x0000000000000000    0x15b59
 .debug_info    0x0000000000000000      0x5c6 build/main.o
 .debug_info    0x00000000000005c6      0x71d build/stm32f1xx_it.o
 .debug_info    0x0000000000000ce3      0x238 build/stm32f1xx_hal_msp.o
 .debug_info    0x0000000000000f1b      0x812 build/usb_device.o
 .debug_info    0x000000000000172d      0x63c build/usbd_desc.o
 .debug_info    0x0000000000001d69      0x556 build/usbd_dfu_if.o
 .debug_info    0x00000000000022bf     0x1f0c build/usbd_conf.o
 .debug_info    0x00000000000041cb     0x1f56 build/stm32f1xx_hal_pcd.o
 .debug_info    0x0000000000006121      0x7b9 build/stm32f1xx_hal_pcd_ex.o
 .debug_info    0x00000000000068da     0x1d27 build/stm32f1xx_ll_usb.o
 .debug_info    0x0000000000008601      0x880 build/stm32f1xx_hal.o
 .debug_info    0x0000000000008e81      0xb10 build/stm32f1xx_hal_rcc.o
 .debug_info    0x0000000000009991      0x47d build/stm32f1xx_hal_rcc_ex.o
 .debug_info    0x0000000000009e0e      0x6d7 build/stm32f1xx_hal_gpio.o
 .debug_info    0x000000000000a4e5      0xe13 build/stm32f1xx_hal_cortex.o
 .debug_info    0x000000000000b2f8      0x6fd build/stm32f1xx_hal_flash.o
 .debug_info    0x000000000000b9f5      0xb94 build/stm32f1xx_hal_flash_ex.o
 .debug_info    0x000000000000c589     0x43db build/stm32f1xx_hal_uart.o
 .debug_info    0x0000000000010964      0x26e build/system_stm32f1xx.o
 .debug_info    0x0000000000010bd2      0xf76 build/usbd_core.o
 .debug_info    0x0000000000011b48     0x11f6 build/usbd_ctlreq.o
 .debug_info    0x0000000000012d3e      0x8f2 build/usbd_ioreq.o
 .debug_info    0x0000000000013630     0x14ea build/usbd_dfu.o
 .debug_info    0x0000000000014b1a      0x396 build/gpio.o
 .debug_info    0x0000000000014eb0      0x93f build/usart.o
 .debug_info    0x00000000000157ef      0x33a build/jumpApp.o
 .debug_info    0x0000000000015b29       0x30 build/startup_stm32f103xb.o

.debug_abbrev   0x0000000000000000     0x3aa0
 .debug_abbrev  0x0000000000000000      0x217 build/main.o
 .debug_abbrev  0x0000000000000217      0x183 build/stm32f1xx_it.o
 .debug_abbrev  0x000000000000039a       0xe7 build/stm32f1xx_hal_msp.o
 .debug_abbrev  0x0000000000000481      0x19c build/usb_device.o
 .debug_abbrev  0x000000000000061d      0x23c build/usbd_desc.o
 .debug_abbrev  0x0000000000000859      0x21d build/usbd_dfu_if.o
 .debug_abbrev  0x0000000000000a76      0x347 build/usbd_conf.o
 .debug_abbrev  0x0000000000000dbd      0x32d build/stm32f1xx_hal_pcd.o
 .debug_abbrev  0x00000000000010ea      0x184 build/stm32f1xx_hal_pcd_ex.o
 .debug_abbrev  0x000000000000126e      0x262 build/stm32f1xx_ll_usb.o
 .debug_abbrev  0x00000000000014d0      0x232 build/stm32f1xx_hal.o
 .debug_abbrev  0x0000000000001702      0x2d6 build/stm32f1xx_hal_rcc.o
 .debug_abbrev  0x00000000000019d8      0x1d4 build/stm32f1xx_hal_rcc_ex.o
 .debug_abbrev  0x0000000000001bac      0x222 build/stm32f1xx_hal_gpio.o
 .debug_abbrev  0x0000000000001dce      0x3aa build/stm32f1xx_hal_cortex.o
 .debug_abbrev  0x0000000000002178      0x285 build/stm32f1xx_hal_flash.o
 .debug_abbrev  0x00000000000023fd      0x297 build/stm32f1xx_hal_flash_ex.o
 .debug_abbrev  0x0000000000002694      0x35f build/stm32f1xx_hal_uart.o
 .debug_abbrev  0x00000000000029f3      0x140 build/system_stm32f1xx.o
 .debug_abbrev  0x0000000000002b33      0x2ae build/usbd_core.o
 .debug_abbrev  0x0000000000002de1      0x2ec build/usbd_ctlreq.o
 .debug_abbrev  0x00000000000030cd      0x18e build/usbd_ioreq.o
 .debug_abbrev  0x000000000000325b      0x3ac build/usbd_dfu.o
 .debug_abbrev  0x0000000000003607      0x14e build/gpio.o
 .debug_abbrev  0x0000000000003755      0x1fd build/usart.o
 .debug_abbrev  0x0000000000003952      0x131 build/jumpApp.o
 .debug_abbrev  0x0000000000003a83       0x1d build/startup_stm32f103xb.o

.debug_loc      0x0000000000000000     0xfa95
 .debug_loc     0x0000000000000000       0x66 build/main.o
 .debug_loc     0x0000000000000066       0x40 build/stm32f1xx_it.o
 .debug_loc     0x00000000000000a6       0x41 build/stm32f1xx_hal_msp.o
 .debug_loc     0x00000000000000e7       0x20 build/usb_device.o
 .debug_loc     0x0000000000000107      0x47b build/usbd_desc.o
 .debug_loc     0x0000000000000582      0x295 build/usbd_dfu_if.o
 .debug_loc     0x0000000000000817      0xefc build/usbd_conf.o
 .debug_loc     0x0000000000001713     0x18cc build/stm32f1xx_hal_pcd.o
 .debug_loc     0x0000000000002fdf      0x12a build/stm32f1xx_hal_pcd_ex.o
 .debug_loc     0x0000000000003109     0x1a41 build/stm32f1xx_ll_usb.o
 .debug_loc     0x0000000000004b4a      0x1e1 build/stm32f1xx_hal.o
 .debug_loc     0x0000000000004d2b      0x790 build/stm32f1xx_hal_rcc.o
 .debug_loc     0x00000000000054bb      0x495 build/stm32f1xx_hal_rcc_ex.o
 .debug_loc     0x0000000000005950      0x53c build/stm32f1xx_hal_gpio.o
 .debug_loc     0x0000000000005e8c      0x782 build/stm32f1xx_hal_cortex.o
 .debug_loc     0x000000000000660e      0x442 build/stm32f1xx_hal_flash.o
 .debug_loc     0x0000000000006a50      0x989 build/stm32f1xx_hal_flash_ex.o
 .debug_loc     0x00000000000073d9     0x4ece build/stm32f1xx_hal_uart.o
 .debug_loc     0x000000000000c2a7       0xff build/system_stm32f1xx.o
 .debug_loc     0x000000000000c3a6      0xaf6 build/usbd_core.o
 .debug_loc     0x000000000000ce9c     0x1666 build/usbd_ctlreq.o
 .debug_loc     0x000000000000e502      0x364 build/usbd_ioreq.o
 .debug_loc     0x000000000000e866     0x106b build/usbd_dfu.o
 .debug_loc     0x000000000000f8d1       0x38 build/gpio.o
 .debug_loc     0x000000000000f909      0x108 build/usart.o
 .debug_loc     0x000000000000fa11       0x84 build/jumpApp.o

.debug_aranges  0x0000000000000000      0xe08
 .debug_aranges
                0x0000000000000000       0x30 build/main.o
 .debug_aranges
                0x0000000000000030       0x68 build/stm32f1xx_it.o
 .debug_aranges
                0x0000000000000098       0x20 build/stm32f1xx_hal_msp.o
 .debug_aranges
                0x00000000000000b8       0x20 build/usb_device.o
 .debug_aranges
                0x00000000000000d8       0x60 build/usbd_desc.o
 .debug_aranges
                0x0000000000000138       0x48 build/usbd_dfu_if.o
 .debug_aranges
                0x0000000000000180      0x118 build/usbd_conf.o
 .debug_aranges
                0x0000000000000298      0x140 build/stm32f1xx_hal_pcd.o
 .debug_aranges
                0x00000000000003d8       0x38 build/stm32f1xx_hal_pcd_ex.o
 .debug_aranges
                0x0000000000000410       0xf8 build/stm32f1xx_ll_usb.o
 .debug_aranges
                0x0000000000000508       0xe0 build/stm32f1xx_hal.o
 .debug_aranges
                0x00000000000005e8       0x90 build/stm32f1xx_hal_rcc.o
 .debug_aranges
                0x0000000000000678       0x30 build/stm32f1xx_hal_rcc_ex.o
 .debug_aranges
                0x00000000000006a8       0x58 build/stm32f1xx_hal_gpio.o
 .debug_aranges
                0x0000000000000700       0xc0 build/stm32f1xx_hal_cortex.o
 .debug_aranges
                0x00000000000007c0       0x88 build/stm32f1xx_hal_flash.o
 .debug_aranges
                0x0000000000000848       0x98 build/stm32f1xx_hal_flash_ex.o
 .debug_aranges
                0x00000000000008e0      0x208 build/stm32f1xx_hal_uart.o
 .debug_aranges
                0x0000000000000ae8       0x28 build/system_stm32f1xx.o
 .debug_aranges
                0x0000000000000b10       0xb8 build/usbd_core.o
 .debug_aranges
                0x0000000000000bc8       0x88 build/usbd_ctlreq.o
 .debug_aranges
                0x0000000000000c50       0x50 build/usbd_ioreq.o
 .debug_aranges
                0x0000000000000ca0       0xd0 build/usbd_dfu.o
 .debug_aranges
                0x0000000000000d70       0x20 build/gpio.o
 .debug_aranges
                0x0000000000000d90       0x30 build/usart.o
 .debug_aranges
                0x0000000000000dc0       0x20 build/jumpApp.o
 .debug_aranges
                0x0000000000000de0       0x28 build/startup_stm32f103xb.o

.debug_ranges   0x0000000000000000      0xfc8
 .debug_ranges  0x0000000000000000       0x20 build/main.o
 .debug_ranges  0x0000000000000020       0x58 build/stm32f1xx_it.o
 .debug_ranges  0x0000000000000078       0x10 build/stm32f1xx_hal_msp.o
 .debug_ranges  0x0000000000000088       0x10 build/usb_device.o
 .debug_ranges  0x0000000000000098       0x50 build/usbd_desc.o
 .debug_ranges  0x00000000000000e8       0x38 build/usbd_dfu_if.o
 .debug_ranges  0x0000000000000120      0x108 build/usbd_conf.o
 .debug_ranges  0x0000000000000228      0x210 build/stm32f1xx_hal_pcd.o
 .debug_ranges  0x0000000000000438       0x28 build/stm32f1xx_hal_pcd_ex.o
 .debug_ranges  0x0000000000000460      0x320 build/stm32f1xx_ll_usb.o
 .debug_ranges  0x0000000000000780       0xd0 build/stm32f1xx_hal.o
 .debug_ranges  0x0000000000000850       0xa0 build/stm32f1xx_hal_rcc.o
 .debug_ranges  0x00000000000008f0       0x38 build/stm32f1xx_hal_rcc_ex.o
 .debug_ranges  0x0000000000000928       0x48 build/stm32f1xx_hal_gpio.o
 .debug_ranges  0x0000000000000970       0xb0 build/stm32f1xx_hal_cortex.o
 .debug_ranges  0x0000000000000a20       0x78 build/stm32f1xx_hal_flash.o
 .debug_ranges  0x0000000000000a98       0x88 build/stm32f1xx_hal_flash_ex.o
 .debug_ranges  0x0000000000000b20      0x210 build/stm32f1xx_hal_uart.o
 .debug_ranges  0x0000000000000d30       0x18 build/system_stm32f1xx.o
 .debug_ranges  0x0000000000000d48       0xa8 build/usbd_core.o
 .debug_ranges  0x0000000000000df0       0x78 build/usbd_ctlreq.o
 .debug_ranges  0x0000000000000e68       0x40 build/usbd_ioreq.o
 .debug_ranges  0x0000000000000ea8       0xc0 build/usbd_dfu.o
 .debug_ranges  0x0000000000000f68       0x10 build/gpio.o
 .debug_ranges  0x0000000000000f78       0x20 build/usart.o
 .debug_ranges  0x0000000000000f98       0x10 build/jumpApp.o
 .debug_ranges  0x0000000000000fa8       0x20 build/startup_stm32f103xb.o

.debug_line     0x0000000000000000     0xef3e
 .debug_line    0x0000000000000000      0x363 build/main.o
 .debug_line    0x0000000000000363      0x2d4 build/stm32f1xx_it.o
 .debug_line    0x0000000000000637      0x166 build/stm32f1xx_hal_msp.o
 .debug_line    0x000000000000079d      0x213 build/usb_device.o
 .debug_line    0x00000000000009b0      0x352 build/usbd_desc.o
 .debug_line    0x0000000000000d02      0x381 build/usbd_dfu_if.o
 .debug_line    0x0000000000001083      0x7a1 build/usbd_conf.o
 .debug_line    0x0000000000001824     0x19d4 build/stm32f1xx_hal_pcd.o
 .debug_line    0x00000000000031f8      0x27d build/stm32f1xx_hal_pcd_ex.o
 .debug_line    0x0000000000003475     0x1934 build/stm32f1xx_ll_usb.o
 .debug_line    0x0000000000004da9      0x518 build/stm32f1xx_hal.o
 .debug_line    0x00000000000052c1      0xc00 build/stm32f1xx_hal_rcc.o
 .debug_line    0x0000000000005ec1      0x475 build/stm32f1xx_hal_rcc_ex.o
 .debug_line    0x0000000000006336      0x595 build/stm32f1xx_hal_gpio.o
 .debug_line    0x00000000000068cb      0x6bb build/stm32f1xx_hal_cortex.o
 .debug_line    0x0000000000006f86      0x76e build/stm32f1xx_hal_flash.o
 .debug_line    0x00000000000076f4      0x8fd build/stm32f1xx_hal_flash_ex.o
 .debug_line    0x0000000000007ff1     0x4396 build/stm32f1xx_hal_uart.o
 .debug_line    0x000000000000c387      0x230 build/system_stm32f1xx.o
 .debug_line    0x000000000000c5b7      0x717 build/usbd_core.o
 .debug_line    0x000000000000ccce      0xb1c build/usbd_ctlreq.o
 .debug_line    0x000000000000d7ea      0x28e build/usbd_ioreq.o
 .debug_line    0x000000000000da78      0xe17 build/usbd_dfu.o
 .debug_line    0x000000000000e88f      0x1db build/gpio.o
 .debug_line    0x000000000000ea6a      0x2dd build/usart.o
 .debug_line    0x000000000000ed47      0x183 build/jumpApp.o
 .debug_line    0x000000000000eeca       0x74 build/startup_stm32f103xb.o

.debug_str      0x0000000000000000     0x3c75
 .debug_str     0x0000000000000000      0x40e build/main.o
                                        0x460 (size before relaxing)
 .debug_str     0x000000000000040e      0x418 build/stm32f1xx_it.o
                                        0x5ae (size before relaxing)
 .debug_str     0x0000000000000826       0x93 build/stm32f1xx_hal_msp.o
                                        0x1ec (size before relaxing)
 .debug_str     0x00000000000008b9      0x3fd build/usb_device.o
                                        0x628 (size before relaxing)
 .debug_str     0x0000000000000cb6      0x181 build/usbd_desc.o
                                        0x41e (size before relaxing)
 .debug_str     0x0000000000000e37      0x15a build/usbd_dfu_if.o
                                        0x38f (size before relaxing)
 .debug_str     0x0000000000000f91      0x861 build/usbd_conf.o
                                       0x1187 (size before relaxing)
 .debug_str     0x00000000000017f2      0x362 build/stm32f1xx_hal_pcd.o
                                        0xae5 (size before relaxing)
 .debug_str     0x0000000000001b54      0x159 build/stm32f1xx_hal_pcd_ex.o
                                        0x695 (size before relaxing)
 .debug_str     0x0000000000001cad      0x126 build/stm32f1xx_ll_usb.o
                                        0x6e7 (size before relaxing)
 .debug_str     0x0000000000001dd3      0x2fa build/stm32f1xx_hal.o
                                        0x7fb (size before relaxing)
 .debug_str     0x00000000000020cd      0x222 build/stm32f1xx_hal_rcc.o
                                        0x5f8 (size before relaxing)
 .debug_str     0x00000000000022ef       0x9c build/stm32f1xx_hal_rcc_ex.o
                                        0x3a0 (size before relaxing)
 .debug_str     0x000000000000238b       0xfc build/stm32f1xx_hal_gpio.o
                                        0x3cd (size before relaxing)
 .debug_str     0x0000000000002487      0x315 build/stm32f1xx_hal_cortex.o
                                        0x8a0 (size before relaxing)
 .debug_str     0x000000000000279c      0x250 build/stm32f1xx_hal_flash.o
                                        0x4fc (size before relaxing)
 .debug_str     0x00000000000029ec      0x267 build/stm32f1xx_hal_flash_ex.o
                                        0x612 (size before relaxing)
 .debug_str     0x0000000000002c53      0x9dd build/stm32f1xx_hal_uart.o
                                        0xcc1 (size before relaxing)
 .debug_str     0x0000000000003630       0x4f build/system_stm32f1xx.o
                                        0x221 (size before relaxing)
 .debug_str     0x000000000000367f      0x13e build/usbd_core.o
                                        0x812 (size before relaxing)
 .debug_str     0x00000000000037bd       0xe2 build/usbd_ctlreq.o
                                        0x72c (size before relaxing)
 .debug_str     0x000000000000389f       0x60 build/usbd_ioreq.o
                                        0x659 (size before relaxing)
 .debug_str     0x00000000000038ff      0x2af build/usbd_dfu.o
                                        0x983 (size before relaxing)
 .debug_str     0x0000000000003bae       0x20 build/gpio.o
                                        0x258 (size before relaxing)
 .debug_str     0x0000000000003bce       0x23 build/usart.o
                                        0x69f (size before relaxing)
 .debug_str     0x0000000000003bf1       0x52 build/jumpApp.o
                                        0x219 (size before relaxing)
 .debug_str     0x0000000000003c43       0x32 build/startup_stm32f103xb.o
                                         0x58 (size before relaxing)

.comment        0x0000000000000000       0x45
 .comment       0x0000000000000000       0x45 build/main.o
                                         0x46 (size before relaxing)
 .comment       0x0000000000000045       0x46 build/stm32f1xx_it.o
 .comment       0x0000000000000045       0x46 build/stm32f1xx_hal_msp.o
 .comment       0x0000000000000045       0x46 build/usb_device.o
 .comment       0x0000000000000045       0x46 build/usbd_desc.o
 .comment       0x0000000000000045       0x46 build/usbd_dfu_if.o
 .comment       0x0000000000000045       0x46 build/usbd_conf.o
 .comment       0x0000000000000045       0x46 build/stm32f1xx_hal_pcd.o
 .comment       0x0000000000000045       0x46 build/stm32f1xx_hal_pcd_ex.o
 .comment       0x0000000000000045       0x46 build/stm32f1xx_ll_usb.o
 .comment       0x0000000000000045       0x46 build/stm32f1xx_hal.o
 .comment       0x0000000000000045       0x46 build/stm32f1xx_hal_rcc.o
 .comment       0x0000000000000045       0x46 build/stm32f1xx_hal_rcc_ex.o
 .comment       0x0000000000000045       0x46 build/stm32f1xx_hal_gpio.o
 .comment       0x0000000000000045       0x46 build/stm32f1xx_hal_cortex.o
 .comment       0x0000000000000045       0x46 build/stm32f1xx_hal_flash.o
 .comment       0x0000000000000045       0x46 build/stm32f1xx_hal_flash_ex.o
 .comment       0x0000000000000045       0x46 build/stm32f1xx_hal_uart.o
 .comment       0x0000000000000045       0x46 build/system_stm32f1xx.o
 .comment       0x0000000000000045       0x46 build/usbd_core.o
 .comment       0x0000000000000045       0x46 build/usbd_ctlreq.o
 .comment       0x0000000000000045       0x46 build/usbd_ioreq.o
 .comment       0x0000000000000045       0x46 build/usbd_dfu.o
 .comment       0x0000000000000045       0x46 build/gpio.o
 .comment       0x0000000000000045       0x46 build/usart.o
 .comment       0x0000000000000045       0x46 build/jumpApp.o

.debug_frame    0x0000000000000000     0x217c
 .debug_frame   0x0000000000000000       0x58 build/main.o
 .debug_frame   0x0000000000000058       0xc0 build/stm32f1xx_it.o
 .debug_frame   0x0000000000000118       0x28 build/stm32f1xx_hal_msp.o
 .debug_frame   0x0000000000000140       0x28 build/usb_device.o
 .debug_frame   0x0000000000000168       0xe0 build/usbd_desc.o
 .debug_frame   0x0000000000000248       0xac build/usbd_dfu_if.o
 .debug_frame   0x00000000000002f4      0x2ec build/usbd_conf.o
 .debug_frame   0x00000000000005e0      0x360 build/stm32f1xx_hal_pcd.o
 .debug_frame   0x0000000000000940       0x50 build/stm32f1xx_hal_pcd_ex.o
 .debug_frame   0x0000000000000990      0x200 build/stm32f1xx_ll_usb.o
 .debug_frame   0x0000000000000b90      0x1cc build/stm32f1xx_hal.o
 .debug_frame   0x0000000000000d5c      0x184 build/stm32f1xx_hal_rcc.o
 .debug_frame   0x0000000000000ee0       0x5c build/stm32f1xx_hal_rcc_ex.o
 .debug_frame   0x0000000000000f3c       0xe4 build/stm32f1xx_hal_gpio.o
 .debug_frame   0x0000000000001020      0x19c build/stm32f1xx_hal_cortex.o
 .debug_frame   0x00000000000011bc      0x134 build/stm32f1xx_hal_flash.o
 .debug_frame   0x00000000000012f0      0x194 build/stm32f1xx_hal_flash_ex.o
 .debug_frame   0x0000000000001484      0x5d4 build/stm32f1xx_hal_uart.o
 .debug_frame   0x0000000000001a58       0x30 build/system_stm32f1xx.o
 .debug_frame   0x0000000000001a88      0x1c4 build/usbd_core.o
 .debug_frame   0x0000000000001c4c      0x178 build/usbd_ctlreq.o
 .debug_frame   0x0000000000001dc4       0xb8 build/usbd_ioreq.o
 .debug_frame   0x0000000000001e7c      0x1f8 build/usbd_dfu.o
 .debug_frame   0x0000000000002074       0x34 build/gpio.o
 .debug_frame   0x00000000000020a8       0x60 build/usart.o
 .debug_frame   0x0000000000002108       0x28 build/jumpApp.o
 .debug_frame   0x0000000000002130       0x20 /Applications/ArmGNUToolchain/12.2.rel1/arm-none-eabi/bin/../lib/gcc/arm-none-eabi/12.2.1/../../../../arm-none-eabi/lib/thumb/v7-m/nofp/libc_nano.a(libc_a-memset.o)
 .debug_frame   0x0000000000002150       0x2c /Applications/ArmGNUToolchain/12.2.rel1/arm-none-eabi/bin/../lib/gcc/arm-none-eabi/12.2.1/../../../../arm-none-eabi/lib/thumb/v7-m/nofp/libc_nano.a(libc_a-init.o)

Cross Reference Table

Symbol                                            File
ADC1_2_IRQHandler                                 build/startup_stm32f103xb.o
AHBPrescTable                                     build/system_stm32f1xx.o
                                                  build/stm32f1xx_hal_rcc.o
APBPrescTable                                     build/system_stm32f1xx.o
                                                  build/stm32f1xx_hal_rcc.o
BusFault_Handler                                  build/stm32f1xx_it.o
CAN1_RX1_IRQHandler                               build/startup_stm32f103xb.o
CAN1_SCE_IRQHandler                               build/startup_stm32f103xb.o
DMA1_Channel1_IRQHandler                          build/startup_stm32f103xb.o
DMA1_Channel2_IRQHandler                          build/startup_stm32f103xb.o
DMA1_Channel3_IRQHandler                          build/startup_stm32f103xb.o
DMA1_Channel4_IRQHandler                          build/startup_stm32f103xb.o
DMA1_Channel5_IRQHandler                          build/startup_stm32f103xb.o
DMA1_Channel6_IRQHandler                          build/startup_stm32f103xb.o
DMA1_Channel7_IRQHandler                          build/startup_stm32f103xb.o
DebugMon_Handler                                  build/stm32f1xx_it.o
Default_Handler                                   build/startup_stm32f103xb.o
EXTI0_IRQHandler                                  build/startup_stm32f103xb.o
EXTI15_10_IRQHandler                              build/startup_stm32f103xb.o
EXTI1_IRQHandler                                  build/startup_stm32f103xb.o
EXTI2_IRQHandler                                  build/startup_stm32f103xb.o
EXTI3_IRQHandler                                  build/startup_stm32f103xb.o
EXTI4_IRQHandler                                  build/startup_stm32f103xb.o
EXTI9_5_IRQHandler                                build/startup_stm32f103xb.o
Error_Handler                                     build/main.o
                                                  build/usart.o
                                                  build/usbd_conf.o
                                                  build/usb_device.o
FLASH_IRQHandler                                  build/startup_stm32f103xb.o
FLASH_PageErase                                   build/stm32f1xx_hal_flash_ex.o
                                                  build/stm32f1xx_hal_flash.o
FLASH_WaitForLastOperation                        build/stm32f1xx_hal_flash.o
                                                  build/stm32f1xx_hal_flash_ex.o
FS_Desc                                           build/usbd_desc.o
                                                  build/usb_device.o
HAL_DBGMCU_DisableDBGSleepMode                    build/stm32f1xx_hal.o
HAL_DBGMCU_DisableDBGStandbyMode                  build/stm32f1xx_hal.o
HAL_DBGMCU_DisableDBGStopMode                     build/stm32f1xx_hal.o
HAL_DBGMCU_EnableDBGSleepMode                     build/stm32f1xx_hal.o
HAL_DBGMCU_EnableDBGStandbyMode                   build/stm32f1xx_hal.o
HAL_DBGMCU_EnableDBGStopMode                      build/stm32f1xx_hal.o
HAL_DMA_Abort                                     build/stm32f1xx_hal_dma.o
                                                  build/stm32f1xx_hal_uart.o
HAL_DMA_Abort_IT                                  build/stm32f1xx_hal_dma.o
                                                  build/stm32f1xx_hal_uart.o
HAL_DMA_DeInit                                    build/stm32f1xx_hal_dma.o
HAL_DMA_GetError                                  build/stm32f1xx_hal_dma.o
                                                  build/stm32f1xx_hal_uart.o
HAL_DMA_GetState                                  build/stm32f1xx_hal_dma.o
HAL_DMA_IRQHandler                                build/stm32f1xx_hal_dma.o
HAL_DMA_Init                                      build/stm32f1xx_hal_dma.o
HAL_DMA_PollForTransfer                           build/stm32f1xx_hal_dma.o
HAL_DMA_RegisterCallback                          build/stm32f1xx_hal_dma.o
HAL_DMA_Start                                     build/stm32f1xx_hal_dma.o
HAL_DMA_Start_IT                                  build/stm32f1xx_hal_dma.o
                                                  build/stm32f1xx_hal_uart.o
HAL_DMA_UnRegisterCallback                        build/stm32f1xx_hal_dma.o
HAL_DeInit                                        build/stm32f1xx_hal.o
HAL_Delay                                         build/stm32f1xx_hal.o
                                                  build/usbd_dfu.o
                                                  build/usbd_conf.o
                                                  build/main.o
HAL_EXTI_ClearConfigLine                          build/stm32f1xx_hal_exti.o
HAL_EXTI_ClearPending                             build/stm32f1xx_hal_exti.o
HAL_EXTI_GenerateSWI                              build/stm32f1xx_hal_exti.o
HAL_EXTI_GetConfigLine                            build/stm32f1xx_hal_exti.o
HAL_EXTI_GetHandle                                build/stm32f1xx_hal_exti.o
HAL_EXTI_GetPending                               build/stm32f1xx_hal_exti.o
HAL_EXTI_IRQHandler                               build/stm32f1xx_hal_exti.o
HAL_EXTI_RegisterCallback                         build/stm32f1xx_hal_exti.o
HAL_EXTI_SetConfigLine                            build/stm32f1xx_hal_exti.o
HAL_FLASHEx_Erase                                 build/stm32f1xx_hal_flash_ex.o
                                                  build/usbd_dfu_if.o
HAL_FLASHEx_Erase_IT                              build/stm32f1xx_hal_flash_ex.o
HAL_FLASHEx_OBErase                               build/stm32f1xx_hal_flash_ex.o
HAL_FLASHEx_OBGetConfig                           build/stm32f1xx_hal_flash_ex.o
HAL_FLASHEx_OBGetUserData                         build/stm32f1xx_hal_flash_ex.o
HAL_FLASHEx_OBProgram                             build/stm32f1xx_hal_flash_ex.o
HAL_FLASH_EndOfOperationCallback                  build/stm32f1xx_hal_flash.o
HAL_FLASH_GetError                                build/stm32f1xx_hal_flash.o
HAL_FLASH_IRQHandler                              build/stm32f1xx_hal_flash.o
HAL_FLASH_Lock                                    build/stm32f1xx_hal_flash.o
                                                  build/usbd_dfu_if.o
HAL_FLASH_OB_Launch                               build/stm32f1xx_hal_flash.o
HAL_FLASH_OB_Lock                                 build/stm32f1xx_hal_flash.o
HAL_FLASH_OB_Unlock                               build/stm32f1xx_hal_flash.o
HAL_FLASH_OperationErrorCallback                  build/stm32f1xx_hal_flash.o
HAL_FLASH_Program                                 build/stm32f1xx_hal_flash.o
                                                  build/usbd_dfu_if.o
HAL_FLASH_Program_IT                              build/stm32f1xx_hal_flash.o
HAL_FLASH_Unlock                                  build/stm32f1xx_hal_flash.o
                                                  build/usbd_dfu_if.o
HAL_GPIOEx_ConfigEventout                         build/stm32f1xx_hal_gpio_ex.o
HAL_GPIOEx_DisableEventout                        build/stm32f1xx_hal_gpio_ex.o
HAL_GPIOEx_EnableEventout                         build/stm32f1xx_hal_gpio_ex.o
HAL_GPIO_DeInit                                   build/stm32f1xx_hal_gpio.o
                                                  build/usart.o
HAL_GPIO_EXTI_Callback                            build/stm32f1xx_hal_gpio.o
HAL_GPIO_EXTI_IRQHandler                          build/stm32f1xx_hal_gpio.o
HAL_GPIO_Init                                     build/stm32f1xx_hal_gpio.o
                                                  build/usart.o
                                                  build/gpio.o
                                                  build/stm32f1xx_hal_rcc.o
HAL_GPIO_LockPin                                  build/stm32f1xx_hal_gpio.o
HAL_GPIO_ReadPin                                  build/stm32f1xx_hal_gpio.o
HAL_GPIO_TogglePin                                build/stm32f1xx_hal_gpio.o
HAL_GPIO_WritePin                                 build/stm32f1xx_hal_gpio.o
                                                  build/gpio.o
                                                  build/main.o
HAL_GetDEVID                                      build/stm32f1xx_hal.o
HAL_GetHalVersion                                 build/stm32f1xx_hal.o
HAL_GetREVID                                      build/stm32f1xx_hal.o
HAL_GetTick                                       build/stm32f1xx_hal.o
                                                  build/stm32f1xx_hal_uart.o
                                                  build/stm32f1xx_hal_flash.o
                                                  build/stm32f1xx_hal_dma.o
                                                  build/stm32f1xx_hal_rcc_ex.o
                                                  build/stm32f1xx_hal_rcc.o
HAL_GetTickFreq                                   build/stm32f1xx_hal.o
HAL_GetTickPrio                                   build/stm32f1xx_hal.o
HAL_GetUIDw0                                      build/stm32f1xx_hal.o
HAL_GetUIDw1                                      build/stm32f1xx_hal.o
HAL_GetUIDw2                                      build/stm32f1xx_hal.o
HAL_HalfDuplex_EnableReceiver                     build/stm32f1xx_hal_uart.o
HAL_HalfDuplex_EnableTransmitter                  build/stm32f1xx_hal_uart.o
HAL_HalfDuplex_Init                               build/stm32f1xx_hal_uart.o
HAL_IncTick                                       build/stm32f1xx_hal.o
                                                  build/stm32f1xx_it.o
HAL_Init                                          build/stm32f1xx_hal.o
                                                  build/main.o
HAL_InitTick                                      build/stm32f1xx_hal.o
                                                  build/stm32f1xx_hal_rcc.o
HAL_LIN_Init                                      build/stm32f1xx_hal_uart.o
HAL_LIN_SendBreak                                 build/stm32f1xx_hal_uart.o
HAL_MspDeInit                                     build/stm32f1xx_hal.o
HAL_MspInit                                       build/stm32f1xx_hal_msp.o
HAL_MultiProcessor_EnterMuteMode                  build/stm32f1xx_hal_uart.o
HAL_MultiProcessor_ExitMuteMode                   build/stm32f1xx_hal_uart.o
HAL_MultiProcessor_Init                           build/stm32f1xx_hal_uart.o
HAL_NVIC_ClearPendingIRQ                          build/stm32f1xx_hal_cortex.o
HAL_NVIC_DisableIRQ                               build/stm32f1xx_hal_cortex.o
                                                  build/usbd_conf.o
HAL_NVIC_EnableIRQ                                build/stm32f1xx_hal_cortex.o
                                                  build/usbd_conf.o
HAL_NVIC_GetActive                                build/stm32f1xx_hal_cortex.o
HAL_NVIC_GetPendingIRQ                            build/stm32f1xx_hal_cortex.o
HAL_NVIC_GetPriority                              build/stm32f1xx_hal_cortex.o
HAL_NVIC_GetPriorityGrouping                      build/stm32f1xx_hal_cortex.o
HAL_NVIC_SetPendingIRQ                            build/stm32f1xx_hal_cortex.o
HAL_NVIC_SetPriority                              build/stm32f1xx_hal_cortex.o
                                                  build/stm32f1xx_hal.o
                                                  build/usbd_conf.o
HAL_NVIC_SetPriorityGrouping                      build/stm32f1xx_hal_cortex.o
                                                  build/stm32f1xx_hal.o
HAL_NVIC_SystemReset                              build/stm32f1xx_hal_cortex.o
                                                  build/stm32f1xx_hal_flash.o
HAL_PCDEx_BCD_Callback                            build/stm32f1xx_hal_pcd_ex.o
HAL_PCDEx_LPM_Callback                            build/stm32f1xx_hal_pcd_ex.o
HAL_PCDEx_PMAConfig                               build/stm32f1xx_hal_pcd_ex.o
                                                  build/usbd_conf.o
HAL_PCDEx_SetConnectionState                      build/usbd_conf.o
                                                  build/stm32f1xx_hal_pcd.o
HAL_PCD_ActivateRemoteWakeup                      build/stm32f1xx_hal_pcd.o
HAL_PCD_ConnectCallback                           build/usbd_conf.o
HAL_PCD_DataInStageCallback                       build/usbd_conf.o
HAL_PCD_DataOutStageCallback                      build/usbd_conf.o
HAL_PCD_DeActivateRemoteWakeup                    build/stm32f1xx_hal_pcd.o
HAL_PCD_DeInit                                    build/stm32f1xx_hal_pcd.o
                                                  build/usbd_conf.o
HAL_PCD_DevConnect                                build/stm32f1xx_hal_pcd.o
HAL_PCD_DevDisconnect                             build/stm32f1xx_hal_pcd.o
HAL_PCD_DisconnectCallback                        build/usbd_conf.o
HAL_PCD_EP_Abort                                  build/stm32f1xx_hal_pcd.o
HAL_PCD_EP_Close                                  build/stm32f1xx_hal_pcd.o
                                                  build/usbd_conf.o
HAL_PCD_EP_ClrStall                               build/stm32f1xx_hal_pcd.o
                                                  build/usbd_conf.o
HAL_PCD_EP_Flush                                  build/stm32f1xx_hal_pcd.o
                                                  build/usbd_conf.o
HAL_PCD_EP_GetRxCount                             build/stm32f1xx_hal_pcd.o
                                                  build/usbd_conf.o
HAL_PCD_EP_Open                                   build/stm32f1xx_hal_pcd.o
                                                  build/usbd_conf.o
HAL_PCD_EP_Receive                                build/stm32f1xx_hal_pcd.o
                                                  build/usbd_conf.o
HAL_PCD_EP_SetStall                               build/stm32f1xx_hal_pcd.o
                                                  build/usbd_conf.o
HAL_PCD_EP_Transmit                               build/stm32f1xx_hal_pcd.o
                                                  build/usbd_conf.o
HAL_PCD_GetState                                  build/stm32f1xx_hal_pcd.o
HAL_PCD_IRQHandler                                build/stm32f1xx_hal_pcd.o
                                                  build/stm32f1xx_it.o
HAL_PCD_ISOINIncompleteCallback                   build/usbd_conf.o
HAL_PCD_ISOOUTIncompleteCallback                  build/usbd_conf.o
HAL_PCD_Init                                      build/stm32f1xx_hal_pcd.o
                                                  build/usbd_conf.o
HAL_PCD_MspDeInit                                 build/usbd_conf.o
HAL_PCD_MspInit                                   build/usbd_conf.o
HAL_PCD_ResetCallback                             build/usbd_conf.o
HAL_PCD_ResumeCallback                            build/usbd_conf.o
HAL_PCD_SOFCallback                               build/usbd_conf.o
HAL_PCD_SetAddress                                build/stm32f1xx_hal_pcd.o
                                                  build/usbd_conf.o
HAL_PCD_SetupStageCallback                        build/usbd_conf.o
HAL_PCD_Start                                     build/stm32f1xx_hal_pcd.o
                                                  build/usbd_conf.o
HAL_PCD_Stop                                      build/stm32f1xx_hal_pcd.o
                                                  build/usbd_conf.o
HAL_PCD_SuspendCallback                           build/usbd_conf.o
HAL_PCD_WKUP_IRQHandler                           build/stm32f1xx_hal_pcd.o
HAL_PWR_ConfigPVD                                 build/stm32f1xx_hal_pwr.o
HAL_PWR_DeInit                                    build/stm32f1xx_hal_pwr.o
HAL_PWR_DisableBkUpAccess                         build/stm32f1xx_hal_pwr.o
HAL_PWR_DisablePVD                                build/stm32f1xx_hal_pwr.o
HAL_PWR_DisableSEVOnPend                          build/stm32f1xx_hal_pwr.o
HAL_PWR_DisableSleepOnExit                        build/stm32f1xx_hal_pwr.o
HAL_PWR_DisableWakeUpPin                          build/stm32f1xx_hal_pwr.o
HAL_PWR_EnableBkUpAccess                          build/stm32f1xx_hal_pwr.o
HAL_PWR_EnablePVD                                 build/stm32f1xx_hal_pwr.o
HAL_PWR_EnableSEVOnPend                           build/stm32f1xx_hal_pwr.o
HAL_PWR_EnableSleepOnExit                         build/stm32f1xx_hal_pwr.o
HAL_PWR_EnableWakeUpPin                           build/stm32f1xx_hal_pwr.o
HAL_PWR_EnterSLEEPMode                            build/stm32f1xx_hal_pwr.o
HAL_PWR_EnterSTANDBYMode                          build/stm32f1xx_hal_pwr.o
HAL_PWR_EnterSTOPMode                             build/stm32f1xx_hal_pwr.o
HAL_PWR_PVDCallback                               build/stm32f1xx_hal_pwr.o
HAL_PWR_PVD_IRQHandler                            build/stm32f1xx_hal_pwr.o
HAL_RCCEx_GetPeriphCLKConfig                      build/stm32f1xx_hal_rcc_ex.o
HAL_RCCEx_GetPeriphCLKFreq                        build/stm32f1xx_hal_rcc_ex.o
HAL_RCCEx_PeriphCLKConfig                         build/stm32f1xx_hal_rcc_ex.o
                                                  build/main.o
HAL_RCC_CSSCallback                               build/stm32f1xx_hal_rcc.o
HAL_RCC_ClockConfig                               build/stm32f1xx_hal_rcc.o
                                                  build/main.o
HAL_RCC_DeInit                                    build/stm32f1xx_hal_rcc.o
HAL_RCC_DisableCSS                                build/stm32f1xx_hal_rcc.o
HAL_RCC_EnableCSS                                 build/stm32f1xx_hal_rcc.o
HAL_RCC_GetClockConfig                            build/stm32f1xx_hal_rcc.o
HAL_RCC_GetHCLKFreq                               build/stm32f1xx_hal_rcc.o
HAL_RCC_GetOscConfig                              build/stm32f1xx_hal_rcc.o
HAL_RCC_GetPCLK1Freq                              build/stm32f1xx_hal_rcc.o
                                                  build/stm32f1xx_hal_uart.o
HAL_RCC_GetPCLK2Freq                              build/stm32f1xx_hal_rcc.o
                                                  build/stm32f1xx_hal_uart.o
                                                  build/stm32f1xx_hal_rcc_ex.o
HAL_RCC_GetSysClockFreq                           build/stm32f1xx_hal_rcc.o
HAL_RCC_MCOConfig                                 build/stm32f1xx_hal_rcc.o
HAL_RCC_NMI_IRQHandler                            build/stm32f1xx_hal_rcc.o
HAL_RCC_OscConfig                                 build/stm32f1xx_hal_rcc.o
                                                  build/main.o
HAL_ResumeTick                                    build/stm32f1xx_hal.o
HAL_SYSTICK_CLKSourceConfig                       build/stm32f1xx_hal_cortex.o
HAL_SYSTICK_Callback                              build/stm32f1xx_hal_cortex.o
HAL_SYSTICK_Config                                build/stm32f1xx_hal_cortex.o
                                                  build/stm32f1xx_hal.o
HAL_SYSTICK_IRQHandler                            build/stm32f1xx_hal_cortex.o
HAL_SetTickFreq                                   build/stm32f1xx_hal.o
HAL_SuspendTick                                   build/stm32f1xx_hal.o
HAL_UARTEx_GetRxEventType                         build/stm32f1xx_hal_uart.o
HAL_UARTEx_ReceiveToIdle                          build/stm32f1xx_hal_uart.o
HAL_UARTEx_ReceiveToIdle_DMA                      build/stm32f1xx_hal_uart.o
HAL_UARTEx_ReceiveToIdle_IT                       build/stm32f1xx_hal_uart.o
HAL_UARTEx_RxEventCallback                        build/stm32f1xx_hal_uart.o
HAL_UART_Abort                                    build/stm32f1xx_hal_uart.o
HAL_UART_AbortCpltCallback                        build/stm32f1xx_hal_uart.o
HAL_UART_AbortReceive                             build/stm32f1xx_hal_uart.o
HAL_UART_AbortReceiveCpltCallback                 build/stm32f1xx_hal_uart.o
HAL_UART_AbortReceive_IT                          build/stm32f1xx_hal_uart.o
HAL_UART_AbortTransmit                            build/stm32f1xx_hal_uart.o
HAL_UART_AbortTransmitCpltCallback                build/stm32f1xx_hal_uart.o
HAL_UART_AbortTransmit_IT                         build/stm32f1xx_hal_uart.o
HAL_UART_Abort_IT                                 build/stm32f1xx_hal_uart.o
HAL_UART_DMAPause                                 build/stm32f1xx_hal_uart.o
HAL_UART_DMAResume                                build/stm32f1xx_hal_uart.o
HAL_UART_DMAStop                                  build/stm32f1xx_hal_uart.o
HAL_UART_DeInit                                   build/stm32f1xx_hal_uart.o
HAL_UART_ErrorCallback                            build/stm32f1xx_hal_uart.o
HAL_UART_GetError                                 build/stm32f1xx_hal_uart.o
HAL_UART_GetState                                 build/stm32f1xx_hal_uart.o
HAL_UART_IRQHandler                               build/stm32f1xx_hal_uart.o
HAL_UART_Init                                     build/stm32f1xx_hal_uart.o
                                                  build/usart.o
HAL_UART_MspDeInit                                build/usart.o
                                                  build/stm32f1xx_hal_uart.o
HAL_UART_MspInit                                  build/usart.o
                                                  build/stm32f1xx_hal_uart.o
HAL_UART_Receive                                  build/stm32f1xx_hal_uart.o
HAL_UART_Receive_DMA                              build/stm32f1xx_hal_uart.o
HAL_UART_Receive_IT                               build/stm32f1xx_hal_uart.o
HAL_UART_RxCpltCallback                           build/stm32f1xx_hal_uart.o
HAL_UART_RxHalfCpltCallback                       build/stm32f1xx_hal_uart.o
HAL_UART_Transmit                                 build/stm32f1xx_hal_uart.o
HAL_UART_Transmit_DMA                             build/stm32f1xx_hal_uart.o
HAL_UART_Transmit_IT                              build/stm32f1xx_hal_uart.o
HAL_UART_TxCpltCallback                           build/stm32f1xx_hal_uart.o
HAL_UART_TxHalfCpltCallback                       build/stm32f1xx_hal_uart.o
HardFault_Handler                                 build/stm32f1xx_it.o
I2C1_ER_IRQHandler                                build/startup_stm32f103xb.o
I2C1_EV_IRQHandler                                build/startup_stm32f103xb.o
I2C2_ER_IRQHandler                                build/startup_stm32f103xb.o
I2C2_EV_IRQHandler                                build/startup_stm32f103xb.o
JumpApp                                           build/jumpApp.o
                                                  build/main.o
MX_GPIO_Init                                      build/gpio.o
                                                  build/main.o
MX_USART1_UART_Init                               build/usart.o
                                                  build/main.o
MX_USB_DEVICE_Init                                build/usb_device.o
                                                  build/main.o
MemManage_Handler                                 build/stm32f1xx_it.o
NMI_Handler                                       build/stm32f1xx_it.o
PVD_IRQHandler                                    build/startup_stm32f103xb.o
PendSV_Handler                                    build/stm32f1xx_it.o
RCC_IRQHandler                                    build/startup_stm32f103xb.o
RTC_Alarm_IRQHandler                              build/startup_stm32f103xb.o
RTC_IRQHandler                                    build/startup_stm32f103xb.o
Reset_Handler                                     build/startup_stm32f103xb.o
SPI1_IRQHandler                                   build/startup_stm32f103xb.o
SPI2_IRQHandler                                   build/startup_stm32f103xb.o
SVC_Handler                                       build/stm32f1xx_it.o
SysTick_Handler                                   build/stm32f1xx_it.o
SystemClock_Config                                build/main.o
SystemCoreClock                                   build/system_stm32f1xx.o
                                                  build/stm32f1xx_hal_rcc.o
                                                  build/stm32f1xx_hal.o
SystemCoreClockUpdate                             build/system_stm32f1xx.o
SystemInit                                        build/system_stm32f1xx.o
                                                  build/startup_stm32f103xb.o
TAMPER_IRQHandler                                 build/startup_stm32f103xb.o
TIM1_BRK_IRQHandler                               build/startup_stm32f103xb.o
TIM1_CC_IRQHandler                                build/startup_stm32f103xb.o
TIM1_TRG_COM_IRQHandler                           build/startup_stm32f103xb.o
TIM1_UP_IRQHandler                                build/startup_stm32f103xb.o
TIM2_IRQHandler                                   build/startup_stm32f103xb.o
TIM3_IRQHandler                                   build/startup_stm32f103xb.o
TIM4_IRQHandler                                   build/startup_stm32f103xb.o
UART_Start_Receive_DMA                            build/stm32f1xx_hal_uart.o
UART_Start_Receive_IT                             build/stm32f1xx_hal_uart.o
USART1_IRQHandler                                 build/startup_stm32f103xb.o
USART2_IRQHandler                                 build/startup_stm32f103xb.o
USART3_IRQHandler                                 build/startup_stm32f103xb.o
USBD_ClrClassConfig                               build/usbd_core.o
                                                  build/usbd_ctlreq.o
USBD_CtlContinueRx                                build/usbd_ioreq.o
                                                  build/usbd_core.o
USBD_CtlContinueSendData                          build/usbd_ioreq.o
                                                  build/usbd_core.o
USBD_CtlError                                     build/usbd_ctlreq.o
                                                  build/usbd_dfu.o
USBD_CtlPrepareRx                                 build/usbd_ioreq.o
                                                  build/usbd_dfu.o
USBD_CtlReceiveStatus                             build/usbd_ioreq.o
                                                  build/usbd_core.o
USBD_CtlSendData                                  build/usbd_ioreq.o
                                                  build/usbd_dfu.o
                                                  build/usbd_ctlreq.o
USBD_CtlSendStatus                                build/usbd_ioreq.o
                                                  build/usbd_ctlreq.o
                                                  build/usbd_core.o
USBD_DFU                                          build/usbd_dfu.o
                                                  build/usb_device.o
USBD_DFU_RegisterMedia                            build/usbd_dfu.o
                                                  build/usb_device.o
USBD_DFU_fops_FS                                  build/usbd_dfu_if.o
                                                  build/usb_device.o
USBD_DeInit                                       build/usbd_core.o
USBD_FS_ConfigStrDescriptor                       build/usbd_desc.o
USBD_FS_DeviceDesc                                build/usbd_desc.o
USBD_FS_DeviceDescriptor                          build/usbd_desc.o
USBD_FS_InterfaceStrDescriptor                    build/usbd_desc.o