Archive member included to satisfy reference by file (symbol)

/Applications/ArmGNUToolchain/12.2.rel1/arm-none-eabi/bin/../lib/gcc/arm-none-eabi/12.2.1/../../../../arm-none-eabi/lib/thumb/v7-m/nofp/libc_nano.a(libc_a-exit.o)
                              /Applications/ArmGNUToolchain/12.2.rel1/arm-none-eabi/bin/../lib/gcc/arm-none-eabi/12.2.1/../../../../arm-none-eabi/lib/thumb/v7-m/nofp/crt0.o (exit)
/Applications/ArmGNUToolchain/12.2.rel1/arm-none-eabi/bin/../lib/gcc/arm-none-eabi/12.2.1/../../../../arm-none-eabi/lib/thumb/v7-m/nofp/libc_nano.a(libc_a-findfp.o)
                              /Applications/ArmGNUToolchain/12.2.rel1/arm-none-eabi/bin/../lib/gcc/arm-none-eabi/12.2.1/../../../../arm-none-eabi/lib/thumb/v7-m/nofp/libc_nano.a(libc_a-exit.o) (__stdio_exit_handler)
/Applications/ArmGNUToolchain/12.2.rel1/arm-none-eabi/bin/../lib/gcc/arm-none-eabi/12.2.1/../../../../arm-none-eabi/lib/thumb/v7-m/nofp/libc_nano.a(libc_a-fwalk.o)
                              /Applications/ArmGNUToolchain/12.2.rel1/arm-none-eabi/bin/../lib/gcc/arm-none-eabi/12.2.1/../../../../arm-none-eabi/lib/thumb/v7-m/nofp/libc_nano.a(libc_a-findfp.o) (_fwalk_sglue)
/Applications/ArmGNUToolchain/12.2.rel1/arm-none-eabi/bin/../lib/gcc/arm-none-eabi/12.2.1/../../../../arm-none-eabi/lib/thumb/v7-m/nofp/libc_nano.a(libc_a-memset.o)
                              /Applications/ArmGNUToolchain/12.2.rel1/arm-none-eabi/bin/../lib/gcc/arm-none-eabi/12.2.1/../../../../arm-none-eabi/lib/thumb/v7-m/nofp/crt0.o (memset)
/Applications/ArmGNUToolchain/12.2.rel1/arm-none-eabi/bin/../lib/gcc/arm-none-eabi/12.2.1/../../../../arm-none-eabi/lib/thumb/v7-m/nofp/libc_nano.a(libc_a-impure.o)
                              /Applications/ArmGNUToolchain/12.2.rel1/arm-none-eabi/bin/../lib/gcc/arm-none-eabi/12.2.1/../../../../arm-none-eabi/lib/thumb/v7-m/nofp/libc_nano.a(libc_a-findfp.o) (_impure_data)
/Applications/ArmGNUToolchain/12.2.rel1/arm-none-eabi/bin/../lib/gcc/arm-none-eabi/12.2.1/../../../../arm-none-eabi/lib/thumb/v7-m/nofp/libc_nano.a(libc_a-init.o)
                              /Applications/ArmGNUToolchain/12.2.rel1/arm-none-eabi/bin/../lib/gcc/arm-none-eabi/12.2.1/../../../../arm-none-eabi/lib/thumb/v7-m/nofp/crt0.o (__libc_init_array)
/Applications/ArmGNUToolchain/12.2.rel1/arm-none-eabi/bin/../lib/gcc/arm-none-eabi/12.2.1/../../../../arm-none-eabi/lib/thumb/v7-m/nofp/libc_nano.a(libc_a-lock.o)
                              /Applications/ArmGNUToolchain/12.2.rel1/arm-none-eabi/bin/../lib/gcc/arm-none-eabi/12.2.1/../../../../arm-none-eabi/lib/thumb/v7-m/nofp/libc_nano.a(libc_a-findfp.o) (__retarget_lock_init_recursive)
/Applications/ArmGNUToolchain/12.2.rel1/arm-none-eabi/bin/../lib/gcc/arm-none-eabi/12.2.1/../../../../arm-none-eabi/lib/thumb/v7-m/nofp/libc_nano.a(libc_a-mallocr.o)
                              /Applications/ArmGNUToolchain/12.2.rel1/arm-none-eabi/bin/../lib/gcc/arm-none-eabi/12.2.1/../../../../arm-none-eabi/lib/thumb/v7-m/nofp/libc_nano.a(libc_a-findfp.o) (_malloc_r)
/Applications/ArmGNUToolchain/12.2.rel1/arm-none-eabi/bin/../lib/gcc/arm-none-eabi/12.2.1/../../../../arm-none-eabi/lib/thumb/v7-m/nofp/libc_nano.a(libc_a-fflush.o)
                              /Applications/ArmGNUToolchain/12.2.rel1/arm-none-eabi/bin/../lib/gcc/arm-none-eabi/12.2.1/../../../../arm-none-eabi/lib/thumb/v7-m/nofp/libc_nano.a(libc_a-findfp.o) (_fflush_r)
/Applications/ArmGNUToolchain/12.2.rel1/arm-none-eabi/bin/../lib/gcc/arm-none-eabi/12.2.1/../../../../arm-none-eabi/lib/thumb/v7-m/nofp/libc_nano.a(libc_a-mlock.o)
                              /Applications/ArmGNUToolchain/12.2.rel1/arm-none-eabi/bin/../lib/gcc/arm-none-eabi/12.2.1/../../../../arm-none-eabi/lib/thumb/v7-m/nofp/libc_nano.a(libc_a-mallocr.o) (__malloc_lock)
/Applications/ArmGNUToolchain/12.2.rel1/arm-none-eabi/bin/../lib/gcc/arm-none-eabi/12.2.1/../../../../arm-none-eabi/lib/thumb/v7-m/nofp/libc_nano.a(libc_a-stdio.o)
                              /Applications/ArmGNUToolchain/12.2.rel1/arm-none-eabi/bin/../lib/gcc/arm-none-eabi/12.2.1/../../../../arm-none-eabi/lib/thumb/v7-m/nofp/libc_nano.a(libc_a-findfp.o) (__sread)
/Applications/ArmGNUToolchain/12.2.rel1/arm-none-eabi/bin/../lib/gcc/arm-none-eabi/12.2.1/../../../../arm-none-eabi/lib/thumb/v7-m/nofp/libc_nano.a(libc_a-closer.o)
                              /Applications/ArmGNUToolchain/12.2.rel1/arm-none-eabi/bin/../lib/gcc/arm-none-eabi/12.2.1/../../../../arm-none-eabi/lib/thumb/v7-m/nofp/libc_nano.a(libc_a-stdio.o) (_close_r)
/Applications/ArmGNUToolchain/12.2.rel1/arm-none-eabi/bin/../lib/gcc/arm-none-eabi/12.2.1/../../../../arm-none-eabi/lib/thumb/v7-m/nofp/libc_nano.a(libc_a-reent.o)
                              /Applications/ArmGNUToolchain/12.2.rel1/arm-none-eabi/bin/../lib/gcc/arm-none-eabi/12.2.1/../../../../arm-none-eabi/lib/thumb/v7-m/nofp/libc_nano.a(libc_a-closer.o) (errno)
[...]
Memory Configuration

Name             Origin             Length             Attributes
RAM              0x0000000020000000 0x0000000000005000 xrw
FLASH            0x0000000008000000 0x0000000000020000 xr
*default*        0x0000000000000000 0xffffffffffffffff

Linker script and memory map

LOAD /Applications/ArmGNUToolchain/12.2.rel1/arm-none-eabi/bin/../lib/gcc/arm-none-eabi/12.2.1/thumb/v7-m/nofp/crti.o
LOAD /Applications/ArmGNUToolchain/12.2.rel1/arm-none-eabi/bin/../lib/gcc/arm-none-eabi/12.2.1/thumb/v7-m/nofp/crtbegin.o
LOAD /Applications/ArmGNUToolchain/12.2.rel1/arm-none-eabi/bin/../lib/gcc/arm-none-eabi/12.2.1/../../../../arm-none-eabi/lib/thumb/v7-m/nofp/crt0.o
LOAD build/main.o
LOAD build/stm32f1xx_it.o
LOAD build/stm32f1xx_hal_msp.o
LOAD build/usb_device.o
LOAD build/usbd_desc.o
LOAD build/usbd_dfu_if.o
LOAD build/usbd_conf.o
LOAD build/stm32f1xx_hal_gpio_ex.o
LOAD build/stm32f1xx_hal_pcd.o
LOAD build/stm32f1xx_hal_pcd_ex.o
LOAD build/stm32f1xx_ll_usb.o
LOAD build/stm32f1xx_hal.o
LOAD build/stm32f1xx_hal_rcc.o
LOAD build/stm32f1xx_hal_rcc_ex.o
LOAD build/stm32f1xx_hal_gpio.o
LOAD build/stm32f1xx_hal_dma.o
LOAD build/stm32f1xx_hal_cortex.o
LOAD build/stm32f1xx_hal_pwr.o
LOAD build/stm32f1xx_hal_flash.o
LOAD build/stm32f1xx_hal_flash_ex.o
LOAD build/stm32f1xx_hal_exti.o
LOAD build/stm32f1xx_hal_tim.o
LOAD build/stm32f1xx_hal_tim_ex.o
LOAD build/stm32f1xx_hal_uart.o
LOAD build/system_stm32f1xx.o
LOAD build/usbd_core.o
LOAD build/usbd_ctlreq.o
LOAD build/usbd_ioreq.o
LOAD build/usbd_dfu.o
LOAD build/gpio.o
LOAD build/usart.o
LOAD build/jumpApp.o
LOAD build/startup_stm32f103xb.o
LOAD /Applications/ArmGNUToolchain/12.2.rel1/arm-none-eabi/bin/../lib/gcc/arm-none-eabi/12.2.1/../../../../arm-none-eabi/lib/thumb/v7-m/nofp/libc_nano.a
LOAD /Applications/ArmGNUToolchain/12.2.rel1/arm-none-eabi/bin/../lib/gcc/arm-none-eabi/12.2.1/../../../../arm-none-eabi/lib/thumb/v7-m/nofp/libm.a
LOAD /Applications/ArmGNUToolchain/12.2.rel1/arm-none-eabi/bin/../lib/gcc/arm-none-eabi/12.2.1/../../../../arm-none-eabi/lib/thumb/v7-m/nofp/libnosys.a
START GROUP
LOAD /Applications/ArmGNUToolchain/12.2.rel1/arm-none-eabi/bin/../lib/gcc/arm-none-eabi/12.2.1/thumb/v7-m/nofp/libgcc.a
LOAD /Applications/ArmGNUToolchain/12.2.rel1/arm-none-eabi/bin/../lib/gcc/arm-none-eabi/12.2.1/../../../../arm-none-eabi/lib/thumb/v7-m/nofp/libc_nano.a
END GROUP
START GROUP
LOAD /Applications/ArmGNUToolchain/12.2.rel1/arm-none-eabi/bin/../lib/gcc/arm-none-eabi/12.2.1/thumb/v7-m/nofp/libgcc.a
LOAD /Applications/ArmGNUToolchain/12.2.rel1/arm-none-eabi/bin/../lib/gcc/arm-none-eabi/12.2.1/../../../../arm-none-eabi/lib/thumb/v7-m/nofp/libc_nano.a
END GROUP
LOAD /Applications/ArmGNUToolchain/12.2.rel1/arm-none-eabi/bin/../lib/gcc/arm-none-eabi/12.2.1/thumb/v7-m/nofp/crtend.o
LOAD /Applications/ArmGNUToolchain/12.2.rel1/arm-none-eabi/bin/../lib/gcc/arm-none-eabi/12.2.1/thumb/v7-m/nofp/crtn.o
                0x0000000020005000                _estack = (ORIGIN (RAM) + LENGTH (RAM))
                0x0000000000000200                _Min_Heap_Size = 0x200
                0x0000000000000400                _Min_Stack_Size = 0x400

.isr_vector     0x0000000008000000      0x10c
                0x0000000008000000                . = ALIGN (0x4)
 *(.isr_vector)
 .isr_vector    0x0000000008000000      0x10c build/startup_stm32f103xb.o
                0x0000000008000000                g_pfnVectors
                0x000000000800010c                . = ALIGN (0x4)

.text           0x000000000800010c     0x3560
                0x000000000800010c                . = ALIGN (0x4)
 *(.text)
 *(.text*)
 .text.deregister_tm_clones
                0x000000000800010c       0x1c /Applications/ArmGNUToolchain/12.2.rel1/arm-none-eabi/bin/../lib/gcc/arm-none-eabi/12.2.1/thumb/v7-m/nofp/crtbegin.o
 .text.register_tm_clones
                0x0000000008000128       0x24 /Applications/ArmGNUToolchain/12.2.rel1/arm-none-eabi/bin/../lib/gcc/arm-none-eabi/12.2.1/thumb/v7-m/nofp/crtbegin.o
 .text.__do_global_dtors_aux
                0x000000000800014c       0x28 /Applications/ArmGNUToolchain/12.2.rel1/arm-none-eabi/bin/../lib/gcc/arm-none-eabi/12.2.1/thumb/v7-m/nofp/crtbegin.o
 .text.frame_dummy
                0x0000000008000174       0x24 /Applications/ArmGNUToolchain/12.2.rel1/arm-none-eabi/bin/../lib/gcc/arm-none-eabi/12.2.1/thumb/v7-m/nofp/crtbegin.o
 .text.Error_Handler
                0x0000000008000198        0x4 build/main.o
                0x0000000008000198                Error_Handler
 .text.SystemClock_Config
                0x000000000800019c       0x82 build/main.o
                0x000000000800019c                SystemClock_Config
 *fill*         0x000000000800021e        0x2 
 .text.main     0x0000000008000220       0x40 build/main.o
                0x0000000008000220                main
 .text.NMI_Handler
                0x0000000008000260        0x2 build/stm32f1xx_it.o
                0x0000000008000260                NMI_Handler
 .text.HardFault_Handler
                0x0000000008000262        0x2 build/stm32f1xx_it.o
                0x0000000008000262                HardFault_Handler
 .text.MemManage_Handler
                0x0000000008000264        0x2 build/stm32f1xx_it.o
                0x0000000008000264                MemManage_Handler
 .text.BusFault_Handler
                0x0000000008000266        0x2 build/stm32f1xx_it.o
                0x0000000008000266                BusFault_Handler
 .text.UsageFault_Handler
                0x0000000008000268        0x2 build/stm32f1xx_it.o
                0x0000000008000268                UsageFault_Handler
 .text.SVC_Handler
                0x000000000800026a        0x2 build/stm32f1xx_it.o
                0x000000000800026a                SVC_Handler
 .text.DebugMon_Handler
                0x000000000800026c        0x2 build/stm32f1xx_it.o
                0x000000000800026c                DebugMon_Handler
 .text.PendSV_Handler
                0x000000000800026e        0x2 build/stm32f1xx_it.o
                0x000000000800026e                PendSV_Handler
 .text.SysTick_Handler
                0x0000000008000270        0x8 build/stm32f1xx_it.o
                0x0000000008000270                SysTick_Handler
 .text.USB_LP_CAN1_RX0_IRQHandler
                0x0000000008000278       0x10 build/stm32f1xx_it.o
                0x0000000008000278                USB_LP_CAN1_RX0_IRQHandler
 .text.HAL_MspInit
                0x0000000008000288       0x44 build/stm32f1xx_hal_msp.o
                0x0000000008000288                HAL_MspInit
 .text.USBD_Get_USB_Status
                0x00000000080002cc       0x14 build/usbd_conf.o
 .text.HAL_PCD_SetupStageCallback
                0x00000000080002e0       0x10 build/usbd_conf.o
                0x00000000080002e0                HAL_PCD_SetupStageCallback
 .text.HAL_PCD_DataOutStageCallback
                0x00000000080002f0       0x18 build/usbd_conf.o
                0x00000000080002f0                HAL_PCD_DataOutStageCallback
 .text.HAL_PCD_DataInStageCallback
                0x0000000008000308       0x16 build/usbd_conf.o
                0x0000000008000308                HAL_PCD_DataInStageCallback
 .text.HAL_PCD_SOFCallback
                0x000000000800031e        0xc build/usbd_conf.o
                0x000000000800031e                HAL_PCD_SOFCallback
 .text.HAL_PCD_ResetCallback
                0x000000000800032a       0x24 build/usbd_conf.o
                0x000000000800032a                HAL_PCD_ResetCallback
 *fill*         0x000000000800034e        0x2 
 .text.HAL_PCD_SuspendCallback
                0x0000000008000350       0x20 build/usbd_conf.o
                0x0000000008000350                HAL_PCD_SuspendCallback
 .text.HAL_PCD_ResumeCallback
                0x0000000008000370        0xc build/usbd_conf.o
                0x0000000008000370                HAL_PCD_ResumeCallback
 .text.USBD_LL_OpenEP
                0x000000000800037c       0x16 build/usbd_conf.o
                0x000000000800037c                USBD_LL_OpenEP
 .text.USBD_LL_StallEP
                0x0000000008000392       0x10 build/usbd_conf.o
                0x0000000008000392                USBD_LL_StallEP
 .text.USBD_LL_ClearStallEP
                0x00000000080003a2       0x10 build/usbd_conf.o
                0x00000000080003a2                USBD_LL_ClearStallEP
 .text.USBD_LL_IsStallEP
                0x00000000080003b2       0x2e build/usbd_conf.o
                0x00000000080003b2                USBD_LL_IsStallEP
 .text.USBD_LL_SetUSBAddress
                0x00000000080003e0       0x10 build/usbd_conf.o
                0x00000000080003e0                USBD_LL_SetUSBAddress
 .text.USBD_LL_Transmit
                0x00000000080003f0       0x10 build/usbd_conf.o
                0x00000000080003f0                USBD_LL_Transmit
 .text.USBD_LL_PrepareReceive
                0x0000000008000400       0x10 build/usbd_conf.o
                0x0000000008000400                USBD_LL_PrepareReceive
 .text.HAL_PCD_EP_DB_Receive
                0x0000000008000410      0x11c build/stm32f1xx_hal_pcd.o
 .text.HAL_PCD_EP_DB_Transmit
                0x000000000800052c      0x424 build/stm32f1xx_hal_pcd.o
 .text.PCD_EP_ISR_Handler
                0x0000000008000950      0x53e build/stm32f1xx_hal_pcd.o
 .text.HAL_PCD_SetAddress
                0x0000000008000e8e       0x28 build/stm32f1xx_hal_pcd.o
                0x0000000008000e8e                HAL_PCD_SetAddress
 .text.HAL_PCD_IRQHandler
                0x0000000008000eb6      0x1b0 build/stm32f1xx_hal_pcd.o
                0x0000000008000eb6                HAL_PCD_IRQHandler
 .text.HAL_PCD_EP_Open
                0x0000000008001066       0x7c build/stm32f1xx_hal_pcd.o
                0x0000000008001066                HAL_PCD_EP_Open
 .text.HAL_PCD_EP_Receive
                0x00000000080010e2       0x3a build/stm32f1xx_hal_pcd.o
                0x00000000080010e2                HAL_PCD_EP_Receive
 .text.HAL_PCD_EP_Transmit
                0x000000000800111c       0x44 build/stm32f1xx_hal_pcd.o
                0x000000000800111c                HAL_PCD_EP_Transmit
 .text.HAL_PCD_EP_SetStall
                0x0000000008001160       0x78 build/stm32f1xx_hal_pcd.o
                0x0000000008001160                HAL_PCD_EP_SetStall
 .text.HAL_PCD_EP_ClrStall
                0x00000000080011d8       0x76 build/stm32f1xx_hal_pcd.o
                0x00000000080011d8                HAL_PCD_EP_ClrStall
 .text.USB_ActivateEndpoint
                0x000000000800124e      0x3ca build/stm32f1xx_ll_usb.o
                0x000000000800124e                USB_ActivateEndpoint
 .text.USB_EPSetStall
                0x0000000008001618       0x4a build/stm32f1xx_ll_usb.o
                0x0000000008001618                USB_EPSetStall
 .text.USB_EPClearStall
                0x0000000008001662       0xa2 build/stm32f1xx_ll_usb.o
                0x0000000008001662                USB_EPClearStall
 .text.USB_SetDevAddress
                0x0000000008001704        0xc build/stm32f1xx_ll_usb.o
                0x0000000008001704                USB_SetDevAddress
 .text.USB_ReadInterrupts
                0x0000000008001710        0x8 build/stm32f1xx_ll_usb.o
                0x0000000008001710                USB_ReadInterrupts
 .text.USB_EP0_OutStart
                0x0000000008001718        0x4 build/stm32f1xx_ll_usb.o
                0x0000000008001718                USB_EP0_OutStart
 .text.USB_WritePMA
                0x000000000800171c       0x26 build/stm32f1xx_ll_usb.o
                0x000000000800171c                USB_WritePMA
 .text.USB_EPStartXfer
                0x0000000008001742      0x7ce build/stm32f1xx_ll_usb.o
                0x0000000008001742                USB_EPStartXfer
 .text.USB_ReadPMA
                0x0000000008001f10       0x30 build/stm32f1xx_ll_usb.o
                0x0000000008001f10                USB_ReadPMA
 .text.HAL_InitTick
                0x0000000008001f40       0x4c build/stm32f1xx_hal.o
                0x0000000008001f40                HAL_InitTick
 .text.HAL_Init
                0x0000000008001f8c       0x24 build/stm32f1xx_hal.o
                0x0000000008001f8c                HAL_Init
 .text.HAL_IncTick
                0x0000000008001fb0       0x18 build/stm32f1xx_hal.o
                0x0000000008001fb0                HAL_IncTick
 .text.HAL_GetTick
                0x0000000008001fc8        0xc build/stm32f1xx_hal.o
                0x0000000008001fc8                HAL_GetTick
 .text.HAL_Delay
                0x0000000008001fd4       0x28 build/stm32f1xx_hal.o
                0x0000000008001fd4                HAL_Delay
 .text.RCC_Delay
                0x0000000008001ffc       0x2c build/stm32f1xx_hal_rcc.o
 .text.HAL_RCC_OscConfig
                0x0000000008002028      0x410 build/stm32f1xx_hal_rcc.o
                0x0000000008002028                HAL_RCC_OscConfig
 .text.HAL_RCC_GetSysClockFreq
                0x0000000008002438       0x54 build/stm32f1xx_hal_rcc.o
                0x0000000008002438                HAL_RCC_GetSysClockFreq
 .text.HAL_RCC_ClockConfig
                0x000000000800248c      0x16c build/stm32f1xx_hal_rcc.o
                0x000000000800248c                HAL_RCC_ClockConfig
 .text.HAL_RCC_GetHCLKFreq
                0x00000000080025f8        0xc build/stm32f1xx_hal_rcc.o
                0x00000000080025f8                HAL_RCC_GetHCLKFreq
 .text.HAL_RCC_GetPCLK1Freq
                0x0000000008002604       0x20 build/stm32f1xx_hal_rcc.o
                0x0000000008002604                HAL_RCC_GetPCLK1Freq
 .text.HAL_RCC_GetPCLK2Freq
                0x0000000008002624       0x20 build/stm32f1xx_hal_rcc.o
                0x0000000008002624                HAL_RCC_GetPCLK2Freq
 .text.HAL_RCCEx_PeriphCLKConfig
                0x0000000008002644      0x118 build/stm32f1xx_hal_rcc_ex.o
                0x0000000008002644                HAL_RCCEx_PeriphCLKConfig
 .text.HAL_GPIO_Init
                0x000000000800275c      0x21c build/stm32f1xx_hal_gpio.o
                0x000000000800275c                HAL_GPIO_Init
 .text.HAL_GPIO_WritePin
                0x0000000008002978        0xc build/stm32f1xx_hal_gpio.o
                0x0000000008002978                HAL_GPIO_WritePin
 .text.__NVIC_SetPriority
                0x0000000008002984       0x28 build/stm32f1xx_hal_cortex.o
 .text.NVIC_EncodePriority
                0x00000000080029ac       0x3e build/stm32f1xx_hal_cortex.o
 *fill*         0x00000000080029ea        0x2 
 .text.HAL_NVIC_SetPriorityGrouping
                0x00000000080029ec       0x24 build/stm32f1xx_hal_cortex.o
                0x00000000080029ec                HAL_NVIC_SetPriorityGrouping
 .text.HAL_NVIC_SetPriority
                0x0000000008002a10       0x20 build/stm32f1xx_hal_cortex.o
                0x0000000008002a10                HAL_NVIC_SetPriority
 .text.HAL_SYSTICK_Config
                0x0000000008002a30       0x28 build/stm32f1xx_hal_cortex.o
                0x0000000008002a30                HAL_SYSTICK_Config
 .text.UART_SetConfig
                0x0000000008002a58       0x94 build/stm32f1xx_hal_uart.o
 .text.HAL_UART_Init
                0x0000000008002aec       0x60 build/stm32f1xx_hal_uart.o
                0x0000000008002aec                HAL_UART_Init
 .text.SystemInit
                0x0000000008002b4c        0x2 build/system_stm32f1xx.o
                0x0000000008002b4c                SystemInit
 .text.USBD_SetClassConfig
                0x0000000008002b4e       0x18 build/usbd_core.o
                0x0000000008002b4e                USBD_SetClassConfig
 .text.USBD_ClrClassConfig
                0x0000000008002b66        0xe build/usbd_core.o
                0x0000000008002b66                USBD_ClrClassConfig
 .text.USBD_LL_SetupStage
                0x0000000008002b74       0x5a build/usbd_core.o
                0x0000000008002b74                USBD_LL_SetupStage
 .text.USBD_LL_DataOutStage
                0x0000000008002bce       0x8c build/usbd_core.o
                0x0000000008002bce                USBD_LL_DataOutStage
 .text.USBD_LL_DataInStage
                0x0000000008002c5a       0xd0 build/usbd_core.o
                0x0000000008002c5a                USBD_LL_DataInStage
 .text.USBD_LL_Reset
                0x0000000008002d2a       0x50 build/usbd_core.o
                0x0000000008002d2a                USBD_LL_Reset
 .text.USBD_LL_SetSpeed
                0x0000000008002d7a        0x6 build/usbd_core.o
                0x0000000008002d7a                USBD_LL_SetSpeed
 .text.USBD_LL_Suspend
                0x0000000008002d80       0x12 build/usbd_core.o
                0x0000000008002d80                USBD_LL_Suspend
 .text.USBD_LL_Resume
                0x0000000008002d92       0x16 build/usbd_core.o
                0x0000000008002d92                USBD_LL_Resume
 .text.USBD_LL_SOF
                0x0000000008002da8       0x1c build/usbd_core.o
                0x0000000008002da8                USBD_LL_SOF
 .text.USBD_SetFeature
                0x0000000008002dc4       0x14 build/usbd_ctlreq.o
 .text.USBD_ParseSetupRequest
                0x0000000008002dd8       0x28 build/usbd_ctlreq.o
                0x0000000008002dd8                USBD_ParseSetupRequest
 .text.USBD_CtlError
                0x0000000008002e00       0x14 build/usbd_ctlreq.o
                0x0000000008002e00                USBD_CtlError
 .text.USBD_GetDescriptor
                0x0000000008002e14      0x196 build/usbd_ctlreq.o
 .text.USBD_SetAddress
                0x0000000008002faa       0x4e build/usbd_ctlreq.o
 .text.USBD_SetConfig
                0x0000000008002ff8       0xb0 build/usbd_ctlreq.o
 .text.USBD_GetConfig
                0x00000000080030a8       0x3e build/usbd_ctlreq.o
 .text.USBD_GetStatus
                0x00000000080030e6       0x38 build/usbd_ctlreq.o
 .text.USBD_ClrFeature
                0x000000000800311e       0x26 build/usbd_ctlreq.o
 .text.USBD_StdDevReq
                0x0000000008003144       0x68 build/usbd_ctlreq.o
                0x0000000008003144                USBD_StdDevReq
 .text.USBD_StdItfReq
                0x00000000080031ac       0x60 build/usbd_ctlreq.o
                0x00000000080031ac                USBD_StdItfReq
 .text.USBD_StdEPReq
                0x000000000800320c      0x1e2 build/usbd_ctlreq.o
                0x000000000800320c                USBD_StdEPReq
 .text.USBD_CtlSendData
                0x00000000080033ee       0x1a build/usbd_ioreq.o
                0x00000000080033ee                USBD_CtlSendData
 .text.USBD_CtlContinueSendData
                0x0000000008003408       0x10 build/usbd_ioreq.o
                0x0000000008003408                USBD_CtlContinueSendData
 .text.USBD_CtlContinueRx
                0x0000000008003418       0x10 build/usbd_ioreq.o
                0x0000000008003418                USBD_CtlContinueRx
 .text.USBD_CtlSendStatus
                0x0000000008003428       0x16 build/usbd_ioreq.o
                0x0000000008003428                USBD_CtlSendStatus
 .text.USBD_CtlReceiveStatus
                0x000000000800343e       0x16 build/usbd_ioreq.o
                0x000000000800343e                USBD_CtlReceiveStatus
 .text.MX_GPIO_Init
                0x0000000008003454       0x98 build/gpio.o
                0x0000000008003454                MX_GPIO_Init
 .text.MX_USART1_UART_Init
                0x00000000080034ec       0x34 build/usart.o
                0x00000000080034ec                MX_USART1_UART_Init
 .text.HAL_UART_MspInit
                0x0000000008003520       0x78 build/usart.o
                0x0000000008003520                HAL_UART_MspInit
 .text.JumpApp  0x0000000008003598       0x18 build/jumpApp.o
                0x0000000008003598                JumpApp
 .text.Reset_Handler
                0x00000000080035b0       0x48 build/startup_stm32f103xb.o
                0x00000000080035b0                Reset_Handler
 .text.Default_Handler
                0x00000000080035f8        0x2 build/startup_stm32f103xb.o
                0x00000000080035f8                USBWakeUp_IRQHandler
                0x00000000080035f8                EXTI2_IRQHandler
                0x00000000080035f8                TIM1_CC_IRQHandler
                0x00000000080035f8                PVD_IRQHandler
                0x00000000080035f8                EXTI3_IRQHandler
                0x00000000080035f8                EXTI0_IRQHandler
                0x00000000080035f8                I2C2_EV_IRQHandler
                0x00000000080035f8                ADC1_2_IRQHandler
                0x00000000080035f8                SPI1_IRQHandler
                0x00000000080035f8                TAMPER_IRQHandler
                0x00000000080035f8                DMA1_Channel4_IRQHandler
                0x00000000080035f8                USART3_IRQHandler
                0x00000000080035f8                RTC_IRQHandler
                0x00000000080035f8                DMA1_Channel7_IRQHandler
                0x00000000080035f8                CAN1_RX1_IRQHandler
                0x00000000080035f8                TIM4_IRQHandler
                0x00000000080035f8                I2C1_EV_IRQHandler
                0x00000000080035f8                DMA1_Channel6_IRQHandler
                0x00000000080035f8                TIM3_IRQHandler
                0x00000000080035f8                RCC_IRQHandler
                0x00000000080035f8                TIM1_TRG_COM_IRQHandler
                0x00000000080035f8                DMA1_Channel1_IRQHandler
                0x00000000080035f8                Default_Handler
                0x00000000080035f8                EXTI15_10_IRQHandler
                0x00000000080035f8                EXTI9_5_IRQHandler
                0x00000000080035f8                SPI2_IRQHandler
                0x00000000080035f8                DMA1_Channel5_IRQHandler
                0x00000000080035f8                EXTI4_IRQHandler
                0x00000000080035f8                USB_HP_CAN1_TX_IRQHandler
                0x00000000080035f8                DMA1_Channel3_IRQHandler
                0x00000000080035f8                TIM1_UP_IRQHandler
                0x00000000080035f8                WWDG_IRQHandler
                0x00000000080035f8                TIM2_IRQHandler
                0x00000000080035f8                TIM1_BRK_IRQHandler
                0x00000000080035f8                EXTI1_IRQHandler
                0x00000000080035f8                USART2_IRQHandler
                0x00000000080035f8                I2C2_ER_IRQHandler
                0x00000000080035f8                DMA1_Channel2_IRQHandler
                0x00000000080035f8                CAN1_SCE_IRQHandler
                0x00000000080035f8                FLASH_IRQHandler
                0x00000000080035f8                USART1_IRQHandler
                0x00000000080035f8                I2C1_ER_IRQHandler
                0x00000000080035f8                RTC_Alarm_IRQHandler
 .text.memset   0x00000000080035fa       0x10 /Applications/ArmGNUToolchain/12.2.rel1/arm-none-eabi/bin/../lib/gcc/arm-none-eabi/12.2.1/../../../../arm-none-eabi/lib/thumb/v7-m/nofp/libc_nano.a(libc_a-memset.o)
                0x00000000080035fa                memset
 *fill*         0x000000000800360a        0x2 
 .text.__libc_init_array
                0x000000000800360c       0x48 /Applications/ArmGNUToolchain/12.2.rel1/arm-none-eabi/bin/../lib/gcc/arm-none-eabi/12.2.1/../../../../arm-none-eabi/lib/thumb/v7-m/nofp/libc_nano.a(libc_a-init.o)
                0x000000000800360c                __libc_init_array
 *(.glue_7)
 .glue_7        0x0000000008003654        0x0 linker stubs
 *(.glue_7t)
 .glue_7t       0x0000000008003654        0x0 linker stubs
 *(.eh_frame)
 .eh_frame      0x0000000008003654        0x0 /Applications/ArmGNUToolchain/12.2.rel1/arm-none-eabi/bin/../lib/gcc/arm-none-eabi/12.2.1/thumb/v7-m/nofp/crtbegin.o
 *(.init)
 .init          0x0000000008003654        0x4 /Applications/ArmGNUToolchain/12.2.rel1/arm-none-eabi/bin/../lib/gcc/arm-none-eabi/12.2.1/thumb/v7-m/nofp/crti.o
                0x0000000008003654                _init
 .init          0x0000000008003658        0x8 /Applications/ArmGNUToolchain/12.2.rel1/arm-none-eabi/bin/../lib/gcc/arm-none-eabi/12.2.1/thumb/v7-m/nofp/crtn.o
 *(.fini)
 .fini          0x0000000008003660        0x4 /Applications/ArmGNUToolchain/12.2.rel1/arm-none-eabi/bin/../lib/gcc/arm-none-eabi/12.2.1/thumb/v7-m/nofp/crti.o
                0x0000000008003660                _fini
 .fini          0x0000000008003664        0x8 /Applications/ArmGNUToolchain/12.2.rel1/arm-none-eabi/bin/../lib/gcc/arm-none-eabi/12.2.1/thumb/v7-m/nofp/crtn.o
                0x000000000800366c                . = ALIGN (0x4)
                0x000000000800366c                _etext = .

.vfp11_veneer   0x000000000800366c        0x0
 .vfp11_veneer  0x000000000800366c        0x0 linker stubs

.v4_bx          0x000000000800366c        0x0
 .v4_bx         0x000000000800366c        0x0 linker stubs

.iplt           0x000000000800366c        0x0
 .iplt          0x000000000800366c        0x0 /Applications/ArmGNUToolchain/12.2.rel1/arm-none-eabi/bin/../lib/gcc/arm-none-eabi/12.2.1/thumb/v7-m/nofp/crtbegin.o

.rodata         0x000000000800366c       0x2c
                0x000000000800366c                . = ALIGN (0x4)
 *(.rodata)
 *(.rodata*)
 .rodata.aPredivFactorTable.0
                0x000000000800366c        0x2 build/stm32f1xx_hal_rcc.o
 *fill*         0x000000000800366e        0x2 
 .rodata.aPLLMULFactorTable.1
                0x0000000008003670       0x10 build/stm32f1xx_hal_rcc.o
 .rodata.APBPrescTable
                0x0000000008003680        0x8 build/system_stm32f1xx.o
                0x0000000008003680                APBPrescTable
 .rodata.AHBPrescTable
                0x0000000008003688       0x10 build/system_stm32f1xx.o
                0x0000000008003688                AHBPrescTable
                0x0000000008003698                . = ALIGN (0x4)

.rel.dyn        0x0000000008003698        0x0
 .rel.iplt      0x0000000008003698        0x0 /Applications/ArmGNUToolchain/12.2.rel1/arm-none-eabi/bin/../lib/gcc/arm-none-eabi/12.2.1/thumb/v7-m/nofp/crtbegin.o

.ARM.extab
 *(.ARM.extab* .gnu.linkonce.armextab.*)

.ARM            0x0000000008003698        0x0
                0x0000000008003698                __exidx_start = .
 *(.ARM.exidx*)
                0x0000000008003698                __exidx_end = .

.preinit_array  0x0000000008003698        0x0
                0x0000000008003698                PROVIDE (__preinit_array_start = .)
 *(.preinit_array*)
                0x0000000008003698                PROVIDE (__preinit_array_end = .)

.init_array     0x0000000008003698        0x4
                0x0000000008003698                PROVIDE (__init_array_start = .)
 *(SORT_BY_NAME(.init_array.*))
 *(.init_array*)
 .init_array    0x0000000008003698        0x4 /Applications/ArmGNUToolchain/12.2.rel1/arm-none-eabi/bin/../lib/gcc/arm-none-eabi/12.2.1/thumb/v7-m/nofp/crtbegin.o
                0x000000000800369c                PROVIDE (__init_array_end = .)

.fini_array     0x000000000800369c        0x4
                [!provide]                        PROVIDE (__fini_array_start = .)
 *(SORT_BY_NAME(.fini_array.*))
 *(.fini_array*)
 .fini_array    0x000000000800369c        0x4 /Applications/ArmGNUToolchain/12.2.rel1/arm-none-eabi/bin/../lib/gcc/arm-none-eabi/12.2.1/thumb/v7-m/nofp/crtbegin.o
                [!provide]                        PROVIDE (__fini_array_end = .)
                0x00000000080036a0                _sidata = LOADADDR (.data)

.data           0x0000000020000000        0xc load address 0x00000000080036a0
                0x0000000020000000                . = ALIGN (0x4)
                0x0000000020000000                _sdata = .
 *(.data)
 *(.data*)
 .data.uwTickFreq
                0x0000000020000000        0x1 build/stm32f1xx_hal.o
                0x0000000020000000                uwTickFreq
 *fill*         0x0000000020000001        0x3 
 .data.uwTickPrio
                0x0000000020000004        0x4 build/stm32f1xx_hal.o
                0x0000000020000004                uwTickPrio
 .data.SystemCoreClock
                0x0000000020000008        0x4 build/system_stm32f1xx.o
                0x0000000020000008                SystemCoreClock
                0x000000002000000c                . = ALIGN (0x4)
                0x000000002000000c                _edata = .

.tm_clone_table
                0x000000002000000c        0x0 load address 0x00000000080036ac
 .tm_clone_table
                0x000000002000000c        0x0 /Applications/ArmGNUToolchain/12.2.rel1/arm-none-eabi/bin/../lib/gcc/arm-none-eabi/12.2.1/thumb/v7-m/nofp/crtbegin.o
 .tm_clone_table
                0x000000002000000c        0x0 /Applications/ArmGNUToolchain/12.2.rel1/arm-none-eabi/bin/../lib/gcc/arm-none-eabi/12.2.1/thumb/v7-m/nofp/crtend.o

.igot.plt       0x000000002000000c        0x0 load address 0x00000000080036ac
 .igot.plt      0x000000002000000c        0x0 /Applications/ArmGNUToolchain/12.2.rel1/arm-none-eabi/bin/../lib/gcc/arm-none-eabi/12.2.1/thumb/v7-m/nofp/crtbegin.o
                0x000000002000000c                . = ALIGN (0x4)

.bss            0x000000002000000c      0x35c load address 0x00000000080036ac
                0x000000002000000c                _sbss = .
                0x000000002000000c                __bss_start__ = _sbss
 *(.bss)
 *(.bss*)
 .bss.completed.1
                0x000000002000000c        0x1 /Applications/ArmGNUToolchain/12.2.rel1/arm-none-eabi/bin/../lib/gcc/arm-none-eabi/12.2.1/thumb/v7-m/nofp/crtbegin.o
 *fill*         0x000000002000000d        0x3 
 .bss.object.0  0x0000000020000010       0x18 /Applications/ArmGNUToolchain/12.2.rel1/arm-none-eabi/bin/../lib/gcc/arm-none-eabi/12.2.1/thumb/v7-m/nofp/crtbegin.o
 .bss.hpcd_USB_FS
                0x0000000020000028      0x2f0 build/usbd_conf.o
                0x0000000020000028                hpcd_USB_FS
 .bss.uwTick    0x0000000020000318        0x4 build/stm32f1xx_hal.o
                0x0000000020000318                uwTick
 .bss.cfgidx.0  0x000000002000031c        0x1 build/usbd_ctlreq.o
 *fill*         0x000000002000031d        0x3 
 .bss.huart1    0x0000000020000320       0x48 build/usart.o
                0x0000000020000320                huart1
 *(COMMON)
                0x0000000020000368                . = ALIGN (0x4)
                0x0000000020000368                _ebss = .
                0x0000000020000368                __bss_end__ = _ebss

._user_heap_stack
                0x0000000020000368      0x600 load address 0x00000000080036ac
                0x0000000020000368                . = ALIGN (0x8)
                0x0000000020000368                PROVIDE (end = .)
                [!provide]                        PROVIDE (_end = .)
                0x0000000020000568                . = (. + _Min_Heap_Size)
 *fill*         0x0000000020000368      0x200 
                0x0000000020000968                . = (. + _Min_Stack_Size)
 *fill*         0x0000000020000568      0x400 
                0x0000000020000968                . = ALIGN (0x8)

/DISCARD/
 libc.a(*)
 libm.a(*)
 libgcc.a(*)

.ARM.attributes
                0x0000000000000000       0x29
 *(.ARM.attributes)
 .ARM.attributes
                0x0000000000000000       0x1d /Applications/ArmGNUToolchain/12.2.rel1/arm-none-eabi/bin/../lib/gcc/arm-none-eabi/12.2.1/thumb/v7-m/nofp/crti.o
 .ARM.attributes
                0x000000000000001d       0x2d /Applications/ArmGNUToolchain/12.2.rel1/arm-none-eabi/bin/../lib/gcc/arm-none-eabi/12.2.1/thumb/v7-m/nofp/crtbegin.o
 .ARM.attributes
                0x000000000000004a       0x2d build/main.o
 .ARM.attributes
                0x0000000000000077       0x2d build/stm32f1xx_it.o
 .ARM.attributes
                0x00000000000000a4       0x2d build/stm32f1xx_hal_msp.o
 .ARM.attributes
                0x00000000000000d1       0x2d build/usbd_conf.o
 .ARM.attributes
                0x00000000000000fe       0x2d build/stm32f1xx_hal_pcd.o
 .ARM.attributes
                0x000000000000012b       0x2d build/stm32f1xx_ll_usb.o
 .ARM.attributes
                0x0000000000000158       0x2d build/stm32f1xx_hal.o
 .ARM.attributes
                0x0000000000000185       0x2d build/stm32f1xx_hal_rcc.o
 .ARM.attributes
                0x00000000000001b2       0x2d build/stm32f1xx_hal_rcc_ex.o
 .ARM.attributes
                0x00000000000001df       0x2d build/stm32f1xx_hal_gpio.o
 .ARM.attributes
                0x000000000000020c       0x2d build/stm32f1xx_hal_cortex.o
 .ARM.attributes
                0x0000000000000239       0x2d build/stm32f1xx_hal_uart.o
 .ARM.attributes
                0x0000000000000266       0x2d build/system_stm32f1xx.o
 .ARM.attributes
                0x0000000000000293       0x2d build/usbd_core.o
 .ARM.attributes
                0x00000000000002c0       0x2d build/usbd_ctlreq.o
 .ARM.attributes
                0x00000000000002ed       0x2d build/usbd_ioreq.o
 .ARM.attributes
                0x000000000000031a       0x2d build/gpio.o
 .ARM.attributes
                0x0000000000000347       0x2d build/usart.o
 .ARM.attributes
                0x0000000000000374       0x2d build/jumpApp.o
 .ARM.attributes
                0x00000000000003a1       0x21 build/startup_stm32f103xb.o
 .ARM.attributes
                0x00000000000003c2       0x2d /Applications/ArmGNUToolchain/12.2.rel1/arm-none-eabi/bin/../lib/gcc/arm-none-eabi/12.2.1/../../../../arm-none-eabi/lib/thumb/v7-m/nofp/libc_nano.a(libc_a-memset.o)
 .ARM.attributes
                0x00000000000003ef       0x2d /Applications/ArmGNUToolchain/12.2.rel1/arm-none-eabi/bin/../lib/gcc/arm-none-eabi/12.2.1/../../../../arm-none-eabi/lib/thumb/v7-m/nofp/libc_nano.a(libc_a-init.o)
 .ARM.attributes
                0x000000000000041c       0x2d /Applications/ArmGNUToolchain/12.2.rel1/arm-none-eabi/bin/../lib/gcc/arm-none-eabi/12.2.1/thumb/v7-m/nofp/crtend.o
 .ARM.attributes
                0x0000000000000449       0x1d /Applications/ArmGNUToolchain/12.2.rel1/arm-none-eabi/bin/../lib/gcc/arm-none-eabi/12.2.1/thumb/v7-m/nofp/crtn.o
OUTPUT(build/Bootloader.elf elf32-littlearm)
LOAD linker stubs
LOAD /Applications/ArmGNUToolchain/12.2.rel1/arm-none-eabi/bin/../lib/gcc/arm-none-eabi/12.2.1/../../../../arm-none-eabi/lib/thumb/v7-m/nofp/libc.a
LOAD /Applications/ArmGNUToolchain/12.2.rel1/arm-none-eabi/bin/../lib/gcc/arm-none-eabi/12.2.1/../../../../arm-none-eabi/lib/thumb/v7-m/nofp/libm.a
LOAD /Applications/ArmGNUToolchain/12.2.rel1/arm-none-eabi/bin/../lib/gcc/arm-none-eabi/12.2.1/thumb/v7-m/nofp/libgcc.a

.debug_info     0x0000000000000000    0x1186d
 .debug_info    0x0000000000000000      0x5b2 build/main.o
 .debug_info    0x00000000000005b2      0x71d build/stm32f1xx_it.o
 .debug_info    0x0000000000000ccf      0x238 build/stm32f1xx_hal_msp.o
 .debug_info    0x0000000000000f07     0x1f0c build/usbd_conf.o
 .debug_info    0x0000000000002e13     0x1f56 build/stm32f1xx_hal_pcd.o
 .debug_info    0x0000000000004d69     0x1d27 build/stm32f1xx_ll_usb.o
 .debug_info    0x0000000000006a90      0x880 build/stm32f1xx_hal.o
 .debug_info    0x0000000000007310      0xb10 build/stm32f1xx_hal_rcc.o
 .debug_info    0x0000000000007e20      0x47d build/stm32f1xx_hal_rcc_ex.o
 .debug_info    0x000000000000829d      0x6d7 build/stm32f1xx_hal_gpio.o
 .debug_info    0x0000000000008974      0xe13 build/stm32f1xx_hal_cortex.o
 .debug_info    0x0000000000009787     0x43db build/stm32f1xx_hal_uart.o
 .debug_info    0x000000000000db62      0x26e build/system_stm32f1xx.o
 .debug_info    0x000000000000ddd0      0xf76 build/usbd_core.o
 .debug_info    0x000000000000ed46     0x11f6 build/usbd_ctlreq.o
 .debug_info    0x000000000000ff3c      0x8f2 build/usbd_ioreq.o
 .debug_info    0x000000000001082e      0x396 build/gpio.o
 .debug_info    0x0000000000010bc4      0x93f build/usart.o
 .debug_info    0x0000000000011503      0x33a build/jumpApp.o
 .debug_info    0x000000000001183d       0x30 build/startup_stm32f103xb.o

.debug_abbrev   0x0000000000000000     0x2a5f
 .debug_abbrev  0x0000000000000000      0x217 build/main.o
 .debug_abbrev  0x0000000000000217      0x183 build/stm32f1xx_it.o
 .debug_abbrev  0x000000000000039a       0xe7 build/stm32f1xx_hal_msp.o
 .debug_abbrev  0x0000000000000481      0x347 build/usbd_conf.o
 .debug_abbrev  0x00000000000007c8      0x32d build/stm32f1xx_hal_pcd.o
 .debug_abbrev  0x0000000000000af5      0x262 build/stm32f1xx_ll_usb.o
 .debug_abbrev  0x0000000000000d57      0x232 build/stm32f1xx_hal.o
 .debug_abbrev  0x0000000000000f89      0x2d6 build/stm32f1xx_hal_rcc.o
 .debug_abbrev  0x000000000000125f      0x1d4 build/stm32f1xx_hal_rcc_ex.o
 .debug_abbrev  0x0000000000001433      0x222 build/stm32f1xx_hal_gpio.o
 .debug_abbrev  0x0000000000001655      0x3aa build/stm32f1xx_hal_cortex.o
 .debug_abbrev  0x00000000000019ff      0x35f build/stm32f1xx_hal_uart.o
 .debug_abbrev  0x0000000000001d5e      0x140 build/system_stm32f1xx.o
 .debug_abbrev  0x0000000000001e9e      0x2ae build/usbd_core.o
 .debug_abbrev  0x000000000000214c      0x2ec build/usbd_ctlreq.o
 .debug_abbrev  0x0000000000002438      0x18e build/usbd_ioreq.o
 .debug_abbrev  0x00000000000025c6      0x14e build/gpio.o
 .debug_abbrev  0x0000000000002714      0x1fd build/usart.o
 .debug_abbrev  0x0000000000002911      0x131 build/jumpApp.o
 .debug_abbrev  0x0000000000002a42       0x1d build/startup_stm32f103xb.o

.debug_loc      0x0000000000000000     0xd405
 .debug_loc     0x0000000000000000       0x66 build/main.o
 .debug_loc     0x0000000000000066       0x40 build/stm32f1xx_it.o
 .debug_loc     0x00000000000000a6       0x41 build/stm32f1xx_hal_msp.o
 .debug_loc     0x00000000000000e7      0xefc build/usbd_conf.o
 .debug_loc     0x0000000000000fe3     0x18cc build/stm32f1xx_hal_pcd.o
 .debug_loc     0x00000000000028af     0x1a41 build/stm32f1xx_ll_usb.o
 .debug_loc     0x00000000000042f0      0x1e1 build/stm32f1xx_hal.o
 .debug_loc     0x00000000000044d1      0x790 build/stm32f1xx_hal_rcc.o
 .debug_loc     0x0000000000004c61      0x495 build/stm32f1xx_hal_rcc_ex.o
 .debug_loc     0x00000000000050f6      0x53c build/stm32f1xx_hal_gpio.o
 .debug_loc     0x0000000000005632      0x782 build/stm32f1xx_hal_cortex.o
 .debug_loc     0x0000000000005db4     0x4ece build/stm32f1xx_hal_uart.o
 .debug_loc     0x000000000000ac82       0xff build/system_stm32f1xx.o
 .debug_loc     0x000000000000ad81      0xaf6 build/usbd_core.o
 .debug_loc     0x000000000000b877     0x1666 build/usbd_ctlreq.o
 .debug_loc     0x000000000000cedd      0x364 build/usbd_ioreq.o
 .debug_loc     0x000000000000d241       0x38 build/gpio.o
 .debug_loc     0x000000000000d279      0x108 build/usart.o
 .debug_loc     0x000000000000d381       0x84 build/jumpApp.o

.debug_aranges  0x0000000000000000      0xb18
 .debug_aranges
                0x0000000000000000       0x30 build/main.o
 .debug_aranges
                0x0000000000000030       0x68 build/stm32f1xx_it.o
 .debug_aranges
                0x0000000000000098       0x20 build/stm32f1xx_hal_msp.o
 .debug_aranges
                0x00000000000000b8      0x118 build/usbd_conf.o
 .debug_aranges
                0x00000000000001d0      0x140 build/stm32f1xx_hal_pcd.o
 .debug_aranges
                0x0000000000000310       0xf8 build/stm32f1xx_ll_usb.o
 .debug_aranges
                0x0000000000000408       0xe0 build/stm32f1xx_hal.o
 .debug_aranges
                0x00000000000004e8       0x90 build/stm32f1xx_hal_rcc.o
 .debug_aranges
                0x0000000000000578       0x30 build/stm32f1xx_hal_rcc_ex.o
 .debug_aranges
                0x00000000000005a8       0x58 build/stm32f1xx_hal_gpio.o
 .debug_aranges
                0x0000000000000600       0xc0 build/stm32f1xx_hal_cortex.o
 .debug_aranges
                0x00000000000006c0      0x208 build/stm32f1xx_hal_uart.o
 .debug_aranges
                0x00000000000008c8       0x28 build/system_stm32f1xx.o
 .debug_aranges
                0x00000000000008f0       0xb8 build/usbd_core.o
 .debug_aranges
                0x00000000000009a8       0x88 build/usbd_ctlreq.o
 .debug_aranges
                0x0000000000000a30       0x50 build/usbd_ioreq.o
 .debug_aranges
                0x0000000000000a80       0x20 build/gpio.o
 .debug_aranges
                0x0000000000000aa0       0x30 build/usart.o
 .debug_aranges
                0x0000000000000ad0       0x20 build/jumpApp.o
 .debug_aranges
                0x0000000000000af0       0x28 build/startup_stm32f103xb.o

.debug_ranges   0x0000000000000000      0xd48
 .debug_ranges  0x0000000000000000       0x20 build/main.o
 .debug_ranges  0x0000000000000020       0x58 build/stm32f1xx_it.o
 .debug_ranges  0x0000000000000078       0x10 build/stm32f1xx_hal_msp.o
 .debug_ranges  0x0000000000000088      0x108 build/usbd_conf.o
 .debug_ranges  0x0000000000000190      0x210 build/stm32f1xx_hal_pcd.o
 .debug_ranges  0x00000000000003a0      0x320 build/stm32f1xx_ll_usb.o
 .debug_ranges  0x00000000000006c0       0xd0 build/stm32f1xx_hal.o
 .debug_ranges  0x0000000000000790       0xa0 build/stm32f1xx_hal_rcc.o
 .debug_ranges  0x0000000000000830       0x38 build/stm32f1xx_hal_rcc_ex.o
 .debug_ranges  0x0000000000000868       0x48 build/stm32f1xx_hal_gpio.o
 .debug_ranges  0x00000000000008b0       0xb0 build/stm32f1xx_hal_cortex.o
 .debug_ranges  0x0000000000000960      0x210 build/stm32f1xx_hal_uart.o
 .debug_ranges  0x0000000000000b70       0x18 build/system_stm32f1xx.o
 .debug_ranges  0x0000000000000b88       0xa8 build/usbd_core.o
 .debug_ranges  0x0000000000000c30       0x78 build/usbd_ctlreq.o
 .debug_ranges  0x0000000000000ca8       0x40 build/usbd_ioreq.o
 .debug_ranges  0x0000000000000ce8       0x10 build/gpio.o
 .debug_ranges  0x0000000000000cf8       0x20 build/usart.o
 .debug_ranges  0x0000000000000d18       0x10 build/jumpApp.o
 .debug_ranges  0x0000000000000d28       0x20 build/startup_stm32f103xb.o

.debug_line     0x0000000000000000     0xc539
 .debug_line    0x0000000000000000      0x343 build/main.o
 .debug_line    0x0000000000000343      0x2d4 build/stm32f1xx_it.o
 .debug_line    0x0000000000000617      0x166 build/stm32f1xx_hal_msp.o
 .debug_line    0x000000000000077d      0x7a1 build/usbd_conf.o
 .debug_line    0x0000000000000f1e     0x19d4 build/stm32f1xx_hal_pcd.o
 .debug_line    0x00000000000028f2     0x1934 build/stm32f1xx_ll_usb.o
 .debug_line    0x0000000000004226      0x518 build/stm32f1xx_hal.o
 .debug_line    0x000000000000473e      0xc00 build/stm32f1xx_hal_rcc.o
 .debug_line    0x000000000000533e      0x475 build/stm32f1xx_hal_rcc_ex.o
 .debug_line    0x00000000000057b3      0x595 build/stm32f1xx_hal_gpio.o
 .debug_line    0x0000000000005d48      0x6bb build/stm32f1xx_hal_cortex.o
 .debug_line    0x0000000000006403     0x4396 build/stm32f1xx_hal_uart.o
 .debug_line    0x000000000000a799      0x230 build/system_stm32f1xx.o
 .debug_line    0x000000000000a9c9      0x717 build/usbd_core.o
 .debug_line    0x000000000000b0e0      0xb1c build/usbd_ctlreq.o
 .debug_line    0x000000000000bbfc      0x28e build/usbd_ioreq.o
 .debug_line    0x000000000000be8a      0x1db build/gpio.o
 .debug_line    0x000000000000c065      0x2dd build/usart.o
 .debug_line    0x000000000000c342      0x183 build/jumpApp.o
 .debug_line    0x000000000000c4c5       0x74 build/startup_stm32f103xb.o

.debug_str      0x0000000000000000     0x3085
 .debug_str     0x0000000000000000      0x3fb build/main.o
                                        0x44d (size before relaxing)
 .debug_str     0x00000000000003fb      0x42d build/stm32f1xx_it.o
                                        0x5ae (size before relaxing)
 .debug_str     0x0000000000000828       0x93 build/stm32f1xx_hal_msp.o
                                        0x1ec (size before relaxing)
 .debug_str     0x00000000000008bb      0xbca build/usbd_conf.o
                                       0x1187 (size before relaxing)
 .debug_str     0x0000000000001485      0x362 build/stm32f1xx_hal_pcd.o
                                        0xae5 (size before relaxing)
 .debug_str     0x00000000000017e7      0x126 build/stm32f1xx_ll_usb.o
                                        0x6e7 (size before relaxing)
 .debug_str     0x000000000000190d      0x2ff build/stm32f1xx_hal.o
                                        0x7fb (size before relaxing)
 .debug_str     0x0000000000001c0c      0x222 build/stm32f1xx_hal_rcc.o
                                        0x5f8 (size before relaxing)
 .debug_str     0x0000000000001e2e       0x9c build/stm32f1xx_hal_rcc_ex.o
                                        0x3a0 (size before relaxing)
 .debug_str     0x0000000000001eca       0xfc build/stm32f1xx_hal_gpio.o
                                        0x3cd (size before relaxing)
 .debug_str     0x0000000000001fc6      0x315 build/stm32f1xx_hal_cortex.o
                                        0x8a0 (size before relaxing)
 .debug_str     0x00000000000022db      0x9dd build/stm32f1xx_hal_uart.o
                                        0xcc1 (size before relaxing)
 .debug_str     0x0000000000002cb8       0x4f build/system_stm32f1xx.o
                                        0x221 (size before relaxing)
 .debug_str     0x0000000000002d07      0x166 build/usbd_core.o
                                        0x812 (size before relaxing)
 .debug_str     0x0000000000002e6d       0xf1 build/usbd_ctlreq.o
                                        0x72c (size before relaxing)
 .debug_str     0x0000000000002f5e       0x60 build/usbd_ioreq.o
                                        0x659 (size before relaxing)
 .debug_str     0x0000000000002fbe       0x20 build/gpio.o
                                        0x258 (size before relaxing)
 .debug_str     0x0000000000002fde       0x23 build/usart.o
                                        0x69f (size before relaxing)
 .debug_str     0x0000000000003001       0x52 build/jumpApp.o
                                        0x219 (size before relaxing)
 .debug_str     0x0000000000003053       0x32 build/startup_stm32f103xb.o
                                         0x58 (size before relaxing)

.comment        0x0000000000000000       0x45
 .comment       0x0000000000000000       0x45 build/main.o
                                         0x46 (size before relaxing)
 .comment       0x0000000000000045       0x46 build/stm32f1xx_it.o
 .comment       0x0000000000000045       0x46 build/stm32f1xx_hal_msp.o
 .comment       0x0000000000000045       0x46 build/usbd_conf.o
 .comment       0x0000000000000045       0x46 build/stm32f1xx_hal_pcd.o
 .comment       0x0000000000000045       0x46 build/stm32f1xx_ll_usb.o
 .comment       0x0000000000000045       0x46 build/stm32f1xx_hal.o
 .comment       0x0000000000000045       0x46 build/stm32f1xx_hal_rcc.o
 .comment       0x0000000000000045       0x46 build/stm32f1xx_hal_rcc_ex.o
 .comment       0x0000000000000045       0x46 build/stm32f1xx_hal_gpio.o
 .comment       0x0000000000000045       0x46 build/stm32f1xx_hal_cortex.o
 .comment       0x0000000000000045       0x46 build/stm32f1xx_hal_uart.o
 .comment       0x0000000000000045       0x46 build/system_stm32f1xx.o
 .comment       0x0000000000000045       0x46 build/usbd_core.o
 .comment       0x0000000000000045       0x46 build/usbd_ctlreq.o
 .comment       0x0000000000000045       0x46 build/usbd_ioreq.o
 .comment       0x0000000000000045       0x46 build/gpio.o
 .comment       0x0000000000000045       0x46 build/usart.o
 .comment       0x0000000000000045       0x46 build/jumpApp.o

.debug_frame    0x0000000000000000     0x1ab8
 .debug_frame   0x0000000000000000       0x58 build/main.o
 .debug_frame   0x0000000000000058       0xc0 build/stm32f1xx_it.o
 .debug_frame   0x0000000000000118       0x28 build/stm32f1xx_hal_msp.o
 .debug_frame   0x0000000000000140      0x2ec build/usbd_conf.o
 .debug_frame   0x000000000000042c      0x360 build/stm32f1xx_hal_pcd.o
 .debug_frame   0x000000000000078c      0x200 build/stm32f1xx_ll_usb.o
 .debug_frame   0x000000000000098c      0x1cc build/stm32f1xx_hal.o
 .debug_frame   0x0000000000000b58      0x184 build/stm32f1xx_hal_rcc.o
 .debug_frame   0x0000000000000cdc       0x5c build/stm32f1xx_hal_rcc_ex.o
 .debug_frame   0x0000000000000d38       0xe4 build/stm32f1xx_hal_gpio.o
 .debug_frame   0x0000000000000e1c      0x19c build/stm32f1xx_hal_cortex.o
 .debug_frame   0x0000000000000fb8      0x5d4 build/stm32f1xx_hal_uart.o
 .debug_frame   0x000000000000158c       0x30 build/system_stm32f1xx.o
 .debug_frame   0x00000000000015bc      0x1c4 build/usbd_core.o
 .debug_frame   0x0000000000001780      0x178 build/usbd_ctlreq.o
 .debug_frame   0x00000000000018f8       0xb8 build/usbd_ioreq.o
 .debug_frame   0x00000000000019b0       0x34 build/gpio.o
 .debug_frame   0x00000000000019e4       0x60 build/usart.o
 .debug_frame   0x0000000000001a44       0x28 build/jumpApp.o
 .debug_frame   0x0000000000001a6c       0x20 /Applications/ArmGNUToolchain/12.2.rel1/arm-none-eabi/bin/../lib/gcc/arm-none-eabi/12.2.1/../../../../arm-none-eabi/lib/thumb/v7-m/nofp/libc_nano.a(libc_a-memset.o)
 .debug_frame   0x0000000000001a8c       0x2c /Applications/ArmGNUToolchain/12.2.rel1/arm-none-eabi/bin/../lib/gcc/arm-none-eabi/12.2.1/../../../../arm-none-eabi/lib/thumb/v7-m/nofp/libc_nano.a(libc_a-init.o)

Cross Reference Table

Symbol                                            File
ADC1_2_IRQHandler                                 build/startup_stm32f103xb.o
AHBPrescTable                                     build/system_stm32f1xx.o
                                                  build/stm32f1xx_hal_rcc.o
APBPrescTable                                     build/system_stm32f1xx.o
                                                  build/stm32f1xx_hal_rcc.o
BusFault_Handler                                  build/stm32f1xx_it.o
CAN1_RX1_IRQHandler                               build/startup_stm32f103xb.o
CAN1_SCE_IRQHandler                               build/startup_stm32f103xb.o
DMA1_Channel1_IRQHandler                          build/startup_stm32f103xb.o
DMA1_Channel2_IRQHandler                          build/startup_stm32f103xb.o
DMA1_Channel3_IRQHandler                          build/startup_stm32f103xb.o
DMA1_Channel4_IRQHandler                          build/startup_stm32f103xb.o
DMA1_Channel5_IRQHandler                          build/startup_stm32f103xb.o
DMA1_Channel6_IRQHandler                          build/startup_stm32f103xb.o
DMA1_Channel7_IRQHandler                          build/startup_stm32f103xb.o
DebugMon_Handler                                  build/stm32f1xx_it.o
Default_Handler                                   build/startup_stm32f103xb.o
EXTI0_IRQHandler                                  build/startup_stm32f103xb.o
EXTI15_10_IRQHandler                              build/startup_stm32f103xb.o
EXTI1_IRQHandler                                  build/startup_stm32f103xb.o
EXTI2_IRQHandler                                  build/startup_stm32f103xb.o
EXTI3_IRQHandler                                  build/startup_stm32f103xb.o
EXTI4_IRQHandler                                  build/startup_stm32f103xb.o
EXTI9_5_IRQHandler                                build/startup_stm32f103xb.o
Error_Handler                                     build/main.o
                                                  build/usart.o
                                                  build/usbd_conf.o
                                                  build/usb_device.o
FLASH_IRQHandler                                  build/startup_stm32f103xb.o
FLASH_PageErase                                   build/stm32f1xx_hal_flash_ex.o
                                                  build/stm32f1xx_hal_flash.o
FLASH_WaitForLastOperation                        build/stm32f1xx_hal_flash.o
                                                  build/stm32f1xx_hal_flash_ex.o
FS_Desc                                           build/usbd_desc.o
                                                  build/usb_device.o
HAL_DBGMCU_DisableDBGSleepMode                    build/stm32f1xx_hal.o
HAL_DBGMCU_DisableDBGStandbyMode                  build/stm32f1xx_hal.o
HAL_DBGMCU_DisableDBGStopMode                     build/stm32f1xx_hal.o
HAL_DBGMCU_EnableDBGSleepMode                     build/stm32f1xx_hal.o
HAL_DBGMCU_EnableDBGStandbyMode                   build/stm32f1xx_hal.o
HAL_DBGMCU_EnableDBGStopMode                      build/stm32f1xx_hal.o
HAL_DMA_Abort                                     build/stm32f1xx_hal_dma.o
                                                  build/stm32f1xx_hal_uart.o
HAL_DMA_Abort_IT                                  build/stm32f1xx_hal_dma.o
                                                  build/stm32f1xx_hal_uart.o
HAL_DMA_DeInit                                    build/stm32f1xx_hal_dma.o
HAL_DMA_GetError                                  build/stm32f1xx_hal_dma.o
                                                  build/stm32f1xx_hal_uart.o
HAL_DMA_GetState                                  build/stm32f1xx_hal_dma.o
HAL_DMA_IRQHandler                                build/stm32f1xx_hal_dma.o
HAL_DMA_Init                                      build/stm32f1xx_hal_dma.o
HAL_DMA_PollForTransfer                           build/stm32f1xx_hal_dma.o
HAL_DMA_RegisterCallback                          build/stm32f1xx_hal_dma.o
HAL_DMA_Start                                     build/stm32f1xx_hal_dma.o
HAL_DMA_Start_IT                                  build/stm32f1xx_hal_dma.o
                                                  build/stm32f1xx_hal_uart.o
HAL_DMA_UnRegisterCallback                        build/stm32f1xx_hal_dma.o
HAL_DeInit                                        build/stm32f1xx_hal.o
HAL_Delay                                         build/stm32f1xx_hal.o
                                                  build/usbd_dfu.o
                                                  build/usbd_conf.o
                                                  build/main.o
HAL_EXTI_ClearConfigLine                          build/stm32f1xx_hal_exti.o
HAL_EXTI_ClearPending                             build/stm32f1xx_hal_exti.o
HAL_EXTI_GenerateSWI                              build/stm32f1xx_hal_exti.o
HAL_EXTI_GetConfigLine                            build/stm32f1xx_hal_exti.o
HAL_EXTI_GetHandle                                build/stm32f1xx_hal_exti.o
HAL_EXTI_GetPending                               build/stm32f1xx_hal_exti.o
HAL_EXTI_IRQHandler                               build/stm32f1xx_hal_exti.o
HAL_EXTI_RegisterCallback                         build/stm32f1xx_hal_exti.o
HAL_EXTI_SetConfigLine                            build/stm32f1xx_hal_exti.o
HAL_FLASHEx_Erase                                 build/stm32f1xx_hal_flash_ex.o
                                                  build/usbd_dfu_if.o
HAL_FLASHEx_Erase_IT                              build/stm32f1xx_hal_flash_ex.o
HAL_FLASHEx_OBErase                               build/stm32f1xx_hal_flash_ex.o
HAL_FLASHEx_OBGetConfig                           build/stm32f1xx_hal_flash_ex.o
HAL_FLASHEx_OBGetUserData                         build/stm32f1xx_hal_flash_ex.o
HAL_FLASHEx_OBProgram                             build/stm32f1xx_hal_flash_ex.o
HAL_FLASH_EndOfOperationCallback                  build/stm32f1xx_hal_flash.o
HAL_FLASH_GetError                                build/stm32f1xx_hal_flash.o
HAL_FLASH_IRQHandler                              build/stm32f1xx_hal_flash.o
HAL_FLASH_Lock                                    build/stm32f1xx_hal_flash.o
                                                  build/usbd_dfu_if.o
HAL_FLASH_OB_Launch                               build/stm32f1xx_hal_flash.o
HAL_FLASH_OB_Lock                                 build/stm32f1xx_hal_flash.o
HAL_FLASH_OB_Unlock                               build/stm32f1xx_hal_flash.o
HAL_FLASH_OperationErrorCallback                  build/stm32f1xx_hal_flash.o
HAL_FLASH_Program                                 build/stm32f1xx_hal_flash.o
                                                  build/usbd_dfu_if.o
HAL_FLASH_Program_IT                              build/stm32f1xx_hal_flash.o
HAL_FLASH_Unlock                                  build/stm32f1xx_hal_flash.o
                                                  build/usbd_dfu_if.o
HAL_GPIOEx_ConfigEventout                         build/stm32f1xx_hal_gpio_ex.o
HAL_GPIOEx_DisableEventout                        build/stm32f1xx_hal_gpio_ex.o
HAL_GPIOEx_EnableEventout                         build/stm32f1xx_hal_gpio_ex.o
HAL_GPIO_DeInit                                   build/stm32f1xx_hal_gpio.o
                                                  build/usart.o
HAL_GPIO_EXTI_Callback                            build/stm32f1xx_hal_gpio.o
HAL_GPIO_EXTI_IRQHandler                          build/stm32f1xx_hal_gpio.o
HAL_GPIO_Init                                     build/stm32f1xx_hal_gpio.o
                                                  build/usart.o
                                                  build/gpio.o
                                                  build/stm32f1xx_hal_rcc.o
HAL_GPIO_LockPin                                  build/stm32f1xx_hal_gpio.o
HAL_GPIO_ReadPin                                  build/stm32f1xx_hal_gpio.o
HAL_GPIO_TogglePin                                build/stm32f1xx_hal_gpio.o
HAL_GPIO_WritePin                                 build/stm32f1xx_hal_gpio.o
                                                  build/gpio.o
                                                  build/main.o
HAL_GetDEVID                                      build/stm32f1xx_hal.o
HAL_GetHalVersion                                 build/stm32f1xx_hal.o
HAL_GetREVID                                      build/stm32f1xx_hal.o
HAL_GetTick                                       build/stm32f1xx_hal.o
                                                  build/stm32f1xx_hal_uart.o
                                                  build/stm32f1xx_hal_flash.o
                                                  build/stm32f1xx_hal_dma.o
                                                  build/stm32f1xx_hal_rcc_ex.o
                                                  build/stm32f1xx_hal_rcc.o
HAL_GetTickFreq                                   build/stm32f1xx_hal.o
HAL_GetTickPrio                                   build/stm32f1xx_hal.o
HAL_GetUIDw0                                      build/stm32f1xx_hal.o
HAL_GetUIDw1                                      build/stm32f1xx_hal.o
HAL_GetUIDw2                                      build/stm32f1xx_hal.o
HAL_HalfDuplex_EnableReceiver                     build/stm32f1xx_hal_uart.o
HAL_HalfDuplex_EnableTransmitter                  build/stm32f1xx_hal_uart.o
HAL_HalfDuplex_Init                               build/stm32f1xx_hal_uart.o
HAL_IncTick                                       build/stm32f1xx_hal.o
                                                  build/stm32f1xx_it.o
HAL_Init                                          build/stm32f1xx_hal.o
                                                  build/main.o
HAL_InitTick                                      build/stm32f1xx_hal.o
                                                  build/stm32f1xx_hal_rcc.o
HAL_LIN_Init                                      build/stm32f1xx_hal_uart.o
HAL_LIN_SendBreak                                 build/stm32f1xx_hal_uart.o
HAL_MspDeInit                                     build/stm32f1xx_hal.o
HAL_MspInit                                       build/stm32f1xx_hal_msp.o
HAL_MultiProcessor_EnterMuteMode                  build/stm32f1xx_hal_uart.o
HAL_MultiProcessor_ExitMuteMode                   build/stm32f1xx_hal_uart.o
HAL_MultiProcessor_Init                           build/stm32f1xx_hal_uart.o
HAL_NVIC_ClearPendingIRQ                          build/stm32f1xx_hal_cortex.o
HAL_NVIC_DisableIRQ                               build/stm32f1xx_hal_cortex.o
                                                  build/usbd_conf.o
HAL_NVIC_EnableIRQ                                build/stm32f1xx_hal_cortex.o
                                                  build/usbd_conf.o
HAL_NVIC_GetActive                                build/stm32f1xx_hal_cortex.o
HAL_NVIC_GetPendingIRQ                            build/stm32f1xx_hal_cortex.o
HAL_NVIC_GetPriority                              build/stm32f1xx_hal_cortex.o
HAL_NVIC_GetPriorityGrouping                      build/stm32f1xx_hal_cortex.o
HAL_NVIC_SetPendingIRQ                            build/stm32f1xx_hal_cortex.o
HAL_NVIC_SetPriority                              build/stm32f1xx_hal_cortex.o
                                                  build/stm32f1xx_hal.o
                                                  build/usbd_conf.o
HAL_NVIC_SetPriorityGrouping                      build/stm32f1xx_hal_cortex.o
                                                  build/stm32f1xx_hal.o
HAL_NVIC_SystemReset                              build/stm32f1xx_hal_cortex.o
                                                  build/stm32f1xx_hal_flash.o
HAL_PCDEx_BCD_Callback                            build/stm32f1xx_hal_pcd_ex.o
HAL_PCDEx_LPM_Callback                            build/stm32f1xx_hal_pcd_ex.o
HAL_PCDEx_PMAConfig                               build/stm32f1xx_hal_pcd_ex.o
                                                  build/usbd_conf.o
HAL_PCDEx_SetConnectionState                      build/usbd_conf.o
                                                  build/stm32f1xx_hal_pcd.o
HAL_PCD_ActivateRemoteWakeup                      build/stm32f1xx_hal_pcd.o
HAL_PCD_ConnectCallback                           build/usbd_conf.o
HAL_PCD_DataInStageCallback                       build/usbd_conf.o
HAL_PCD_DataOutStageCallback                      build/usbd_conf.o
HAL_PCD_DeActivateRemoteWakeup                    build/stm32f1xx_hal_pcd.o
HAL_PCD_DeInit                                    build/stm32f1xx_hal_pcd.o
                                                  build/usbd_conf.o
HAL_PCD_DevConnect                                build/stm32f1xx_hal_pcd.o
HAL_PCD_DevDisconnect                             build/stm32f1xx_hal_pcd.o
HAL_PCD_DisconnectCallback                        build/usbd_conf.o
HAL_PCD_EP_Abort                                  build/stm32f1xx_hal_pcd.o
HAL_PCD_EP_Close                                  build/stm32f1xx_hal_pcd.o
                                                  build/usbd_conf.o
HAL_PCD_EP_ClrStall                               build/stm32f1xx_hal_pcd.o
                                                  build/usbd_conf.o
HAL_PCD_EP_Flush                                  build/stm32f1xx_hal_pcd.o
                                                  build/usbd_conf.o
HAL_PCD_EP_GetRxCount                             build/stm32f1xx_hal_pcd.o
                                                  build/usbd_conf.o
HAL_PCD_EP_Open                                   build/stm32f1xx_hal_pcd.o
                                                  build/usbd_conf.o
HAL_PCD_EP_Receive                                build/stm32f1xx_hal_pcd.o
                                                  build/usbd_conf.o
HAL_PCD_EP_SetStall                               build/stm32f1xx_hal_pcd.o
                                                  build/usbd_conf.o
HAL_PCD_EP_Transmit                               build/stm32f1xx_hal_pcd.o
                                                  build/usbd_conf.o
HAL_PCD_GetState                                  build/stm32f1xx_hal_pcd.o
HAL_PCD_IRQHandler                                build/stm32f1xx_hal_pcd.o
                                                  build/stm32f1xx_it.o
HAL_PCD_ISOINIncompleteCallback                   build/usbd_conf.o
HAL_PCD_ISOOUTIncompleteCallback                  build/usbd_conf.o
HAL_PCD_Init                                      build/stm32f1xx_hal_pcd.o
                                                  build/usbd_conf.o
HAL_PCD_MspDeInit                                 build/usbd_conf.o
HAL_PCD_MspInit                                   build/usbd_conf.o
HAL_PCD_ResetCallback                             build/usbd_conf.o
HAL_PCD_ResumeCallback                            build/usbd_conf.o
HAL_PCD_SOFCallback                               build/usbd_conf.o
HAL_PCD_SetAddress                                build/stm32f1xx_hal_pcd.o
                                                  build/usbd_conf.o
HAL_PCD_SetupStageCallback                        build/usbd_conf.o
HAL_PCD_Start                                     build/stm32f1xx_hal_pcd.o
                                                  build/usbd_conf.o
HAL_PCD_Stop                                      build/stm32f1xx_hal_pcd.o
                                                  build/usbd_conf.o
HAL_PCD_SuspendCallback                           build/usbd_conf.o
HAL_PCD_WKUP_IRQHandler                           build/stm32f1xx_hal_pcd.o
HAL_PWR_ConfigPVD                                 build/stm32f1xx_hal_pwr.o
HAL_PWR_DeInit                                    build/stm32f1xx_hal_pwr.o
HAL_PWR_DisableBkUpAccess                         build/stm32f1xx_hal_pwr.o
HAL_PWR_DisablePVD                                build/stm32f1xx_hal_pwr.o
HAL_PWR_DisableSEVOnPend                          build/stm32f1xx_hal_pwr.o
HAL_PWR_DisableSleepOnExit                        build/stm32f1xx_hal_pwr.o
HAL_PWR_DisableWakeUpPin                          build/stm32f1xx_hal_pwr.o
HAL_PWR_EnableBkUpAccess                          build/stm32f1xx_hal_pwr.o
HAL_PWR_EnablePVD                                 build/stm32f1xx_hal_pwr.o
HAL_PWR_EnableSEVOnPend                           build/stm32f1xx_hal_pwr.o
HAL_PWR_EnableSleepOnExit                         build/stm32f1xx_hal_pwr.o
HAL_PWR_EnableWakeUpPin                           build/stm32f1xx_hal_pwr.o
HAL_PWR_EnterSLEEPMode                            build/stm32f1xx_hal_pwr.o
HAL_PWR_EnterSTANDBYMode                          build/stm32f1xx_hal_pwr.o
HAL_PWR_EnterSTOPMode                             build/stm32f1xx_hal_pwr.o
HAL_PWR_PVDCallback                               build/stm32f1xx_hal_pwr.o
HAL_PWR_PVD_IRQHandler                            build/stm32f1xx_hal_pwr.o
HAL_RCCEx_GetPeriphCLKConfig                      build/stm32f1xx_hal_rcc_ex.o
HAL_RCCEx_GetPeriphCLKFreq                        build/stm32f1xx_hal_rcc_ex.o
HAL_RCCEx_PeriphCLKConfig                         build/stm32f1xx_hal_rcc_ex.o
                                                  build/main.o
HAL_RCC_CSSCallback                               build/stm32f1xx_hal_rcc.o
HAL_RCC_ClockConfig                               build/stm32f1xx_hal_rcc.o
                                                  build/main.o
HAL_RCC_DeInit                                    build/stm32f1xx_hal_rcc.o
HAL_RCC_DisableCSS                                build/stm32f1xx_hal_rcc.o
HAL_RCC_EnableCSS                                 build/stm32f1xx_hal_rcc.o
HAL_RCC_GetClockConfig                            build/stm32f1xx_hal_rcc.o
HAL_RCC_GetHCLKFreq                               build/stm32f1xx_hal_rcc.o
HAL_RCC_GetOscConfig                              build/stm32f1xx_hal_rcc.o
HAL_RCC_GetPCLK1Freq                              build/stm32f1xx_hal_rcc.o
                                                  build/stm32f1xx_hal_uart.o
HAL_RCC_GetPCLK2Freq                              build/stm32f1xx_hal_rcc.o
                                                  build/stm32f1xx_hal_uart.o
                                                  build/stm32f1xx_hal_rcc_ex.o
HAL_RCC_GetSysClockFreq                           build/stm32f1xx_hal_rcc.o
HAL_RCC_MCOConfig                                 build/stm32f1xx_hal_rcc.o
HAL_RCC_NMI_IRQHandler                            build/stm32f1xx_hal_rcc.o
HAL_RCC_OscConfig                                 build/stm32f1xx_hal_rcc.o
                                                  build/main.o
HAL_ResumeTick                                    build/stm32f1xx_hal.o
HAL_SYSTICK_CLKSourceConfig                       build/stm32f1xx_hal_cortex.o
HAL_SYSTICK_Callback                              build/stm32f1xx_hal_cortex.o
HAL_SYSTICK_Config                                build/stm32f1xx_hal_cortex.o
                                                  build/stm32f1xx_hal.o
HAL_SYSTICK_IRQHandler                            build/stm32f1xx_hal_cortex.o
HAL_SetTickFreq                                   build/stm32f1xx_hal.o
HAL_SuspendTick                                   build/stm32f1xx_hal.o
HAL_UARTEx_GetRxEventType                         build/stm32f1xx_hal_uart.o
HAL_UARTEx_ReceiveToIdle                          build/stm32f1xx_hal_uart.o
HAL_UARTEx_ReceiveToIdle_DMA                      build/stm32f1xx_hal_uart.o
HAL_UARTEx_ReceiveToIdle_IT                       build/stm32f1xx_hal_uart.o
HAL_UARTEx_RxEventCallback                        build/stm32f1xx_hal_uart.o
HAL_UART_Abort                                    build/stm32f1xx_hal_uart.o
HAL_UART_AbortCpltCallback                        build/stm32f1xx_hal_uart.o
HAL_UART_AbortReceive                             build/stm32f1xx_hal_uart.o
HAL_UART_AbortReceiveCpltCallback                 build/stm32f1xx_hal_uart.o
HAL_UART_AbortReceive_IT                          build/stm32f1xx_hal_uart.o
HAL_UART_AbortTransmit                            build/stm32f1xx_hal_uart.o
HAL_UART_AbortTransmitCpltCallback                build/stm32f1xx_hal_uart.o
HAL_UART_AbortTransmit_IT                         build/stm32f1xx_hal_uart.o
HAL_UART_Abort_IT                                 build/stm32f1xx_hal_uart.o
HAL_UART_DMAPause                                 build/stm32f1xx_hal_uart.o
HAL_UART_DMAResume                                build/stm32f1xx_hal_uart.o
HAL_UART_DMAStop                                  build/stm32f1xx_hal_uart.o
HAL_UART_DeInit                                   build/stm32f1xx_hal_uart.o
HAL_UART_ErrorCallback                            build/stm32f1xx_hal_uart.o
HAL_UART_GetError                                 build/stm32f1xx_hal_uart.o
HAL_UART_GetState                                 build/stm32f1xx_hal_uart.o
HAL_UART_IRQHandler                               build/stm32f1xx_hal_uart.o
HAL_UART_Init                                     build/stm32f1xx_hal_uart.o
                                                  build/usart.o
HAL_UART_MspDeInit                                build/usart.o
                                                  build/stm32f1xx_hal_uart.o
HAL_UART_MspInit                                  build/usart.o
                                                  build/stm32f1xx_hal_uart.o
HAL_UART_Receive                                  build/stm32f1xx_hal_uart.o
HAL_UART_Receive_DMA                              build/stm32f1xx_hal_uart.o
HAL_UART_Receive_IT                               build/stm32f1xx_hal_uart.o
HAL_UART_RxCpltCallback                           build/stm32f1xx_hal_uart.o
HAL_UART_RxHalfCpltCallback                       build/stm32f1xx_hal_uart.o
HAL_UART_Transmit                                 build/stm32f1xx_hal_uart.o
HAL_UART_Transmit_DMA                             build/stm32f1xx_hal_uart.o
HAL_UART_Transmit_IT                              build/stm32f1xx_hal_uart.o
HAL_UART_TxCpltCallback                           build/stm32f1xx_hal_uart.o
HAL_UART_TxHalfCpltCallback                       build/stm32f1xx_hal_uart.o
HardFault_Handler                                 build/stm32f1xx_it.o
I2C1_ER_IRQHandler                                build/startup_stm32f103xb.o
I2C1_EV_IRQHandler                                build/startup_stm32f103xb.o
I2C2_ER_IRQHandler                                build/startup_stm32f103xb.o
I2C2_EV_IRQHandler                                build/startup_stm32f103xb.o
JumpApp                                           build/jumpApp.o
                                                  build/main.o
MX_GPIO_Init                                      build/gpio.o
                                                  build/main.o
MX_USART1_UART_Init                               build/usart.o
                                                  build/main.o
MX_USB_DEVICE_Init                                build/usb_device.o
MemManage_Handler                                 build/stm32f1xx_it.o
NMI_Handler                                       build/stm32f1xx_it.o
PVD_IRQHandler                                    build/startup_stm32f103xb.o
PendSV_Handler                                    build/stm32f1xx_it.o
RCC_IRQHandler                                    build/startup_stm32f103xb.o
RTC_Alarm_IRQHandler                              build/startup_stm32f103xb.o
RTC_IRQHandler                                    build/startup_stm32f103xb.o
Reset_Handler                                     build/startup_stm32f103xb.o
SPI1_IRQHandler                                   build/startup_stm32f103xb.o
SPI2_IRQHandler                                   build/startup_stm32f103xb.o
SVC_Handler                                       build/stm32f1xx_it.o
SysTick_Handler                                   build/stm32f1xx_it.o
SystemClock_Config                                build/main.o
SystemCoreClock                                   build/system_stm32f1xx.o
                                                  build/stm32f1xx_hal_rcc.o
                                                  build/stm32f1xx_hal.o
SystemCoreClockUpdate                             build/system_stm32f1xx.o
SystemInit                                        build/system_stm32f1xx.o
                                                  build/startup_stm32f103xb.o
TAMPER_IRQHandler                                 build/startup_stm32f103xb.o
TIM1_BRK_IRQHandler                               build/startup_stm32f103xb.o
TIM1_CC_IRQHandler                                build/startup_stm32f103xb.o
TIM1_TRG_COM_IRQHandler                           build/startup_stm32f103xb.o
TIM1_UP_IRQHandler                                build/startup_stm32f103xb.o
TIM2_IRQHandler                                   build/startup_stm32f103xb.o
TIM3_IRQHandler                                   build/startup_stm32f103xb.o
TIM4_IRQHandler                                   build/startup_stm32f103xb.o
UART_Start_Receive_DMA                            build/stm32f1xx_hal_uart.o
UART_Start_Receive_IT                             build/stm32f1xx_hal_uart.o
USART1_IRQHandler                                 build/startup_stm32f103xb.o
USART2_IRQHandler                                 build/startup_stm32f103xb.o
USART3_IRQHandler                                 build/startup_stm32f103xb.o
USBD_ClrClassConfig                               build/usbd_core.o
                                                  build/usbd_ctlreq.o
USBD_CtlContinueRx                                build/usbd_ioreq.o
                                                  build/usbd_core.o
USBD_CtlContinueSendData                          build/usbd_ioreq.o
                                                  build/usbd_core.o
USBD_CtlError                                     build/usbd_ctlreq.o
                                                  build/usbd_dfu.o
USBD_CtlPrepareRx                                 build/usbd_ioreq.o
                                                  build/usbd_dfu.o
USBD_CtlReceiveStatus                             build/usbd_ioreq.o
                                                  build/usbd_core.o
USBD_CtlSendData                                  build/usbd_ioreq.o
                                                  build/usbd_dfu.o
                                                  build/usbd_ctlreq.o
USBD_CtlSendStatus                                build/usbd_ioreq.o
                                                  build/usbd_ctlreq.o
                                                  build/usbd_core.o
USBD_DFU                                          build/usbd_dfu.o
                                                  build/usb_device.o
USBD_DFU_RegisterMedia                            build/usbd_dfu.o
                                                  build/usb_device.o
USBD_DFU_fops_FS                                  build/usbd_dfu_if.o
                                                  build/usb_device.o
USBD_DeInit                                       build/usbd_core.o
USBD_FS_ConfigStrDescriptor                       build/usbd_desc.o
USBD_FS_DeviceDesc                                build/usbd_desc.o
USBD_FS_DeviceDescriptor                          build/usbd_desc.o
USBD_FS_InterfaceStrDescriptor                    build/usbd_desc.o
USBD_FS_LangIDStrDescriptor                       build/usbd_desc.o
USBD_FS_ManufacturerStrDescriptor                 build/usbd_desc.o
USBD_FS_ProductStrDescriptor                      build/usbd_desc.o
USBD_FS_SerialStrDescriptor                       build/usbd_desc.o
USBD_GetRxCount                                   build/usbd_ioreq.o
USBD_GetString                                    build/usbd_ctlreq.o
                                                  build/usbd_dfu.o
                                                  build/usbd_desc.o
USBD_Init                                         build/usbd_core.o
                                                  build/usb_device.o
USBD_LL_ClearStallEP                              build/usbd_conf.o
                                                  build/usbd_ctlreq.o
USBD_LL_CloseEP                                   build/usbd_conf.o
USBD_LL_DataInStage                               build/usbd_core.o
                                                  build/usbd_conf.o
USBD_LL_DataOutStage                              build/usbd_core.o
                                                  build/usbd_conf.o
USBD_LL_DeInit                                    build/usbd_conf.o
                                                  build/usbd_core.o
USBD_LL_Delay                                     build/usbd_conf.o
USBD_LL_DevConnected                              build/usbd_core.o
                                                  build/usbd_conf.o
USBD_LL_DevDisconnected                           build/usbd_core.o
                                                  build/usbd_conf.o
USBD_LL_FlushEP                                   build/usbd_conf.o
USBD_LL_GetRxDataSize                             build/usbd_conf.o
                                                  build/usbd_ioreq.o
USBD_LL_Init                                      build/usbd_conf.o
                                                  build/usbd_core.o
USBD_LL_IsStallEP                                 build/usbd_conf.o
                                                  build/usbd_ctlreq.o
USBD_LL_IsoINIncomplete                           build/usbd_core.o
                                                  build/usbd_conf.o
USBD_LL_IsoOUTIncomplete                          build/usbd_core.o
                                                  build/usbd_conf.o
USBD_LL_OpenEP                                    build/usbd_conf.o
                                                  build/usbd_core.o
USBD_LL_PrepareReceive                            build/usbd_conf.o
                                                  build/usbd_ioreq.o
                                                  build/usbd_core.o
USBD_LL_Reset                                     build/usbd_core.o
                                                  build/usbd_conf.o
USBD_LL_Resume                                    build/usbd_core.o
                                                  build/usbd_conf.o
USBD_LL_SOF                                       build/usbd_core.o
                                                  build/usbd_conf.o
USBD_LL_SetSpeed                                  build/usbd_core.o
                                                  build/usbd_conf.o
USBD_LL_SetUSBAddress                             build/usbd_conf.o
                                                  build/usbd_ctlreq.o
USBD_LL_SetupStage                                build/usbd_core.o
                                                  build/usbd_conf.o
USBD_LL_StallEP                                   build/usbd_conf.o
                                                  build/usbd_ctlreq.o
                                                  build/usbd_core.o
USBD_LL_Start                                     build/usbd_conf.o
                                                  build/usbd_core.o
USBD_LL_Stop                                      build/usbd_conf.o
                                                  build/usbd_core.o
USBD_LL_Suspend                                   build/usbd_core.o
                                                  build/usbd_conf.o
USBD_LL_Transmit                                  build/usbd_conf.o
                                                  build/usbd_ioreq.o
USBD_LangIDDesc                                   build/usbd_desc.o
USBD_ParseSetupRequest                            build/usbd_ctlreq.o
                                                  build/usbd_core.o
USBD_RegisterClass                                build/usbd_core.o
                                                  build/usb_device.o
USBD_RunTestMode                                  build/usbd_core.o
USBD_SetClassConfig                               build/usbd_core.o
                                                  build/usbd_ctlreq.o
USBD_Start                                        build/usbd_core.o
                                                  build/usbd_dfu.o
                                                  build/usb_device.o
USBD_StdDevReq                                    build/usbd_ctlreq.o
                                                  build/usbd_core.o
USBD_StdEPReq                                     build/usbd_ctlreq.o
                                                  build/usbd_core.o
USBD_StdItfReq                                    build/usbd_ctlreq.o
                                                  build/usbd_core.o
USBD_Stop                                         build/usbd_core.o
                                                  build/usbd_dfu.o
USBD_StrDesc                                      build/usbd_desc.o
USBD_StringSerial                                 build/usbd_desc.o
USBD_static_free                                  build/usbd_conf.o
                                                  build/usbd_dfu.o
USBD_static_malloc                                build/usbd_conf.o
                                                  build/usbd_dfu.o
USBWakeUp_IRQHandler                              build/startup_stm32f103xb.o
USB_ActivateEndpoint                              build/stm32f1xx_ll_usb.o
                                                  build/stm32f1xx_hal_pcd.o
USB_ActivateRemoteWakeup                          build/stm32f1xx_ll_usb.o
                                                  build/stm32f1xx_hal_pcd.o
USB_ClearInterrupts                               build/stm32f1xx_ll_usb.o
USB_CoreInit                                      build/stm32f1xx_ll_usb.o
                                                  build/stm32f1xx_hal_pcd.o
USB_DeActivateRemoteWakeup                        build/stm32f1xx_ll_usb.o
                                                  build/stm32f1xx_hal_pcd.o
USB_DeactivateEndpoint                            build/stm32f1xx_ll_usb.o
                                                  build/stm32f1xx_hal_pcd.o
USB_DevConnect                                    build/stm32f1xx_ll_usb.o
                                                  build/stm32f1xx_hal_pcd.o
USB_DevDisconnect                                 build/stm32f1xx_ll_usb.o
                                                  build/stm32f1xx_hal_pcd.o
USB_DevInit                                       build/stm32f1xx_ll_usb.o
                                                  build/stm32f1xx_hal_pcd.o
USB_DisableGlobalInt                              build/stm32f1xx_ll_usb.o
                                                  build/stm32f1xx_hal_pcd.o
USB_EP0_OutStart                                  build/stm32f1xx_ll_usb.o
                                                  build/stm32f1xx_hal_pcd.o
USB_EPClearStall                                  build/stm32f1xx_ll_usb.o
                                                  build/stm32f1xx_hal_pcd.o
USB_EPSetStall                                    build/stm32f1xx_ll_usb.o
                                                  build/stm32f1xx_hal_pcd.o
USB_EPStartXfer                                   build/stm32f1xx_ll_usb.o
                                                  build/stm32f1xx_hal_pcd.o
USB_EPStopXfer                                    build/stm32f1xx_ll_usb.o
                                                  build/stm32f1xx_hal_pcd.o
USB_EnableGlobalInt                               build/stm32f1xx_ll_usb.o
                                                  build/stm32f1xx_hal_pcd.o
USB_FlushRxFifo                                   build/stm32f1xx_ll_usb.o
                                                  build/stm32f1xx_hal_pcd.o
USB_FlushTxFifo                                   build/stm32f1xx_ll_usb.o
                                                  build/stm32f1xx_hal_pcd.o
USB_HP_CAN1_TX_IRQHandler                         build/startup_stm32f103xb.o
USB_LP_CAN1_RX0_IRQHandler                        build/stm32f1xx_it.o
USB_ReadDevAllInEpInterrupt                       build/stm32f1xx_ll_usb.o
USB_ReadDevAllOutEpInterrupt                      build/stm32f1xx_ll_usb.o
USB_ReadDevInEPInterrupt                          build/stm32f1xx_ll_usb.o
USB_ReadDevOutEPInterrupt                         build/stm32f1xx_ll_usb.o
USB_ReadInterrupts                                build/stm32f1xx_ll_usb.o
                                                  build/stm32f1xx_hal_pcd.o
USB_ReadPMA                                       build/stm32f1xx_ll_usb.o
                                                  build/stm32f1xx_hal_pcd.o
USB_SetCurrentMode                                build/stm32f1xx_ll_usb.o
                                                  build/stm32f1xx_hal_pcd.o
USB_SetDevAddress                                 build/stm32f1xx_ll_usb.o
                                                  build/stm32f1xx_hal_pcd.o
USB_StopDevice                                    build/stm32f1xx_ll_usb.o
                                                  build/stm32f1xx_hal_pcd.o
USB_WritePMA                                      build/stm32f1xx_ll_usb.o
                                                  build/stm32f1xx_hal_pcd.o
UsageFault_Handler                                build/stm32f1xx_it.o
WWDG_IRQHandler                                   build/startup_stm32f103xb.o
_ITM_deregisterTMCloneTable                       /Applications/ArmGNUToolchain/12.2.rel1/arm-none-eabi/bin/../lib/gcc/arm-none-eabi/12.2.1/thumb/v7-m/nofp/crtbegin.o
_ITM_registerTMCloneTable                         /Applications/ArmGNUToolchain/12.2.rel1/arm-none-eabi/bin/../lib/gcc/arm-none-eabi/12.2.1/thumb/v7-m/nofp/crtbegin.o
__TMC_END__                                       /Applications/ArmGNUToolchain/12.2.rel1/arm-none-eabi/bin/../lib/gcc/arm-none-eabi/12.2.1/thumb/v7-m/nofp/crtend.o
                                                  /Applications/ArmGNUToolchain/12.2.rel1/arm-none-eabi/bin/../lib/gcc/arm-none-eabi/12.2.1/thumb/v7-m/nofp/crtbegin.o
__bss_end__                                       /Applications/ArmGNUToolchain/12.2.rel1/arm-none-eabi/bin/../lib/gcc/arm-none-eabi/12.2.1/../../../../arm-none-eabi/lib/thumb/v7-m/nofp/crt0.o
__bss_start__                                     /Applications/ArmGNUToolchain/12.2.rel1/arm-none-eabi/bin/../lib/gcc/arm-none-eabi/12.2.1/../../../../arm-none-eabi/lib/thumb/v7-m/nofp/crt0.o
__call_exitprocs                                  /Applications/ArmGNUToolchain/12.2.rel1/arm-none-eabi/bin/../lib/gcc/arm-none-eabi/12.2.1/../../../../arm-none-eabi/lib/thumb/v7-m/nofp/libc_nano.a(libc_a-exit.o)
__deregister_frame_info                           /Applications/ArmGNUToolchain/12.2.rel1/arm-none-eabi/bin/../lib/gcc/arm-none-eabi/12.2.1/thumb/v7-m/nofp/crtbegin.o
__dso_handle                                      /Applications/ArmGNUToolchain/12.2.rel1/arm-none-eabi/bin/../lib/gcc/arm-none-eabi/12.2.1/thumb/v7-m/nofp/crtbegin.o
__fp_lock_all                                     /Applications/ArmGNUToolchain/12.2.rel1/arm-none-eabi/bin/../lib/gcc/arm-none-eabi/12.2.1/../../../../arm-none-eabi/lib/thumb/v7-m/nofp/libc_nano.a(libc_a-findfp.o)
__fp_unlock_all                                   /Applications/ArmGNUToolchain/12.2.rel1/arm-none-eabi/bin/../lib/gcc/arm-none-eabi/12.2.1/../../../../arm-none-eabi/lib/thumb/v7-m/nofp/libc_nano.a(libc_a-findfp.o)
__init_array_end                                  /Applications/ArmGNUToolchain/12.2.rel1/arm-none-eabi/bin/../lib/gcc/arm-none-eabi/12.2.1/../../../../arm-none-eabi/lib/thumb/v7-m/nofp/libc_nano.a(libc_a-init.o)
__init_array_start                                /Applications/ArmGNUToolchain/12.2.rel1/arm-none-eabi/bin/../lib/gcc/arm-none-eabi/12.2.1/../../../../arm-none-eabi/lib/thumb/v7-m/nofp/libc_nano.a(libc_a-init.o)
__libc_fini_array                                 /Applications/ArmGNUToolchain/12.2.rel1/arm-none-eabi/bin/../lib/gcc/arm-none-eabi/12.2.1/../../../../arm-none-eabi/lib/thumb/v7-m/nofp/crt0.o
__libc_init_array                                 /Applications/ArmGNUToolchain/12.2.rel1/arm-none-eabi/bin/../lib/gcc/arm-none-eabi/12.2.1/../../../../arm-none-eabi/lib/thumb/v7-m/nofp/libc_nano.a(libc_a-init.o)
                                                  build/startup_stm32f103xb.o
                                                  /Applications/ArmGNUToolchain/12.2.rel1/arm-none-eabi/bin/../lib/gcc/arm-none-eabi/12.2.1/../../../../arm-none-eabi/lib/thumb/v7-m/nofp/crt0.o
__lock___arc4random_mutex                         /Applications/ArmGNUToolchain/12.2.rel1/arm-none-eabi/bin/../lib/gcc/arm-none-eabi/12.2.1/../../../../arm-none-eabi/lib/thumb/v7-m/nofp/libc_nano.a(libc_a-lock.o)
__lock___at_quick_exit_mutex                      /Applications/ArmGNUToolchain/12.2.rel1/arm-none-eabi/bin/../lib/gcc/arm-none-eabi/12.2.1/../../../../arm-none-eabi/lib/thumb/v7-m/nofp/libc_nano.a(libc_a-lock.o)
__lock___atexit_recursive_mutex                   /Applications/ArmGNUToolchain/12.2.rel1/arm-none-eabi/bin/../lib/gcc/arm-none-eabi/12.2.1/../../../../arm-none-eabi/lib/thumb/v7-m/nofp/libc_nano.a(libc_a-lock.o)
__lock___dd_hash_mutex                            /Applications/ArmGNUToolchain/12.2.rel1/arm-none-eabi/bin/../lib/gcc/arm-none-eabi/12.2.1/../../../../arm-none-eabi/lib/thumb/v7-m/nofp/libc_nano.a(libc_a-lock.o)
__lock___env_recursive_mutex                      /Applications/ArmGNUToolchain/12.2.rel1/arm-none-eabi/bin/../lib/gcc/arm-none-eabi/12.2.1/../../../../arm-none-eabi/lib/thumb/v7-m/nofp/libc_nano.a(libc_a-lock.o)
__lock___malloc_recursive_mutex                   /Applications/ArmGNUToolchain/12.2.rel1/arm-none-eabi/bin/../lib/gcc/arm-none-eabi/12.2.1/../../../../arm-none-eabi/lib/thumb/v7-m/nofp/libc_nano.a(libc_a-lock.o)
                                                  /Applications/ArmGNUToolchain/12.2.rel1/arm-none-eabi/bin/../lib/gcc/arm-none-eabi/12.2.1/../../../../arm-none-eabi/lib/thumb/v7-m/nofp/libc_nano.a(libc_a-mlock.o)
__lock___sfp_recursive_mutex                      /Applications/ArmGNUToolchain/12.2.rel1/arm-none-eabi/bin/../lib/gcc/arm-none-eabi/12.2.1/../../../../arm-none-eabi/lib/thumb/v7-m/nofp/libc_nano.a(libc_a-lock.o)
                                                  /Applications/ArmGNUToolchain/12.2.rel1/arm-none-eabi/bin/../lib/gcc/arm-none-eabi/12.2.1/../../../../arm-none-eabi/lib/thumb/v7-m/nofp/libc_nano.a(libc_a-findfp.o)
__lock___tz_mutex                                 /Applications/ArmGNUToolchain/12.2.rel1/arm-none-eabi/bin/../lib/gcc/arm-none-eabi/12.2.1/../../../../arm-none-eabi/lib/thumb/v7-m/nofp/libc_nano.a(libc_a-lock.o)
__malloc_free_list                                /Applications/ArmGNUToolchain/12.2.rel1/arm-none-eabi/bin/../lib/gcc/arm-none-eabi/12.2.1/../../../../arm-none-eabi/lib/thumb/v7-m/nofp/libc_nano.a(libc_a-mallocr.o)
                                                  /Applications/ArmGNUToolchain/12.2.rel1/arm-none-eabi/bin/../lib/gcc/arm-none-eabi/12.2.1/../../../../arm-none-eabi/lib/thumb/v7-m/nofp/libc_nano.a(libc_a-freer.o)
__malloc_lock                                     /Applications/ArmGNUToolchain/12.2.rel1/arm-none-eabi/bin/../lib/gcc/arm-none-eabi/12.2.1/../../../../arm-none-eabi/lib/thumb/v7-m/nofp/libc_nano.a(libc_a-mlock.o)
                                                  /Applications/ArmGNUToolchain/12.2.rel1/arm-none-eabi/bin/../lib/gcc/arm-none-eabi/12.2.1/../../../../arm-none-eabi/lib/thumb/v7-m/nofp/libc_nano.a(libc_a-freer.o)
                                                  /Applications/ArmGNUToolchain/12.2.rel1/arm-none-eabi/bin/../lib/gcc/arm-none-eabi/12.2.1/../../../../arm-none-eabi/lib/thumb/v7-m/nofp/libc_nano.a(libc_a-mallocr.o)
__malloc_sbrk_start                               /Applications/ArmGNUToolchain/12.2.rel1/arm-none-eabi/bin/../lib/gcc/arm-none-eabi/12.2.1/../../../../arm-none-eabi/lib/thumb/v7-m/nofp/libc_nano.a(libc_a-mallocr.o)
__malloc_unlock                                   /Applications/ArmGNUToolchain/12.2.rel1/arm-none-eabi/bin/../lib/gcc/arm-none-eabi/12.2.1/../../../../arm-none-eabi/lib/thumb/v7-m/nofp/libc_nano.a(libc_a-mlock.o)
                                                  /Applications/ArmGNUToolchain/12.2.rel1/arm-none-eabi/bin/../lib/gcc/arm-none-eabi/12.2.1/../../../../arm-none-eabi/lib/thumb/v7-m/nofp/libc_nano.a(libc_a-freer.o)
                                                  /Applications/ArmGNUToolchain/12.2.rel1/arm-none-eabi/bin/../lib/gcc/arm-none-eabi/12.2.1/../../../../arm-none-eabi/lib/thumb/v7-m/nofp/libc_nano.a(libc_a-mallocr.o)
__preinit_array_end                               /Applications/ArmGNUToolchain/12.2.rel1/arm-none-eabi/bin/../lib/gcc/arm-none-eabi/12.2.1/../../../../arm-none-eabi/lib/thumb/v7-m/nofp/libc_nano.a(libc_a-init.o)
__preinit_array_start                             /Applications/ArmGNUToolchain/12.2.rel1/arm-none-eabi/bin/../lib/gcc/arm-none-eabi/12.2.1/../../../../arm-none-eabi/lib/thumb/v7-m/nofp/libc_nano.a(libc_a-init.o)
__register_frame_info                             /Applications/ArmGNUToolchain/12.2.rel1/arm-none-eabi/bin/../lib/gcc/arm-none-eabi/12.2.1/thumb/v7-m/nofp/crtbegin.o